Warning: You are sending unauthenticated requests to the HF Hub. Please set a HF_TOKEN to enable higher rate limits and faster downloads.
Generating train split:   0%|          | 0/50000 [00:00<?, ? examples/s]Generating train split:  24%|██▍       | 12000/50000 [00:00<00:00, 93735.32 examples/s]Generating train split:  51%|█████     | 25600/50000 [00:00<00:00, 81326.05 examples/s]Generating train split: 100%|██████████| 50000/50000 [00:00<00:00, 135797.01 examples/s]Generating train split: 100%|██████████| 50000/50000 [00:00<00:00, 121083.03 examples/s]
Generating test split:   0%|          | 0/10000 [00:00<?, ? examples/s]Generating test split: 100%|██████████| 10000/10000 [00:00<00:00, 251951.01 examples/s]
[W909 15:49:08.189292678 Utils.hpp:166] Warning: Environment variable NCCL_BLOCKING_WAIT is deprecated; use TORCH_NCCL_BLOCKING_WAIT instead (function operator())
[W909 15:49:08.189315579 Utils.hpp:137] Warning: Environment variable NCCL_ASYNC_ERROR_HANDLING is deprecated; use TORCH_NCCL_ASYNC_ERROR_HANDLING instead (function operator())
[rank0]:[W909 15:49:11.054908556 ProcessGroupNCCL.cpp:4215] Warning: An unbatched P2P op (send/recv) was called on this ProcessGroup with size 8.  In lazy initialization mode, this will result in a new 2-rank NCCL communicator to be created. (function operator())
ip-10-241-2-76:57:57 [0] NCCL INFO ENV/Plugin: Could not find: libnccl-env.so
ip-10-241-2-76:57:57 [0] NCCL INFO NCCL_SOCKET_IFNAME set to ens5
ip-10-241-2-76:57:57 [0] NCCL INFO cudaDriverVersion 13020
ip-10-241-2-76:57:57 [0] NCCL INFO NCCL version 2.29.7+cuda13.2
ip-10-241-2-76:57:57 [0] NCCL INFO NCCL git version stable b81d6a5a3
ip-10-241-2-76:57:57 [0] NCCL INFO NET/Plugin: Could not find: libnccl-net.so
ip-10-241-2-76:57:57 [0] NCCL INFO transport/net_ib/init.cc:396 -> 3
ip-10-241-2-76:57:57 [0] NCCL INFO Failed to initialize NET plugin IB
ip-10-241-2-76:57:57 [0] NCCL INFO NET/Socket : Using [0]ens5:10.241.2.76<0>
ip-10-241-2-76:57:57 [0] NCCL INFO Initialized NET plugin Socket
ip-10-241-2-76:57:57 [0] NCCL INFO Could not get speed from /sys/class/net/ens5/speed. Defaulting to 10 Gbps.
ip-10-241-2-76:57:57 [0] NCCL INFO Assigned NET plugin Socket to comm
ip-10-241-2-76:57:57 [0] NCCL INFO GIN/Plugin: Could not find: libnccl-gin.so

[2026-09-09 15:49:12] ip-10-241-2-76:57:57 [0] misc/ibvwrap.cc:173 NCCL WARN lib wrapper not initialized.
ip-10-241-2-76:57:57 [0] NCCL INFO transport/net_ib/gdr.cc:56 -> 3
ip-10-241-2-76:57:57 [0] NCCL INFO Unable to use GIN: Peermem is not supported, nor DMA-BUF.
ip-10-241-2-76:57:57 [0] NCCL INFO Unable to use GIN: Peermem is not supported, nor DMA-BUF.
ip-10-241-2-76:57:57 [0] NCCL INFO Failed to initialize any GIN plugin
ip-10-241-2-76:57:57 [0] NCCL INFO Using network Socket
ip-10-241-2-76:57:57 [0] NCCL INFO [Rank 0] ncclCommInitRankConfig comm 0x63980556ded0 rank 0 nranks 2 cudaDev 0 nvmlDev 0 busId 1e0 commId 0x21c4e7d01c66b0cf - Init START
ip-10-241-2-76:57:57 [0] NCCL INFO RAS client listening socket at 127.0.0.1<28028>
ip-10-241-2-76:57:57 [0] NCCL INFO Topology detection : could not read /sys/devices/pci0000:00/0000:00:1e.0/../max_link_speed, ignoring
ip-10-241-2-76:57:57 [0] NCCL INFO Topology detection : could not read /sys/devices/pci0000:00/0000:00:1e.0/../max_link_width, ignoring
ip-10-241-2-76:57:57 [0] NCCL INFO Topology detection : could not read /sys/devices/system/node/node-1/cpumap, ignoring
ip-10-241-2-76:57:57 [0] NCCL INFO TOPO/NET : Importing network plugins to topology
ip-10-241-2-76:57:57 [0] NCCL INFO Could not get speed from /sys/class/net/ens5/speed. Defaulting to 10 Gbps.
ip-10-241-2-76:57:57 [0] NCCL INFO Topology detection : could not read /sys/devices/pci0000:00/0000:00:05.0/../max_link_speed, ignoring
ip-10-241-2-76:57:57 [0] NCCL INFO Topology detection : could not read /sys/devices/pci0000:00/0000:00:05.0/../max_link_width, ignoring
ip-10-241-2-76:57:57 [0] NCCL INFO Topology detection : could not read /sys/devices/system/node/node-1/cpumap, ignoring
ip-10-241-2-76:57:57 [0] NCCL INFO NET/Socket : GPU Direct RDMA Disabled for HCA 0 'ens5'
ip-10-241-2-76:57:57 [0] NCCL INFO ncclTopoPopulateNics : Filled ens5 in topo with pciPath=/sys/devices/pci0000:00/0000:00:05.0 net=1 gin=(null) keep=1 coll=(null)
ip-10-241-2-76:57:57 [0] NCCL INFO KV Convert to int : could not find value of 'Unknown' in dictionary, falling back to 60
ip-10-241-2-76:57:57 [0] NCCL INFO === System : maxBw 1.2 totalBw 24.0 ===
ip-10-241-2-76:57:57 [0] NCCL INFO CPU/0-ffffffffffffff (1/2/-1)
ip-10-241-2-76:57:57 [0] NCCL INFO + PCI[24.0] - GPU/0-1e0 (0)
ip-10-241-2-76:57:57 [0] NCCL INFO + PCI[12.0] - NIC/0-50
ip-10-241-2-76:57:57 [0] NCCL INFO               + NET[1.2] - NET/0-0 (0/0/0/1.250000)
ip-10-241-2-76:57:57 [0] NCCL INFO ==========================================
ip-10-241-2-76:57:57 [0] NCCL INFO GPU/0-1e0 :GPU/0-1e0 (0/5000.0/LOC) CPU/0-ffffffffffffff (1/24.0/PHB) NET/0-0 (3/1.2/PHB) 
ip-10-241-2-76:57:57 [0] NCCL INFO NET/0-0 :GPU/0-1e0 (3/1.2/PHB) CPU/0-ffffffffffffff (2/1.2/PHB) NET/0-0 (0/5000.0/LOC) 
ip-10-241-2-76:57:57 [0] NCCL INFO ncclTopoGetCpuAffinity: Affinity for GPU 0 is empty, ignoring. (GPU affinity =  ; CPU affinity = 0-3).
ip-10-241-2-76:57:57 [0] NCCL INFO Pattern 4, crossNic 0, nChannels 1, bw 1.200000/1.200000, type LOC/PHB, sameChannels 1
ip-10-241-2-76:57:57 [0] NCCL INFO  0 : NET/0-0 GPU/0-1e0 NET/0-0
ip-10-241-2-76:57:57 [0] NCCL INFO Pattern 3, crossNic 0, nChannels 1, bw 2.400000/1.200000, type LOC/PHB, sameChannels 1
ip-10-241-2-76:57:57 [0] NCCL INFO  0 : NET/0-0 GPU/0-1e0 NET/0-0
ip-10-241-2-76:57:57 [0] NCCL INFO Could not get speed from /sys/class/net/ens5/speed. Defaulting to 10 Gbps.
ip-10-241-2-76:57:57 [0] NCCL INFO comm 0x63980556ded0 rank 0 nRanks 2 nNodes 2 localRanks 1 localRank 0 MNNVL 0
ip-10-241-2-76:57:57 [0] NCCL INFO Tree 0 : -1 -> 0 -> 1/-1/-1
ip-10-241-2-76:57:57 [0] NCCL INFO Tree 1 : 1 -> 0 -> -1/-1/-1
ip-10-241-2-76:57:57 [0] NCCL INFO Channel 00/02 : 0 1
ip-10-241-2-76:57:57 [0] NCCL INFO Channel 01/02 : 0 1
ip-10-241-2-76:57:57 [0] NCCL INFO Ring 00 : 1 -> 0 -> 1
ip-10-241-2-76:57:57 [0] NCCL INFO Ring 01 : 1 -> 0 -> 1
ip-10-241-2-76:57:57 [0] NCCL INFO Trees [0] 1/-1/-1->0->-1 [1] -1/-1/-1->0->1
ip-10-241-2-76:57:57 [0] NCCL INFO P2P Chunksize set to 131072
ip-10-241-2-76:57:57 [0] NCCL INFO PROFILER/Plugin: Could not find: libnccl-profiler.so
ip-10-241-2-76:57:57 [0] NCCL INFO Check P2P Type isAllDirectP2p 1 directMode 0 isAllCudaP2p 1
ip-10-241-2-76:57:57 [0] NCCL INFO ncclP2pSchedule: group size used is 1
ip-10-241-2-76:57:99 [0] NCCL INFO [Proxy Service UDS] Device 0 CPU core 1
ip-10-241-2-76:57:98 [0] NCCL INFO [Proxy Service] Device 0 CPU core 1
ip-10-241-2-76:57:57 [0] NCCL INFO TUNER/Plugin: Could not find: libnccl-tuner.so
ip-10-241-2-76:57:57 [0] NCCL INFO threadThresholds 8/8/64 | 16/8/64 | 512 | 512
ip-10-241-2-76:57:57 [0] NCCL INFO 2 coll channels, 2 collnet channels, 0 nvls channels, 2 p2p channels, 1 p2p channels per peer
ip-10-241-2-76:57:57 [0] NCCL INFO Symmetric VA size=24GB
ip-10-241-2-76:57:57 [0] NCCL INFO Symmetric memory is not supported. cuMemEnable 1, globalGinSupport 0, globalNicFused 0 cuMemGdrSupport 1
ip-10-241-2-76:57:57 [0] NCCL INFO CC Off, workFifoBytes 1048576
ip-10-241-2-76:57:57 [0] NCCL INFO ncclCommInitRankConfig comm 0x63980556ded0 rank 0 nranks 2 cudaDev 0 nvmlDev 0 busId 1e0 commId 0x21c4e7d01c66b0cf - Init COMPLETE
ip-10-241-2-76:57:57 [0] NCCL INFO Init timings - ncclCommInitRankConfig: rank 0 nranks 2 total 6.41 (kernels 0.17, alloc 0.02, bootstrap 6.11, allgathers 0.11, topo 0.00, graphs 0.00, connections 0.00, rest 0.00)
ip-10-241-2-76:57:98 [0] NCCL INFO New proxy send connection 0 from local rank 0, transport 2
ip-10-241-2-76:57:100 [0] NCCL INFO [Proxy Progress] Device 0 CPU core 2
ip-10-241-2-76:57:57 [0] NCCL INFO Connected to proxy localRank 0 -> connection 0x7d0574004f70
ip-10-241-2-76:57:98 [0] NCCL INFO Could not get speed from /sys/class/net/ens5/speed. Defaulting to 10 Gbps.
ip-10-241-2-76:57:57 [0] NCCL INFO Channel 01/1 : 0[0] -> 1[0] [send] via NET/Socket/0/Shared
[rank0]:[W909 15:49:21.042092079 ProcessGroupNCCL.cpp:4215] Warning: An unbatched P2P op (send/recv) was called on this ProcessGroup with size 8.  In lazy initialization mode, this will result in a new 2-rank NCCL communicator to be created. (function operator())
ip-10-241-2-76:57:98 [0] NCCL INFO New proxy recv connection 1 from local rank 0, transport 2
ip-10-241-2-76:57:57 [0] NCCL INFO Connected to proxy localRank 0 -> connection 0x7d0574004ff8
ip-10-241-2-76:57:98 [0] NCCL INFO Could not get speed from /sys/class/net/ens5/speed. Defaulting to 10 Gbps.
ip-10-241-2-76:57:98 [0] NCCL INFO NET/Socket: Using 2 threads and 8 sockets per thread
ip-10-241-2-76:57:57 [0] NCCL INFO Channel 01/1 : 1[0] -> 0[0] [receive] via NET/Socket/0/Shared
/workspace/dromeus/.venv/lib/python3.12/site-packages/torch/distributed/c10d_logger.py:83: UserWarning: barrier(): using the device under current context. You can specify `device_id` in `init_process_group` to mute this warning.
  return func(*args, **kwargs)
ip-10-241-2-76:57:57 [0] NCCL INFO Initialized NET plugin Socket
ip-10-241-2-76:57:57 [0] NCCL INFO Could not get speed from /sys/class/net/ens5/speed. Defaulting to 10 Gbps.
ip-10-241-2-76:57:57 [0] NCCL INFO Assigned NET plugin Socket to comm
ip-10-241-2-76:57:57 [0] NCCL INFO Failed to initialize any GIN plugin
ip-10-241-2-76:57:57 [0] NCCL INFO Using network Socket
ip-10-241-2-76:57:57 [0] NCCL INFO [Rank 0] ncclCommInitRankConfig comm 0x6398096e2fd0 rank 0 nranks 8 cudaDev 0 nvmlDev 0 busId 1e0 commId 0xa3a5c09084f8663a - Init START
ip-10-241-2-76:57:57 [0] NCCL INFO Topology detection : could not read /sys/devices/pci0000:00/0000:00:1e.0/../max_link_speed, ignoring
ip-10-241-2-76:57:57 [0] NCCL INFO Topology detection : could not read /sys/devices/pci0000:00/0000:00:1e.0/../max_link_width, ignoring
ip-10-241-2-76:57:57 [0] NCCL INFO Topology detection : could not read /sys/devices/system/node/node-1/cpumap, ignoring
ip-10-241-2-76:57:57 [0] NCCL INFO TOPO/NET : Importing network plugins to topology
ip-10-241-2-76:57:57 [0] NCCL INFO Could not get speed from /sys/class/net/ens5/speed. Defaulting to 10 Gbps.
ip-10-241-2-76:57:57 [0] NCCL INFO Topology detection : could not read /sys/devices/pci0000:00/0000:00:05.0/../max_link_speed, ignoring
ip-10-241-2-76:57:57 [0] NCCL INFO Topology detection : could not read /sys/devices/pci0000:00/0000:00:05.0/../max_link_width, ignoring
ip-10-241-2-76:57:57 [0] NCCL INFO Topology detection : could not read /sys/devices/system/node/node-1/cpumap, ignoring
ip-10-241-2-76:57:57 [0] NCCL INFO NET/Socket : GPU Direct RDMA Disabled for HCA 0 'ens5'
ip-10-241-2-76:57:57 [0] NCCL INFO ncclTopoPopulateNics : Filled ens5 in topo with pciPath=/sys/devices/pci0000:00/0000:00:05.0 net=1 gin=(null) keep=1 coll=(null)
ip-10-241-2-76:57:57 [0] NCCL INFO KV Convert to int : could not find value of 'Unknown' in dictionary, falling back to 60
ip-10-241-2-76:57:57 [0] NCCL INFO === System : maxBw 1.2 totalBw 24.0 ===
ip-10-241-2-76:57:57 [0] NCCL INFO CPU/0-ffffffffffffff (1/2/-1)
ip-10-241-2-76:57:57 [0] NCCL INFO + PCI[24.0] - GPU/0-1e0 (0)
ip-10-241-2-76:57:57 [0] NCCL INFO + PCI[12.0] - NIC/0-50
ip-10-241-2-76:57:57 [0] NCCL INFO               + NET[1.2] - NET/0-0 (0/0/0/1.250000)
ip-10-241-2-76:57:57 [0] NCCL INFO ==========================================
ip-10-241-2-76:57:57 [0] NCCL INFO GPU/0-1e0 :GPU/0-1e0 (0/5000.0/LOC) CPU/0-ffffffffffffff (1/24.0/PHB) NET/0-0 (3/1.2/PHB) 
ip-10-241-2-76:57:57 [0] NCCL INFO NET/0-0 :GPU/0-1e0 (3/1.2/PHB) CPU/0-ffffffffffffff (2/1.2/PHB) NET/0-0 (0/5000.0/LOC) 
ip-10-241-2-76:57:57 [0] NCCL INFO ncclTopoGetCpuAffinity: Affinity for GPU 0 is empty, ignoring. (GPU affinity =  ; CPU affinity = 0-3).
ip-10-241-2-76:57:57 [0] NCCL INFO Pattern 4, crossNic 0, nChannels 1, bw 1.200000/1.200000, type LOC/PHB, sameChannels 1
ip-10-241-2-76:57:57 [0] NCCL INFO  0 : NET/0-0 GPU/0-1e0 NET/0-0
ip-10-241-2-76:57:57 [0] NCCL INFO Pattern 3, crossNic 0, nChannels 1, bw 2.400000/1.200000, type LOC/PHB, sameChannels 1
ip-10-241-2-76:57:57 [0] NCCL INFO  0 : NET/0-0 GPU/0-1e0 NET/0-0
ip-10-241-2-76:57:57 [0] NCCL INFO Could not get speed from /sys/class/net/ens5/speed. Defaulting to 10 Gbps.
ip-10-241-2-76:57:57 [0] NCCL INFO comm 0x6398096e2fd0 rank 0 nRanks 8 nNodes 8 localRanks 1 localRank 0 MNNVL 0
ip-10-241-2-76:57:57 [0] NCCL INFO Tree 0 : -1 -> 0 -> 4/-1/-1
ip-10-241-2-76:57:57 [0] NCCL INFO Tree 1 : 1 -> 0 -> -1/-1/-1
ip-10-241-2-76:57:57 [0] NCCL INFO Channel 00/02 : 0 1 2 3 4 5 6 7
ip-10-241-2-76:57:57 [0] NCCL INFO Channel 01/02 : 0 1 2 3 4 5 6 7
ip-10-241-2-76:57:57 [0] NCCL INFO Ring 00 : 7 -> 0 -> 1
ip-10-241-2-76:57:57 [0] NCCL INFO Ring 01 : 7 -> 0 -> 1
ip-10-241-2-76:57:57 [0] NCCL INFO Trees [0] 4/-1/-1->0->-1 [1] -1/-1/-1->0->1
ip-10-241-2-76:57:57 [0] NCCL INFO P2P Chunksize set to 131072
ip-10-241-2-76:57:57 [0] NCCL INFO Check P2P Type isAllDirectP2p 1 directMode 0 isAllCudaP2p 1
ip-10-241-2-76:57:106 [0] NCCL INFO [Proxy Service] Device 0 CPU core 0
ip-10-241-2-76:57:57 [0] NCCL INFO ncclP2pSchedule: group size used is 1
ip-10-241-2-76:57:107 [0] NCCL INFO [Proxy Service UDS] Device 0 CPU core 3
ip-10-241-2-76:57:57 [0] NCCL INFO threadThresholds 8/8/64 | 64/8/64 | 512 | 512
ip-10-241-2-76:57:57 [0] NCCL INFO 2 coll channels, 2 collnet channels, 0 nvls channels, 2 p2p channels, 1 p2p channels per peer
ip-10-241-2-76:57:57 [0] NCCL INFO Symmetric VA size=24GB
ip-10-241-2-76:57:57 [0] NCCL INFO Symmetric memory is not supported. cuMemEnable 1, globalGinSupport 0, globalNicFused 0 cuMemGdrSupport 1
ip-10-241-2-76:57:57 [0] NCCL INFO CC Off, workFifoBytes 1048576
ip-10-241-2-76:57:57 [0] NCCL INFO ncclCommInitRankConfig comm 0x6398096e2fd0 rank 0 nranks 8 cudaDev 0 nvmlDev 0 busId 1e0 commId 0xa3a5c09084f8663a - Init COMPLETE
ip-10-241-2-76:57:57 [0] NCCL INFO Init timings - ncclCommInitRankConfig: rank 0 nranks 8 total 14.64 (kernels 0.00, alloc 0.00, bootstrap 13.89, allgathers 0.74, topo 0.00, graphs 0.00, connections 0.00, rest 0.00)
ip-10-241-2-76:57:106 [0] NCCL INFO New proxy send connection 0 from local rank 0, transport 2
ip-10-241-2-76:57:108 [0] NCCL INFO [Proxy Progress] Device 0 CPU core 2
ip-10-241-2-76:57:57 [0] NCCL INFO Connected to proxy localRank 0 -> connection 0x7d0548004f70
ip-10-241-2-76:57:106 [0] NCCL INFO Could not get speed from /sys/class/net/ens5/speed. Defaulting to 10 Gbps.
ip-10-241-2-76:57:57 [0] NCCL INFO Channel 01/0 : 0[0] -> 1[0] [send] via NET/Socket/0
ip-10-241-2-76:57:106 [0] NCCL INFO New proxy recv connection 1 from local rank 0, transport 2
ip-10-241-2-76:57:57 [0] NCCL INFO Connected to proxy localRank 0 -> connection 0x7d0548004ff8
ip-10-241-2-76:57:106 [0] NCCL INFO Could not get speed from /sys/class/net/ens5/speed. Defaulting to 10 Gbps.
ip-10-241-2-76:57:106 [0] NCCL INFO NET/Socket: Using 2 threads and 8 sockets per thread
ip-10-241-2-76:57:57 [0] NCCL INFO Channel 00/0 : 4[0] -> 0[0] [receive] via NET/Socket/0
ip-10-241-2-76:57:106 [0] NCCL INFO New proxy send connection 2 from local rank 0, transport 2
ip-10-241-2-76:57:57 [0] NCCL INFO Connected to proxy localRank 0 -> connection 0x7d0548005080
ip-10-241-2-76:57:106 [0] NCCL INFO Could not get speed from /sys/class/net/ens5/speed. Defaulting to 10 Gbps.
ip-10-241-2-76:57:57 [0] NCCL INFO Channel 00/0 : 0[0] -> 4[0] [send] via NET/Socket/0
ip-10-241-2-76:57:106 [0] NCCL INFO New proxy recv connection 3 from local rank 0, transport 2
ip-10-241-2-76:57:57 [0] NCCL INFO Connected to proxy localRank 0 -> connection 0x7d0548005108
ip-10-241-2-76:57:106 [0] NCCL INFO Could not get speed from /sys/class/net/ens5/speed. Defaulting to 10 Gbps.
ip-10-241-2-76:57:106 [0] NCCL INFO NET/Socket: Using 2 threads and 8 sockets per thread
ip-10-241-2-76:57:57 [0] NCCL INFO Channel 01/0 : 1[0] -> 0[0] [receive] via NET/Socket/0
ip-10-241-2-76:57:57 [0] NCCL INFO Connected all trees
ip-10-241-2-76:57:57 [0] NCCL INFO Initialized NET plugin Socket
ip-10-241-2-76:57:57 [0] NCCL INFO Could not get speed from /sys/class/net/ens5/speed. Defaulting to 10 Gbps.
ip-10-241-2-76:57:57 [0] NCCL INFO Assigned NET plugin Socket to comm
ip-10-241-2-76:57:57 [0] NCCL INFO Failed to initialize any GIN plugin
ip-10-241-2-76:57:57 [0] NCCL INFO Using network Socket
ip-10-241-2-76:57:57 [0] NCCL INFO [Rank 0] ncclCommInitRankConfig comm 0x639809bf4490 rank 0 nranks 2 cudaDev 0 nvmlDev 0 busId 1e0 commId 0xfc36d57b74323749 - Init START
ip-10-241-2-76:57:57 [0] NCCL INFO Topology detection : could not read /sys/devices/pci0000:00/0000:00:1e.0/../max_link_speed, ignoring
ip-10-241-2-76:57:57 [0] NCCL INFO Topology detection : could not read /sys/devices/pci0000:00/0000:00:1e.0/../max_link_width, ignoring
ip-10-241-2-76:57:57 [0] NCCL INFO Topology detection : could not read /sys/devices/system/node/node-1/cpumap, ignoring
ip-10-241-2-76:57:57 [0] NCCL INFO TOPO/NET : Importing network plugins to topology
ip-10-241-2-76:57:57 [0] NCCL INFO Could not get speed from /sys/class/net/ens5/speed. Defaulting to 10 Gbps.
ip-10-241-2-76:57:57 [0] NCCL INFO Topology detection : could not read /sys/devices/pci0000:00/0000:00:05.0/../max_link_speed, ignoring
ip-10-241-2-76:57:57 [0] NCCL INFO Topology detection : could not read /sys/devices/pci0000:00/0000:00:05.0/../max_link_width, ignoring
ip-10-241-2-76:57:57 [0] NCCL INFO Topology detection : could not read /sys/devices/system/node/node-1/cpumap, ignoring
ip-10-241-2-76:57:57 [0] NCCL INFO NET/Socket : GPU Direct RDMA Disabled for HCA 0 'ens5'
ip-10-241-2-76:57:57 [0] NCCL INFO ncclTopoPopulateNics : Filled ens5 in topo with pciPath=/sys/devices/pci0000:00/0000:00:05.0 net=1 gin=(null) keep=1 coll=(null)
ip-10-241-2-76:57:57 [0] NCCL INFO KV Convert to int : could not find value of 'Unknown' in dictionary, falling back to 60
ip-10-241-2-76:57:57 [0] NCCL INFO === System : maxBw 1.2 totalBw 24.0 ===
ip-10-241-2-76:57:57 [0] NCCL INFO CPU/0-ffffffffffffff (1/2/-1)
ip-10-241-2-76:57:57 [0] NCCL INFO + PCI[24.0] - GPU/0-1e0 (0)
ip-10-241-2-76:57:57 [0] NCCL INFO + PCI[12.0] - NIC/0-50
ip-10-241-2-76:57:57 [0] NCCL INFO               + NET[1.2] - NET/0-0 (0/0/0/1.250000)
ip-10-241-2-76:57:57 [0] NCCL INFO ==========================================
ip-10-241-2-76:57:57 [0] NCCL INFO GPU/0-1e0 :GPU/0-1e0 (0/5000.0/LOC) CPU/0-ffffffffffffff (1/24.0/PHB) NET/0-0 (3/1.2/PHB) 
ip-10-241-2-76:57:57 [0] NCCL INFO NET/0-0 :GPU/0-1e0 (3/1.2/PHB) CPU/0-ffffffffffffff (2/1.2/PHB) NET/0-0 (0/5000.0/LOC) 
ip-10-241-2-76:57:57 [0] NCCL INFO ncclTopoGetCpuAffinity: Affinity for GPU 0 is empty, ignoring. (GPU affinity =  ; CPU affinity = 0-3).
ip-10-241-2-76:57:57 [0] NCCL INFO Pattern 4, crossNic 0, nChannels 1, bw 1.200000/1.200000, type LOC/PHB, sameChannels 1
ip-10-241-2-76:57:57 [0] NCCL INFO  0 : NET/0-0 GPU/0-1e0 NET/0-0
ip-10-241-2-76:57:57 [0] NCCL INFO Pattern 3, crossNic 0, nChannels 1, bw 2.400000/1.200000, type LOC/PHB, sameChannels 1
ip-10-241-2-76:57:57 [0] NCCL INFO  0 : NET/0-0 GPU/0-1e0 NET/0-0
ip-10-241-2-76:57:57 [0] NCCL INFO Could not get speed from /sys/class/net/ens5/speed. Defaulting to 10 Gbps.
ip-10-241-2-76:57:57 [0] NCCL INFO comm 0x639809bf4490 rank 0 nRanks 2 nNodes 2 localRanks 1 localRank 0 MNNVL 0
ip-10-241-2-76:57:57 [0] NCCL INFO Tree 0 : -1 -> 0 -> 1/-1/-1
ip-10-241-2-76:57:57 [0] NCCL INFO Tree 1 : 1 -> 0 -> -1/-1/-1
ip-10-241-2-76:57:57 [0] NCCL INFO Channel 00/02 : 0 1
ip-10-241-2-76:57:57 [0] NCCL INFO Channel 01/02 : 0 1
ip-10-241-2-76:57:57 [0] NCCL INFO Ring 00 : 1 -> 0 -> 1
ip-10-241-2-76:57:57 [0] NCCL INFO Ring 01 : 1 -> 0 -> 1
ip-10-241-2-76:57:57 [0] NCCL INFO Trees [0] 1/-1/-1->0->-1 [1] -1/-1/-1->0->1
ip-10-241-2-76:57:57 [0] NCCL INFO P2P Chunksize set to 131072
ip-10-241-2-76:57:57 [0] NCCL INFO Check P2P Type isAllDirectP2p 1 directMode 0 isAllCudaP2p 1
ip-10-241-2-76:57:110 [0] NCCL INFO [Proxy Service] Device 0 CPU core 2
ip-10-241-2-76:57:57 [0] NCCL INFO ncclP2pSchedule: group size used is 1
ip-10-241-2-76:57:111 [0] NCCL INFO [Proxy Service UDS] Device 0 CPU core 1
ip-10-241-2-76:57:57 [0] NCCL INFO threadThresholds 8/8/64 | 16/8/64 | 512 | 512
ip-10-241-2-76:57:57 [0] NCCL INFO 2 coll channels, 2 collnet channels, 0 nvls channels, 2 p2p channels, 1 p2p channels per peer
ip-10-241-2-76:57:57 [0] NCCL INFO Symmetric VA size=24GB
ip-10-241-2-76:57:57 [0] NCCL INFO Symmetric memory is not supported. cuMemEnable 1, globalGinSupport 0, globalNicFused 0 cuMemGdrSupport 1
ip-10-241-2-76:57:57 [0] NCCL INFO CC Off, workFifoBytes 1048576
ip-10-241-2-76:57:57 [0] NCCL INFO ncclCommInitRankConfig comm 0x639809bf4490 rank 0 nranks 2 cudaDev 0 nvmlDev 0 busId 1e0 commId 0xfc36d57b74323749 - Init COMPLETE
ip-10-241-2-76:57:57 [0] NCCL INFO Init timings - ncclCommInitRankConfig: rank 0 nranks 2 total 0.19 (kernels 0.00, alloc 0.00, bootstrap 0.16, allgathers 0.02, topo 0.00, graphs 0.00, connections 0.00, rest 0.00)
ip-10-241-2-76:57:110 [0] NCCL INFO New proxy send connection 0 from local rank 0, transport 2
ip-10-241-2-76:57:112 [0] NCCL INFO [Proxy Progress] Device 0 CPU core 0
ip-10-241-2-76:57:57 [0] NCCL INFO Connected to proxy localRank 0 -> connection 0x7d0518004f70
ip-10-241-2-76:57:110 [0] NCCL INFO Could not get speed from /sys/class/net/ens5/speed. Defaulting to 10 Gbps.
ip-10-241-2-76:57:57 [0] NCCL INFO Channel 01/1 : 0[0] -> 1[0] [send] via NET/Socket/0/Shared
ip-10-241-2-76:57:110 [0] NCCL INFO New proxy recv connection 1 from local rank 0, transport 2
ip-10-241-2-76:57:57 [0] NCCL INFO Connected to proxy localRank 0 -> connection 0x7d0518004ff8
ip-10-241-2-76:57:110 [0] NCCL INFO Could not get speed from /sys/class/net/ens5/speed. Defaulting to 10 Gbps.
ip-10-241-2-76:57:110 [0] NCCL INFO NET/Socket: Using 2 threads and 8 sockets per thread
ip-10-241-2-76:57:57 [0] NCCL INFO Channel 01/1 : 1[0] -> 0[0] [receive] via NET/Socket/0/Shared
ip-10-241-2-76:57:57 [0] NCCL INFO Initialized NET plugin Socket
ip-10-241-2-76:57:57 [0] NCCL INFO Could not get speed from /sys/class/net/ens5/speed. Defaulting to 10 Gbps.
ip-10-241-2-76:57:57 [0] NCCL INFO Assigned NET plugin Socket to comm
ip-10-241-2-76:57:57 [0] NCCL INFO Failed to initialize any GIN plugin
ip-10-241-2-76:57:57 [0] NCCL INFO Using network Socket
ip-10-241-2-76:57:57 [0] NCCL INFO [Rank 0] ncclCommInitRankConfig comm 0x639809d19280 rank 0 nranks 2 cudaDev 0 nvmlDev 0 busId 1e0 commId 0x3350e9e2f4137463 - Init START
ip-10-241-2-76:57:57 [0] NCCL INFO Topology detection : could not read /sys/devices/pci0000:00/0000:00:1e.0/../max_link_speed, ignoring
ip-10-241-2-76:57:57 [0] NCCL INFO Topology detection : could not read /sys/devices/pci0000:00/0000:00:1e.0/../max_link_width, ignoring
ip-10-241-2-76:57:57 [0] NCCL INFO Topology detection : could not read /sys/devices/system/node/node-1/cpumap, ignoring
ip-10-241-2-76:57:57 [0] NCCL INFO TOPO/NET : Importing network plugins to topology
ip-10-241-2-76:57:57 [0] NCCL INFO Could not get speed from /sys/class/net/ens5/speed. Defaulting to 10 Gbps.
ip-10-241-2-76:57:57 [0] NCCL INFO Topology detection : could not read /sys/devices/pci0000:00/0000:00:05.0/../max_link_speed, ignoring
ip-10-241-2-76:57:57 [0] NCCL INFO Topology detection : could not read /sys/devices/pci0000:00/0000:00:05.0/../max_link_width, ignoring
ip-10-241-2-76:57:57 [0] NCCL INFO Topology detection : could not read /sys/devices/system/node/node-1/cpumap, ignoring
ip-10-241-2-76:57:57 [0] NCCL INFO NET/Socket : GPU Direct RDMA Disabled for HCA 0 'ens5'
ip-10-241-2-76:57:57 [0] NCCL INFO ncclTopoPopulateNics : Filled ens5 in topo with pciPath=/sys/devices/pci0000:00/0000:00:05.0 net=1 gin=(null) keep=1 coll=(null)
ip-10-241-2-76:57:57 [0] NCCL INFO KV Convert to int : could not find value of 'Unknown' in dictionary, falling back to 60
ip-10-241-2-76:57:57 [0] NCCL INFO === System : maxBw 1.2 totalBw 24.0 ===
ip-10-241-2-76:57:57 [0] NCCL INFO CPU/0-ffffffffffffff (1/2/-1)
ip-10-241-2-76:57:57 [0] NCCL INFO + PCI[24.0] - GPU/0-1e0 (0)
ip-10-241-2-76:57:57 [0] NCCL INFO + PCI[12.0] - NIC/0-50
ip-10-241-2-76:57:57 [0] NCCL INFO               + NET[1.2] - NET/0-0 (0/0/0/1.250000)
ip-10-241-2-76:57:57 [0] NCCL INFO ==========================================
ip-10-241-2-76:57:57 [0] NCCL INFO GPU/0-1e0 :GPU/0-1e0 (0/5000.0/LOC) CPU/0-ffffffffffffff (1/24.0/PHB) NET/0-0 (3/1.2/PHB) 
ip-10-241-2-76:57:57 [0] NCCL INFO NET/0-0 :GPU/0-1e0 (3/1.2/PHB) CPU/0-ffffffffffffff (2/1.2/PHB) NET/0-0 (0/5000.0/LOC) 
ip-10-241-2-76:57:57 [0] NCCL INFO ncclTopoGetCpuAffinity: Affinity for GPU 0 is empty, ignoring. (GPU affinity =  ; CPU affinity = 0-3).
ip-10-241-2-76:57:57 [0] NCCL INFO Pattern 4, crossNic 0, nChannels 1, bw 1.200000/1.200000, type LOC/PHB, sameChannels 1
ip-10-241-2-76:57:57 [0] NCCL INFO  0 : NET/0-0 GPU/0-1e0 NET/0-0
ip-10-241-2-76:57:57 [0] NCCL INFO Pattern 3, crossNic 0, nChannels 1, bw 2.400000/1.200000, type LOC/PHB, sameChannels 1
ip-10-241-2-76:57:57 [0] NCCL INFO  0 : NET/0-0 GPU/0-1e0 NET/0-0
ip-10-241-2-76:57:57 [0] NCCL INFO Could not get speed from /sys/class/net/ens5/speed. Defaulting to 10 Gbps.
ip-10-241-2-76:57:57 [0] NCCL INFO comm 0x639809d19280 rank 0 nRanks 2 nNodes 2 localRanks 1 localRank 0 MNNVL 0
ip-10-241-2-76:57:57 [0] NCCL INFO Tree 0 : -1 -> 0 -> 1/-1/-1
ip-10-241-2-76:57:57 [0] NCCL INFO Tree 1 : 1 -> 0 -> -1/-1/-1
ip-10-241-2-76:57:57 [0] NCCL INFO Channel 00/02 : 0 1
ip-10-241-2-76:57:57 [0] NCCL INFO Channel 01/02 : 0 1
ip-10-241-2-76:57:57 [0] NCCL INFO Ring 00 : 1 -> 0 -> 1
ip-10-241-2-76:57:57 [0] NCCL INFO Ring 01 : 1 -> 0 -> 1
ip-10-241-2-76:57:57 [0] NCCL INFO Trees [0] 1/-1/-1->0->-1 [1] -1/-1/-1->0->1
ip-10-241-2-76:57:57 [0] NCCL INFO P2P Chunksize set to 131072
ip-10-241-2-76:57:57 [0] NCCL INFO Check P2P Type isAllDirectP2p 1 directMode 0 isAllCudaP2p 1
ip-10-241-2-76:57:118 [0] NCCL INFO [Proxy Service] Device 0 CPU core 0
ip-10-241-2-76:57:57 [0] NCCL INFO ncclP2pSchedule: group size used is 1
ip-10-241-2-76:57:119 [0] NCCL INFO [Proxy Service UDS] Device 0 CPU core 1
ip-10-241-2-76:57:57 [0] NCCL INFO threadThresholds 8/8/64 | 16/8/64 | 512 | 512
ip-10-241-2-76:57:57 [0] NCCL INFO 2 coll channels, 2 collnet channels, 0 nvls channels, 2 p2p channels, 1 p2p channels per peer
ip-10-241-2-76:57:57 [0] NCCL INFO Symmetric VA size=24GB
ip-10-241-2-76:57:57 [0] NCCL INFO Symmetric memory is not supported. cuMemEnable 1, globalGinSupport 0, globalNicFused 0 cuMemGdrSupport 1
ip-10-241-2-76:57:57 [0] NCCL INFO CC Off, workFifoBytes 1048576
ip-10-241-2-76:57:57 [0] NCCL INFO ncclCommInitRankConfig comm 0x639809d19280 rank 0 nranks 2 cudaDev 0 nvmlDev 0 busId 1e0 commId 0x3350e9e2f4137463 - Init COMPLETE
ip-10-241-2-76:57:57 [0] NCCL INFO Init timings - ncclCommInitRankConfig: rank 0 nranks 2 total 0.26 (kernels 0.00, alloc 0.00, bootstrap 0.22, allgathers 0.03, topo 0.00, graphs 0.00, connections 0.00, rest 0.00)
ip-10-241-2-76:57:118 [0] NCCL INFO New proxy send connection 0 from local rank 0, transport 2
ip-10-241-2-76:57:120 [0] NCCL INFO [Proxy Progress] Device 0 CPU core 2
ip-10-241-2-76:57:57 [0] NCCL INFO Connected to proxy localRank 0 -> connection 0x7d04fc004f70
ip-10-241-2-76:57:118 [0] NCCL INFO Could not get speed from /sys/class/net/ens5/speed. Defaulting to 10 Gbps.
ip-10-241-2-76:57:57 [0] NCCL INFO Channel 01/1 : 0[0] -> 1[0] [send] via NET/Socket/0/Shared
ip-10-241-2-76:57:118 [0] NCCL INFO New proxy recv connection 1 from local rank 0, transport 2
ip-10-241-2-76:57:57 [0] NCCL INFO Connected to proxy localRank 0 -> connection 0x7d04fc004ff8
ip-10-241-2-76:57:118 [0] NCCL INFO Could not get speed from /sys/class/net/ens5/speed. Defaulting to 10 Gbps.
ip-10-241-2-76:57:118 [0] NCCL INFO NET/Socket: Using 2 threads and 8 sockets per thread
ip-10-241-2-76:57:57 [0] NCCL INFO Channel 01/1 : 1[0] -> 0[0] [receive] via NET/Socket/0/Shared
ip-10-241-2-76:57:57 [0] NCCL INFO Initialized NET plugin Socket
ip-10-241-2-76:57:57 [0] NCCL INFO Could not get speed from /sys/class/net/ens5/speed. Defaulting to 10 Gbps.
ip-10-241-2-76:57:57 [0] NCCL INFO Assigned NET plugin Socket to comm
ip-10-241-2-76:57:57 [0] NCCL INFO Failed to initialize any GIN plugin
ip-10-241-2-76:57:57 [0] NCCL INFO Using network Socket
ip-10-241-2-76:57:57 [0] NCCL INFO [Rank 0] ncclCommInitRankConfig comm 0x639809e3e070 rank 0 nranks 2 cudaDev 0 nvmlDev 0 busId 1e0 commId 0x9954e48bcd60921a - Init START
ip-10-241-2-76:57:57 [0] NCCL INFO Topology detection : could not read /sys/devices/pci0000:00/0000:00:1e.0/../max_link_speed, ignoring
ip-10-241-2-76:57:57 [0] NCCL INFO Topology detection : could not read /sys/devices/pci0000:00/0000:00:1e.0/../max_link_width, ignoring
ip-10-241-2-76:57:57 [0] NCCL INFO Topology detection : could not read /sys/devices/system/node/node-1/cpumap, ignoring
ip-10-241-2-76:57:57 [0] NCCL INFO TOPO/NET : Importing network plugins to topology
ip-10-241-2-76:57:57 [0] NCCL INFO Could not get speed from /sys/class/net/ens5/speed. Defaulting to 10 Gbps.
ip-10-241-2-76:57:57 [0] NCCL INFO Topology detection : could not read /sys/devices/pci0000:00/0000:00:05.0/../max_link_speed, ignoring
ip-10-241-2-76:57:57 [0] NCCL INFO Topology detection : could not read /sys/devices/pci0000:00/0000:00:05.0/../max_link_width, ignoring
ip-10-241-2-76:57:57 [0] NCCL INFO Topology detection : could not read /sys/devices/system/node/node-1/cpumap, ignoring
ip-10-241-2-76:57:57 [0] NCCL INFO NET/Socket : GPU Direct RDMA Disabled for HCA 0 'ens5'
ip-10-241-2-76:57:57 [0] NCCL INFO ncclTopoPopulateNics : Filled ens5 in topo with pciPath=/sys/devices/pci0000:00/0000:00:05.0 net=1 gin=(null) keep=1 coll=(null)
ip-10-241-2-76:57:57 [0] NCCL INFO KV Convert to int : could not find value of 'Unknown' in dictionary, falling back to 60
ip-10-241-2-76:57:57 [0] NCCL INFO === System : maxBw 1.2 totalBw 24.0 ===
ip-10-241-2-76:57:57 [0] NCCL INFO CPU/0-ffffffffffffff (1/2/-1)
ip-10-241-2-76:57:57 [0] NCCL INFO + PCI[24.0] - GPU/0-1e0 (0)
ip-10-241-2-76:57:57 [0] NCCL INFO + PCI[12.0] - NIC/0-50
ip-10-241-2-76:57:57 [0] NCCL INFO               + NET[1.2] - NET/0-0 (0/0/0/1.250000)
ip-10-241-2-76:57:57 [0] NCCL INFO ==========================================
ip-10-241-2-76:57:57 [0] NCCL INFO GPU/0-1e0 :GPU/0-1e0 (0/5000.0/LOC) CPU/0-ffffffffffffff (1/24.0/PHB) NET/0-0 (3/1.2/PHB) 
ip-10-241-2-76:57:57 [0] NCCL INFO NET/0-0 :GPU/0-1e0 (3/1.2/PHB) CPU/0-ffffffffffffff (2/1.2/PHB) NET/0-0 (0/5000.0/LOC) 
ip-10-241-2-76:57:57 [0] NCCL INFO ncclTopoGetCpuAffinity: Affinity for GPU 0 is empty, ignoring. (GPU affinity =  ; CPU affinity = 0-3).
ip-10-241-2-76:57:57 [0] NCCL INFO Pattern 4, crossNic 0, nChannels 1, bw 1.200000/1.200000, type LOC/PHB, sameChannels 1
ip-10-241-2-76:57:57 [0] NCCL INFO  0 : NET/0-0 GPU/0-1e0 NET/0-0
ip-10-241-2-76:57:57 [0] NCCL INFO Pattern 3, crossNic 0, nChannels 1, bw 2.400000/1.200000, type LOC/PHB, sameChannels 1
ip-10-241-2-76:57:57 [0] NCCL INFO  0 : NET/0-0 GPU/0-1e0 NET/0-0
ip-10-241-2-76:57:57 [0] NCCL INFO Could not get speed from /sys/class/net/ens5/speed. Defaulting to 10 Gbps.
ip-10-241-2-76:57:57 [0] NCCL INFO comm 0x639809e3e070 rank 0 nRanks 2 nNodes 2 localRanks 1 localRank 0 MNNVL 0
ip-10-241-2-76:57:57 [0] NCCL INFO Tree 0 : -1 -> 0 -> 1/-1/-1
ip-10-241-2-76:57:57 [0] NCCL INFO Tree 1 : 1 -> 0 -> -1/-1/-1
ip-10-241-2-76:57:57 [0] NCCL INFO Channel 00/02 : 0 1
ip-10-241-2-76:57:57 [0] NCCL INFO Channel 01/02 : 0 1
ip-10-241-2-76:57:57 [0] NCCL INFO Ring 00 : 1 -> 0 -> 1
ip-10-241-2-76:57:57 [0] NCCL INFO Ring 01 : 1 -> 0 -> 1
ip-10-241-2-76:57:57 [0] NCCL INFO Trees [0] 1/-1/-1->0->-1 [1] -1/-1/-1->0->1
ip-10-241-2-76:57:57 [0] NCCL INFO P2P Chunksize set to 131072
ip-10-241-2-76:57:57 [0] NCCL INFO Check P2P Type isAllDirectP2p 1 directMode 0 isAllCudaP2p 1
ip-10-241-2-76:57:57 [0] NCCL INFO ncclP2pSchedule: group size used is 1
ip-10-241-2-76:57:126 [0] NCCL INFO [Proxy Service] Device 0 CPU core 2
ip-10-241-2-76:57:127 [0] NCCL INFO [Proxy Service UDS] Device 0 CPU core 3
ip-10-241-2-76:57:57 [0] NCCL INFO threadThresholds 8/8/64 | 16/8/64 | 512 | 512
ip-10-241-2-76:57:57 [0] NCCL INFO 2 coll channels, 2 collnet channels, 0 nvls channels, 2 p2p channels, 1 p2p channels per peer
ip-10-241-2-76:57:57 [0] NCCL INFO Symmetric VA size=24GB
ip-10-241-2-76:57:57 [0] NCCL INFO Symmetric memory is not supported. cuMemEnable 1, globalGinSupport 0, globalNicFused 0 cuMemGdrSupport 1
ip-10-241-2-76:57:57 [0] NCCL INFO CC Off, workFifoBytes 1048576
ip-10-241-2-76:57:57 [0] NCCL INFO ncclCommInitRankConfig comm 0x639809e3e070 rank 0 nranks 2 cudaDev 0 nvmlDev 0 busId 1e0 commId 0x9954e48bcd60921a - Init COMPLETE
ip-10-241-2-76:57:57 [0] NCCL INFO Init timings - ncclCommInitRankConfig: rank 0 nranks 2 total 0.06 (kernels 0.00, alloc 0.00, bootstrap 0.05, allgathers 0.00, topo 0.00, graphs 0.00, connections 0.00, rest 0.00)
ip-10-241-2-76:57:126 [0] NCCL INFO New proxy send connection 0 from local rank 0, transport 2
ip-10-241-2-76:57:128 [0] NCCL INFO [Proxy Progress] Device 0 CPU core 0
ip-10-241-2-76:57:57 [0] NCCL INFO Connected to proxy localRank 0 -> connection 0x7d04f00164b0
ip-10-241-2-76:57:126 [0] NCCL INFO Could not get speed from /sys/class/net/ens5/speed. Defaulting to 10 Gbps.
ip-10-241-2-76:57:57 [0] NCCL INFO Channel 01/1 : 0[0] -> 1[0] [send] via NET/Socket/0/Shared
ip-10-241-2-76:57:126 [0] NCCL INFO New proxy recv connection 1 from local rank 0, transport 2
ip-10-241-2-76:57:57 [0] NCCL INFO Connected to proxy localRank 0 -> connection 0x7d04f0016538
ip-10-241-2-76:57:126 [0] NCCL INFO Could not get speed from /sys/class/net/ens5/speed. Defaulting to 10 Gbps.
ip-10-241-2-76:57:126 [0] NCCL INFO NET/Socket: Using 2 threads and 8 sockets per thread
ip-10-241-2-76:57:57 [0] NCCL INFO Channel 01/1 : 1[0] -> 0[0] [receive] via NET/Socket/0/Shared
ip-10-241-2-76:57:57 [0] NCCL INFO Initialized NET plugin Socket
ip-10-241-2-76:57:57 [0] NCCL INFO Could not get speed from /sys/class/net/ens5/speed. Defaulting to 10 Gbps.
ip-10-241-2-76:57:57 [0] NCCL INFO Assigned NET plugin Socket to comm
ip-10-241-2-76:57:57 [0] NCCL INFO Failed to initialize any GIN plugin
ip-10-241-2-76:57:57 [0] NCCL INFO Using network Socket
ip-10-241-2-76:57:57 [0] NCCL INFO [Rank 0] ncclCommInitRankConfig comm 0x63980a0bd530 rank 0 nranks 2 cudaDev 0 nvmlDev 0 busId 1e0 commId 0xe2fa3ce91c8bac13 - Init START
ip-10-241-2-76:57:57 [0] NCCL INFO Topology detection : could not read /sys/devices/pci0000:00/0000:00:1e.0/../max_link_speed, ignoring
ip-10-241-2-76:57:57 [0] NCCL INFO Topology detection : could not read /sys/devices/pci0000:00/0000:00:1e.0/../max_link_width, ignoring
ip-10-241-2-76:57:57 [0] NCCL INFO Topology detection : could not read /sys/devices/system/node/node-1/cpumap, ignoring
ip-10-241-2-76:57:57 [0] NCCL INFO TOPO/NET : Importing network plugins to topology
ip-10-241-2-76:57:57 [0] NCCL INFO Could not get speed from /sys/class/net/ens5/speed. Defaulting to 10 Gbps.
ip-10-241-2-76:57:57 [0] NCCL INFO Topology detection : could not read /sys/devices/pci0000:00/0000:00:05.0/../max_link_speed, ignoring
ip-10-241-2-76:57:57 [0] NCCL INFO Topology detection : could not read /sys/devices/pci0000:00/0000:00:05.0/../max_link_width, ignoring
ip-10-241-2-76:57:57 [0] NCCL INFO Topology detection : could not read /sys/devices/system/node/node-1/cpumap, ignoring
ip-10-241-2-76:57:57 [0] NCCL INFO NET/Socket : GPU Direct RDMA Disabled for HCA 0 'ens5'
ip-10-241-2-76:57:57 [0] NCCL INFO ncclTopoPopulateNics : Filled ens5 in topo with pciPath=/sys/devices/pci0000:00/0000:00:05.0 net=1 gin=(null) keep=1 coll=(null)
ip-10-241-2-76:57:57 [0] NCCL INFO KV Convert to int : could not find value of 'Unknown' in dictionary, falling back to 60
ip-10-241-2-76:57:57 [0] NCCL INFO === System : maxBw 1.2 totalBw 24.0 ===
ip-10-241-2-76:57:57 [0] NCCL INFO CPU/0-ffffffffffffff (1/2/-1)
ip-10-241-2-76:57:57 [0] NCCL INFO + PCI[24.0] - GPU/0-1e0 (0)
ip-10-241-2-76:57:57 [0] NCCL INFO + PCI[12.0] - NIC/0-50
ip-10-241-2-76:57:57 [0] NCCL INFO               + NET[1.2] - NET/0-0 (0/0/0/1.250000)
ip-10-241-2-76:57:57 [0] NCCL INFO ==========================================
ip-10-241-2-76:57:57 [0] NCCL INFO GPU/0-1e0 :GPU/0-1e0 (0/5000.0/LOC) CPU/0-ffffffffffffff (1/24.0/PHB) NET/0-0 (3/1.2/PHB) 
ip-10-241-2-76:57:57 [0] NCCL INFO NET/0-0 :GPU/0-1e0 (3/1.2/PHB) CPU/0-ffffffffffffff (2/1.2/PHB) NET/0-0 (0/5000.0/LOC) 
ip-10-241-2-76:57:57 [0] NCCL INFO ncclTopoGetCpuAffinity: Affinity for GPU 0 is empty, ignoring. (GPU affinity =  ; CPU affinity = 0-3).
ip-10-241-2-76:57:57 [0] NCCL INFO Pattern 4, crossNic 0, nChannels 1, bw 1.200000/1.200000, type LOC/PHB, sameChannels 1
ip-10-241-2-76:57:57 [0] NCCL INFO  0 : NET/0-0 GPU/0-1e0 NET/0-0
ip-10-241-2-76:57:57 [0] NCCL INFO Pattern 3, crossNic 0, nChannels 1, bw 2.400000/1.200000, type LOC/PHB, sameChannels 1
ip-10-241-2-76:57:57 [0] NCCL INFO  0 : NET/0-0 GPU/0-1e0 NET/0-0
ip-10-241-2-76:57:57 [0] NCCL INFO Could not get speed from /sys/class/net/ens5/speed. Defaulting to 10 Gbps.
ip-10-241-2-76:57:57 [0] NCCL INFO comm 0x63980a0bd530 rank 0 nRanks 2 nNodes 2 localRanks 1 localRank 0 MNNVL 0
ip-10-241-2-76:57:57 [0] NCCL INFO Tree 0 : -1 -> 0 -> 1/-1/-1
ip-10-241-2-76:57:57 [0] NCCL INFO Tree 1 : 1 -> 0 -> -1/-1/-1
ip-10-241-2-76:57:57 [0] NCCL INFO Channel 00/02 : 0 1
ip-10-241-2-76:57:57 [0] NCCL INFO Channel 01/02 : 0 1
ip-10-241-2-76:57:57 [0] NCCL INFO Ring 00 : 1 -> 0 -> 1
ip-10-241-2-76:57:57 [0] NCCL INFO Ring 01 : 1 -> 0 -> 1
ip-10-241-2-76:57:57 [0] NCCL INFO Trees [0] 1/-1/-1->0->-1 [1] -1/-1/-1->0->1
ip-10-241-2-76:57:57 [0] NCCL INFO P2P Chunksize set to 131072
ip-10-241-2-76:57:57 [0] NCCL INFO Check P2P Type isAllDirectP2p 1 directMode 0 isAllCudaP2p 1
ip-10-241-2-76:57:57 [0] NCCL INFO ncclP2pSchedule: group size used is 1
ip-10-241-2-76:57:134 [0] NCCL INFO [Proxy Service] Device 0 CPU core 1
ip-10-241-2-76:57:135 [0] NCCL INFO [Proxy Service UDS] Device 0 CPU core 2
ip-10-241-2-76:57:57 [0] NCCL INFO threadThresholds 8/8/64 | 16/8/64 | 512 | 512
ip-10-241-2-76:57:57 [0] NCCL INFO 2 coll channels, 2 collnet channels, 0 nvls channels, 2 p2p channels, 1 p2p channels per peer
ip-10-241-2-76:57:57 [0] NCCL INFO Symmetric VA size=24GB
ip-10-241-2-76:57:57 [0] NCCL INFO Symmetric memory is not supported. cuMemEnable 1, globalGinSupport 0, globalNicFused 0 cuMemGdrSupport 1
ip-10-241-2-76:57:57 [0] NCCL INFO CC Off, workFifoBytes 1048576
ip-10-241-2-76:57:57 [0] NCCL INFO ncclCommInitRankConfig comm 0x63980a0bd530 rank 0 nranks 2 cudaDev 0 nvmlDev 0 busId 1e0 commId 0xe2fa3ce91c8bac13 - Init COMPLETE
ip-10-241-2-76:57:57 [0] NCCL INFO Init timings - ncclCommInitRankConfig: rank 0 nranks 2 total 1.15 (kernels 0.00, alloc 0.00, bootstrap 0.92, allgathers 0.22, topo 0.00, graphs 0.00, connections 0.00, rest 0.00)
ip-10-241-2-76:57:134 [0] NCCL INFO New proxy send connection 0 from local rank 0, transport 2
ip-10-241-2-76:57:136 [0] NCCL INFO [Proxy Progress] Device 0 CPU core 2
ip-10-241-2-76:57:57 [0] NCCL INFO Connected to proxy localRank 0 -> connection 0x7d0510009560
ip-10-241-2-76:57:134 [0] NCCL INFO Could not get speed from /sys/class/net/ens5/speed. Defaulting to 10 Gbps.
ip-10-241-2-76:57:57 [0] NCCL INFO Channel 01/1 : 0[0] -> 1[0] [send] via NET/Socket/0/Shared
ip-10-241-2-76:57:134 [0] NCCL INFO New proxy recv connection 1 from local rank 0, transport 2
ip-10-241-2-76:57:57 [0] NCCL INFO Connected to proxy localRank 0 -> connection 0x7d05100095e8
ip-10-241-2-76:57:134 [0] NCCL INFO Could not get speed from /sys/class/net/ens5/speed. Defaulting to 10 Gbps.
ip-10-241-2-76:57:134 [0] NCCL INFO NET/Socket: Using 2 threads and 8 sockets per thread
ip-10-241-2-76:57:57 [0] NCCL INFO Channel 01/1 : 1[0] -> 0[0] [receive] via NET/Socket/0/Shared
ip-10-241-2-76:57:57 [0] NCCL INFO Initialized NET plugin Socket
ip-10-241-2-76:57:57 [0] NCCL INFO Could not get speed from /sys/class/net/ens5/speed. Defaulting to 10 Gbps.
ip-10-241-2-76:57:57 [0] NCCL INFO Assigned NET plugin Socket to comm
ip-10-241-2-76:57:57 [0] NCCL INFO Failed to initialize any GIN plugin
ip-10-241-2-76:57:57 [0] NCCL INFO Using network Socket
ip-10-241-2-76:57:57 [0] NCCL INFO [Rank 0] ncclCommInitRankConfig comm 0x63980a2e2330 rank 0 nranks 2 cudaDev 0 nvmlDev 0 busId 1e0 commId 0xb810d34dcddf16ee - Init START
ip-10-241-2-76:57:57 [0] NCCL INFO Topology detection : could not read /sys/devices/pci0000:00/0000:00:1e.0/../max_link_speed, ignoring
ip-10-241-2-76:57:57 [0] NCCL INFO Topology detection : could not read /sys/devices/pci0000:00/0000:00:1e.0/../max_link_width, ignoring
ip-10-241-2-76:57:57 [0] NCCL INFO Topology detection : could not read /sys/devices/system/node/node-1/cpumap, ignoring
ip-10-241-2-76:57:57 [0] NCCL INFO TOPO/NET : Importing network plugins to topology
ip-10-241-2-76:57:57 [0] NCCL INFO Could not get speed from /sys/class/net/ens5/speed. Defaulting to 10 Gbps.
ip-10-241-2-76:57:57 [0] NCCL INFO Topology detection : could not read /sys/devices/pci0000:00/0000:00:05.0/../max_link_speed, ignoring
ip-10-241-2-76:57:57 [0] NCCL INFO Topology detection : could not read /sys/devices/pci0000:00/0000:00:05.0/../max_link_width, ignoring
ip-10-241-2-76:57:57 [0] NCCL INFO Topology detection : could not read /sys/devices/system/node/node-1/cpumap, ignoring
ip-10-241-2-76:57:57 [0] NCCL INFO NET/Socket : GPU Direct RDMA Disabled for HCA 0 'ens5'
ip-10-241-2-76:57:57 [0] NCCL INFO ncclTopoPopulateNics : Filled ens5 in topo with pciPath=/sys/devices/pci0000:00/0000:00:05.0 net=1 gin=(null) keep=1 coll=(null)
ip-10-241-2-76:57:57 [0] NCCL INFO KV Convert to int : could not find value of 'Unknown' in dictionary, falling back to 60
ip-10-241-2-76:57:57 [0] NCCL INFO === System : maxBw 1.2 totalBw 24.0 ===
ip-10-241-2-76:57:57 [0] NCCL INFO CPU/0-ffffffffffffff (1/2/-1)
ip-10-241-2-76:57:57 [0] NCCL INFO + PCI[24.0] - GPU/0-1e0 (0)
ip-10-241-2-76:57:57 [0] NCCL INFO + PCI[12.0] - NIC/0-50
ip-10-241-2-76:57:57 [0] NCCL INFO               + NET[1.2] - NET/0-0 (0/0/0/1.250000)
ip-10-241-2-76:57:57 [0] NCCL INFO ==========================================
ip-10-241-2-76:57:57 [0] NCCL INFO GPU/0-1e0 :GPU/0-1e0 (0/5000.0/LOC) CPU/0-ffffffffffffff (1/24.0/PHB) NET/0-0 (3/1.2/PHB) 
ip-10-241-2-76:57:57 [0] NCCL INFO NET/0-0 :GPU/0-1e0 (3/1.2/PHB) CPU/0-ffffffffffffff (2/1.2/PHB) NET/0-0 (0/5000.0/LOC) 
ip-10-241-2-76:57:57 [0] NCCL INFO ncclTopoGetCpuAffinity: Affinity for GPU 0 is empty, ignoring. (GPU affinity =  ; CPU affinity = 0-3).
ip-10-241-2-76:57:57 [0] NCCL INFO Pattern 4, crossNic 0, nChannels 1, bw 1.200000/1.200000, type LOC/PHB, sameChannels 1
ip-10-241-2-76:57:57 [0] NCCL INFO  0 : NET/0-0 GPU/0-1e0 NET/0-0
ip-10-241-2-76:57:57 [0] NCCL INFO Pattern 3, crossNic 0, nChannels 1, bw 2.400000/1.200000, type LOC/PHB, sameChannels 1
ip-10-241-2-76:57:57 [0] NCCL INFO  0 : NET/0-0 GPU/0-1e0 NET/0-0
ip-10-241-2-76:57:57 [0] NCCL INFO Could not get speed from /sys/class/net/ens5/speed. Defaulting to 10 Gbps.
ip-10-241-2-76:57:57 [0] NCCL INFO comm 0x63980a2e2330 rank 0 nRanks 2 nNodes 2 localRanks 1 localRank 0 MNNVL 0
ip-10-241-2-76:57:57 [0] NCCL INFO Tree 0 : -1 -> 0 -> 1/-1/-1
ip-10-241-2-76:57:57 [0] NCCL INFO Tree 1 : 1 -> 0 -> -1/-1/-1
ip-10-241-2-76:57:57 [0] NCCL INFO Channel 00/02 : 0 1
ip-10-241-2-76:57:57 [0] NCCL INFO Channel 01/02 : 0 1
ip-10-241-2-76:57:57 [0] NCCL INFO Ring 00 : 1 -> 0 -> 1
ip-10-241-2-76:57:57 [0] NCCL INFO Ring 01 : 1 -> 0 -> 1
ip-10-241-2-76:57:57 [0] NCCL INFO Trees [0] 1/-1/-1->0->-1 [1] -1/-1/-1->0->1
ip-10-241-2-76:57:57 [0] NCCL INFO P2P Chunksize set to 131072
ip-10-241-2-76:57:57 [0] NCCL INFO Check P2P Type isAllDirectP2p 1 directMode 0 isAllCudaP2p 1
ip-10-241-2-76:57:142 [0] NCCL INFO [Proxy Service] Device 0 CPU core 1
ip-10-241-2-76:57:57 [0] NCCL INFO ncclP2pSchedule: group size used is 1
ip-10-241-2-76:57:143 [0] NCCL INFO [Proxy Service UDS] Device 0 CPU core 3
ip-10-241-2-76:57:57 [0] NCCL INFO threadThresholds 8/8/64 | 16/8/64 | 512 | 512
ip-10-241-2-76:57:57 [0] NCCL INFO 2 coll channels, 2 collnet channels, 0 nvls channels, 2 p2p channels, 1 p2p channels per peer
ip-10-241-2-76:57:57 [0] NCCL INFO Symmetric VA size=24GB
ip-10-241-2-76:57:57 [0] NCCL INFO Symmetric memory is not supported. cuMemEnable 1, globalGinSupport 0, globalNicFused 0 cuMemGdrSupport 1
ip-10-241-2-76:57:57 [0] NCCL INFO CC Off, workFifoBytes 1048576
ip-10-241-2-76:57:57 [0] NCCL INFO ncclCommInitRankConfig comm 0x63980a2e2330 rank 0 nranks 2 cudaDev 0 nvmlDev 0 busId 1e0 commId 0xb810d34dcddf16ee - Init COMPLETE
ip-10-241-2-76:57:57 [0] NCCL INFO Init timings - ncclCommInitRankConfig: rank 0 nranks 2 total 0.55 (kernels 0.00, alloc 0.00, bootstrap 0.43, allgathers 0.11, topo 0.00, graphs 0.00, connections 0.00, rest 0.00)
ip-10-241-2-76:57:142 [0] NCCL INFO New proxy send connection 0 from local rank 0, transport 2
ip-10-241-2-76:57:144 [0] NCCL INFO [Proxy Progress] Device 0 CPU core 3
ip-10-241-2-76:57:57 [0] NCCL INFO Connected to proxy localRank 0 -> connection 0x7d0548032c30
ip-10-241-2-76:57:142 [0] NCCL INFO Could not get speed from /sys/class/net/ens5/speed. Defaulting to 10 Gbps.
ip-10-241-2-76:57:57 [0] NCCL INFO Channel 01/1 : 0[0] -> 1[0] [send] via NET/Socket/0/Shared
ip-10-241-2-76:57:142 [0] NCCL INFO New proxy recv connection 1 from local rank 0, transport 2
ip-10-241-2-76:57:57 [0] NCCL INFO Connected to proxy localRank 0 -> connection 0x7d0548032cb8
ip-10-241-2-76:57:142 [0] NCCL INFO Could not get speed from /sys/class/net/ens5/speed. Defaulting to 10 Gbps.
ip-10-241-2-76:57:142 [0] NCCL INFO NET/Socket: Using 2 threads and 8 sockets per thread
ip-10-241-2-76:57:57 [0] NCCL INFO Channel 01/1 : 1[0] -> 0[0] [receive] via NET/Socket/0/Shared
ip-10-241-2-76:57:57 [0] NCCL INFO Initialized NET plugin Socket
ip-10-241-2-76:57:57 [0] NCCL INFO Could not get speed from /sys/class/net/ens5/speed. Defaulting to 10 Gbps.
ip-10-241-2-76:57:57 [0] NCCL INFO Assigned NET plugin Socket to comm
ip-10-241-2-76:57:57 [0] NCCL INFO Failed to initialize any GIN plugin
ip-10-241-2-76:57:57 [0] NCCL INFO Using network Socket
ip-10-241-2-76:57:57 [0] NCCL INFO [Rank 0] ncclCommInitRankConfig comm 0x63980a407120 rank 0 nranks 2 cudaDev 0 nvmlDev 0 busId 1e0 commId 0x9ee22ff0362a1410 - Init START
ip-10-241-2-76:57:57 [0] NCCL INFO Topology detection : could not read /sys/devices/pci0000:00/0000:00:1e.0/../max_link_speed, ignoring
ip-10-241-2-76:57:57 [0] NCCL INFO Topology detection : could not read /sys/devices/pci0000:00/0000:00:1e.0/../max_link_width, ignoring
ip-10-241-2-76:57:57 [0] NCCL INFO Topology detection : could not read /sys/devices/system/node/node-1/cpumap, ignoring
ip-10-241-2-76:57:57 [0] NCCL INFO TOPO/NET : Importing network plugins to topology
ip-10-241-2-76:57:57 [0] NCCL INFO Could not get speed from /sys/class/net/ens5/speed. Defaulting to 10 Gbps.
ip-10-241-2-76:57:57 [0] NCCL INFO Topology detection : could not read /sys/devices/pci0000:00/0000:00:05.0/../max_link_speed, ignoring
ip-10-241-2-76:57:57 [0] NCCL INFO Topology detection : could not read /sys/devices/pci0000:00/0000:00:05.0/../max_link_width, ignoring
ip-10-241-2-76:57:57 [0] NCCL INFO Topology detection : could not read /sys/devices/system/node/node-1/cpumap, ignoring
ip-10-241-2-76:57:57 [0] NCCL INFO NET/Socket : GPU Direct RDMA Disabled for HCA 0 'ens5'
ip-10-241-2-76:57:57 [0] NCCL INFO ncclTopoPopulateNics : Filled ens5 in topo with pciPath=/sys/devices/pci0000:00/0000:00:05.0 net=1 gin=(null) keep=1 coll=(null)
ip-10-241-2-76:57:57 [0] NCCL INFO KV Convert to int : could not find value of 'Unknown' in dictionary, falling back to 60
ip-10-241-2-76:57:57 [0] NCCL INFO === System : maxBw 1.2 totalBw 24.0 ===
ip-10-241-2-76:57:57 [0] NCCL INFO CPU/0-ffffffffffffff (1/2/-1)
ip-10-241-2-76:57:57 [0] NCCL INFO + PCI[24.0] - GPU/0-1e0 (0)
ip-10-241-2-76:57:57 [0] NCCL INFO + PCI[12.0] - NIC/0-50
ip-10-241-2-76:57:57 [0] NCCL INFO               + NET[1.2] - NET/0-0 (0/0/0/1.250000)
ip-10-241-2-76:57:57 [0] NCCL INFO ==========================================
ip-10-241-2-76:57:57 [0] NCCL INFO GPU/0-1e0 :GPU/0-1e0 (0/5000.0/LOC) CPU/0-ffffffffffffff (1/24.0/PHB) NET/0-0 (3/1.2/PHB) 
ip-10-241-2-76:57:57 [0] NCCL INFO NET/0-0 :GPU/0-1e0 (3/1.2/PHB) CPU/0-ffffffffffffff (2/1.2/PHB) NET/0-0 (0/5000.0/LOC) 
ip-10-241-2-76:57:57 [0] NCCL INFO ncclTopoGetCpuAffinity: Affinity for GPU 0 is empty, ignoring. (GPU affinity =  ; CPU affinity = 0-3).
ip-10-241-2-76:57:57 [0] NCCL INFO Pattern 4, crossNic 0, nChannels 1, bw 1.200000/1.200000, type LOC/PHB, sameChannels 1
ip-10-241-2-76:57:57 [0] NCCL INFO  0 : NET/0-0 GPU/0-1e0 NET/0-0
ip-10-241-2-76:57:57 [0] NCCL INFO Pattern 3, crossNic 0, nChannels 1, bw 2.400000/1.200000, type LOC/PHB, sameChannels 1
ip-10-241-2-76:57:57 [0] NCCL INFO  0 : NET/0-0 GPU/0-1e0 NET/0-0
ip-10-241-2-76:57:57 [0] NCCL INFO Could not get speed from /sys/class/net/ens5/speed. Defaulting to 10 Gbps.
ip-10-241-2-76:57:57 [0] NCCL INFO comm 0x63980a407120 rank 0 nRanks 2 nNodes 2 localRanks 1 localRank 0 MNNVL 0
ip-10-241-2-76:57:57 [0] NCCL INFO Tree 0 : -1 -> 0 -> 1/-1/-1
ip-10-241-2-76:57:57 [0] NCCL INFO Tree 1 : 1 -> 0 -> -1/-1/-1
ip-10-241-2-76:57:57 [0] NCCL INFO Channel 00/02 : 0 1
ip-10-241-2-76:57:57 [0] NCCL INFO Channel 01/02 : 0 1
ip-10-241-2-76:57:57 [0] NCCL INFO Ring 00 : 1 -> 0 -> 1
ip-10-241-2-76:57:57 [0] NCCL INFO Ring 01 : 1 -> 0 -> 1
ip-10-241-2-76:57:57 [0] NCCL INFO Trees [0] 1/-1/-1->0->-1 [1] -1/-1/-1->0->1
ip-10-241-2-76:57:57 [0] NCCL INFO P2P Chunksize set to 131072
ip-10-241-2-76:57:57 [0] NCCL INFO Check P2P Type isAllDirectP2p 1 directMode 0 isAllCudaP2p 1
ip-10-241-2-76:57:150 [0] NCCL INFO [Proxy Service] Device 0 CPU core 3
ip-10-241-2-76:57:151 [0] NCCL INFO [Proxy Service UDS] Device 0 CPU core 3
ip-10-241-2-76:57:57 [0] NCCL INFO ncclP2pSchedule: group size used is 1
ip-10-241-2-76:57:57 [0] NCCL INFO threadThresholds 8/8/64 | 16/8/64 | 512 | 512
ip-10-241-2-76:57:57 [0] NCCL INFO 2 coll channels, 2 collnet channels, 0 nvls channels, 2 p2p channels, 1 p2p channels per peer
ip-10-241-2-76:57:57 [0] NCCL INFO Symmetric VA size=24GB
ip-10-241-2-76:57:57 [0] NCCL INFO Symmetric memory is not supported. cuMemEnable 1, globalGinSupport 0, globalNicFused 0 cuMemGdrSupport 1
ip-10-241-2-76:57:57 [0] NCCL INFO CC Off, workFifoBytes 1048576
ip-10-241-2-76:57:57 [0] NCCL INFO ncclCommInitRankConfig comm 0x63980a407120 rank 0 nranks 2 cudaDev 0 nvmlDev 0 busId 1e0 commId 0x9ee22ff0362a1410 - Init COMPLETE
ip-10-241-2-76:57:57 [0] NCCL INFO Init timings - ncclCommInitRankConfig: rank 0 nranks 2 total 1.12 (kernels 0.00, alloc 0.00, bootstrap 0.88, allgathers 0.23, topo 0.00, graphs 0.00, connections 0.00, rest 0.00)
ip-10-241-2-76:57:150 [0] NCCL INFO New proxy send connection 0 from local rank 0, transport 2
ip-10-241-2-76:57:152 [0] NCCL INFO [Proxy Progress] Device 0 CPU core 1
ip-10-241-2-76:57:57 [0] NCCL INFO Connected to proxy localRank 0 -> connection 0x7d057c006430
ip-10-241-2-76:57:150 [0] NCCL INFO Could not get speed from /sys/class/net/ens5/speed. Defaulting to 10 Gbps.
ip-10-241-2-76:57:57 [0] NCCL INFO Channel 01/1 : 0[0] -> 1[0] [send] via NET/Socket/0/Shared
ip-10-241-2-76:57:150 [0] NCCL INFO New proxy recv connection 1 from local rank 0, transport 2
ip-10-241-2-76:57:57 [0] NCCL INFO Connected to proxy localRank 0 -> connection 0x7d057c0064b8
ip-10-241-2-76:57:150 [0] NCCL INFO Could not get speed from /sys/class/net/ens5/speed. Defaulting to 10 Gbps.
ip-10-241-2-76:57:150 [0] NCCL INFO NET/Socket: Using 2 threads and 8 sockets per thread
ip-10-241-2-76:57:57 [0] NCCL INFO Channel 01/1 : 1[0] -> 0[0] [receive] via NET/Socket/0/Shared
ip-10-241-2-76:57:57 [0] NCCL INFO comm 0x63980a407120 rank 0 nranks 2 cudaDev 0 busId 1e0 - Destroy COMPLETE
ip-10-241-2-76:57:57 [0] NCCL INFO comm 0x63980a2e2330 rank 0 nranks 2 cudaDev 0 busId 1e0 - Destroy COMPLETE
ip-10-241-2-76:57:57 [0] NCCL INFO comm 0x63980a0bd530 rank 0 nranks 2 cudaDev 0 busId 1e0 - Destroy COMPLETE
ip-10-241-2-76:57:57 [0] NCCL INFO comm 0x639809e3e070 rank 0 nranks 2 cudaDev 0 busId 1e0 - Destroy COMPLETE
ip-10-241-2-76:57:57 [0] NCCL INFO comm 0x639809d19280 rank 0 nranks 2 cudaDev 0 busId 1e0 - Destroy COMPLETE
ip-10-241-2-76:57:57 [0] NCCL INFO comm 0x6398096e2fd0 rank 0 nranks 8 cudaDev 0 busId 1e0 - Destroy COMPLETE
ip-10-241-2-76:57:57 [0] NCCL INFO comm 0x639809bf4490 rank 0 nranks 2 cudaDev 0 busId 1e0 - Destroy COMPLETE
ip-10-241-2-76:57:57 [0] NCCL INFO comm 0x63980556ded0 rank 0 nranks 2 cudaDev 0 busId 1e0 - Destroy COMPLETE
ip-10-241-2-76:57:57 [0] NCCL INFO ENV/Plugin: Closing env plugin ncclEnvDefault
