Warning: You are sending unauthenticated requests to the HF Hub. Please set a HF_TOKEN to enable higher rate limits and faster downloads.
Generating train split:   0%|          | 0/50000 [00:00<?, ? examples/s]Generating train split:   0%|          | 100/50000 [00:00<01:23, 600.23 examples/s]Generating train split:  47%|████▋     | 23400/50000 [00:00<00:00, 107603.69 examples/s]Generating train split:  76%|███████▌  | 37900/50000 [00:00<00:00, 93523.60 examples/s] Generating train split: 100%|██████████| 50000/50000 [00:00<00:00, 100757.67 examples/s]
Generating test split:   0%|          | 0/10000 [00:00<?, ? examples/s]Generating test split: 100%|██████████| 10000/10000 [00:00<00:00, 247957.72 examples/s]
[W909 15:49:17.745626376 Utils.hpp:166] Warning: Environment variable NCCL_BLOCKING_WAIT is deprecated; use TORCH_NCCL_BLOCKING_WAIT instead (function operator())
[W909 15:49:17.745649156 Utils.hpp:137] Warning: Environment variable NCCL_ASYNC_ERROR_HANDLING is deprecated; use TORCH_NCCL_ASYNC_ERROR_HANDLING instead (function operator())
[rank5]:[W909 15:49:22.206268763 ProcessGroupNCCL.cpp:4215] Warning: An unbatched P2P op (send/recv) was called on this ProcessGroup with size 8.  In lazy initialization mode, this will result in a new 2-rank NCCL communicator to be created. (function operator())
ip-10-243-1-241:58:58 [0] NCCL INFO ENV/Plugin: Could not find: libnccl-env.so
ip-10-243-1-241:58:58 [0] NCCL INFO cudaDriverVersion 13020
ip-10-243-1-241:58:58 [0] NCCL INFO NCCL_SOCKET_IFNAME set to ens5
ip-10-243-1-241:58:58 [0] NCCL INFO NCCL version 2.29.7+cuda13.2
ip-10-243-1-241:58:58 [0] NCCL INFO NCCL git version stable b81d6a5a3
ip-10-243-1-241:58:58 [0] NCCL INFO NET/Plugin: Could not find: libnccl-net.so
ip-10-243-1-241:58:58 [0] NCCL INFO transport/net_ib/init.cc:396 -> 3
ip-10-243-1-241:58:58 [0] NCCL INFO Failed to initialize NET plugin IB
ip-10-243-1-241:58:58 [0] NCCL INFO NET/Socket : Using [0]ens5:10.243.1.241<0>
ip-10-243-1-241:58:58 [0] NCCL INFO Initialized NET plugin Socket
ip-10-243-1-241:58:58 [0] NCCL INFO Could not get speed from /sys/class/net/ens5/speed. Defaulting to 10 Gbps.
ip-10-243-1-241:58:58 [0] NCCL INFO Assigned NET plugin Socket to comm
ip-10-243-1-241:58:58 [0] NCCL INFO GIN/Plugin: Could not find: libnccl-gin.so

[2026-09-09 15:49:23] ip-10-243-1-241:58:58 [0] misc/ibvwrap.cc:173 NCCL WARN lib wrapper not initialized.
ip-10-243-1-241:58:58 [0] NCCL INFO transport/net_ib/gdr.cc:56 -> 3
ip-10-243-1-241:58:58 [0] NCCL INFO Unable to use GIN: Peermem is not supported, nor DMA-BUF.
ip-10-243-1-241:58:58 [0] NCCL INFO Unable to use GIN: Peermem is not supported, nor DMA-BUF.
ip-10-243-1-241:58:58 [0] NCCL INFO Failed to initialize any GIN plugin
ip-10-243-1-241:58:58 [0] NCCL INFO Using network Socket
ip-10-243-1-241:58:58 [0] NCCL INFO [Rank 1] ncclCommInitRankConfig comm 0x5ee1ddd7e130 rank 1 nranks 2 cudaDev 0 nvmlDev 0 busId 1e0 commId 0x7d64d35b20a437e0 - Init START
ip-10-243-1-241:58:58 [0] NCCL INFO RAS client listening socket at 127.0.0.1<28028>
ip-10-243-1-241:58:58 [0] NCCL INFO Topology detection : could not read /sys/devices/pci0000:00/0000:00:1e.0/../max_link_speed, ignoring
ip-10-243-1-241:58:58 [0] NCCL INFO Topology detection : could not read /sys/devices/pci0000:00/0000:00:1e.0/../max_link_width, ignoring
ip-10-243-1-241:58:58 [0] NCCL INFO Topology detection : could not read /sys/devices/system/node/node-1/cpumap, ignoring
ip-10-243-1-241:58:58 [0] NCCL INFO TOPO/NET : Importing network plugins to topology
ip-10-243-1-241:58:58 [0] NCCL INFO Could not get speed from /sys/class/net/ens5/speed. Defaulting to 10 Gbps.
ip-10-243-1-241:58:58 [0] NCCL INFO Topology detection : could not read /sys/devices/pci0000:00/0000:00:05.0/../max_link_speed, ignoring
ip-10-243-1-241:58:58 [0] NCCL INFO Topology detection : could not read /sys/devices/pci0000:00/0000:00:05.0/../max_link_width, ignoring
ip-10-243-1-241:58:58 [0] NCCL INFO Topology detection : could not read /sys/devices/system/node/node-1/cpumap, ignoring
ip-10-243-1-241:58:58 [0] NCCL INFO NET/Socket : GPU Direct RDMA Disabled for HCA 0 'ens5'
ip-10-243-1-241:58:58 [0] NCCL INFO ncclTopoPopulateNics : Filled ens5 in topo with pciPath=/sys/devices/pci0000:00/0000:00:05.0 net=1 gin=(null) keep=1 coll=(null)
ip-10-243-1-241:58:58 [0] NCCL INFO KV Convert to int : could not find value of 'Unknown' in dictionary, falling back to 60
ip-10-243-1-241:58:58 [0] NCCL INFO === System : maxBw 1.2 totalBw 24.0 ===
ip-10-243-1-241:58:58 [0] NCCL INFO CPU/0-ffffffffffffff (1/2/-1)
ip-10-243-1-241:58:58 [0] NCCL INFO + PCI[24.0] - GPU/0-1e0 (1)
ip-10-243-1-241:58:58 [0] NCCL INFO + PCI[12.0] - NIC/0-50
ip-10-243-1-241:58:58 [0] NCCL INFO               + NET[1.2] - NET/0-0 (0/0/0/1.250000)
ip-10-243-1-241:58:58 [0] NCCL INFO ==========================================
ip-10-243-1-241:58:58 [0] NCCL INFO GPU/0-1e0 :GPU/0-1e0 (0/5000.0/LOC) CPU/0-ffffffffffffff (1/24.0/PHB) NET/0-0 (3/1.2/PHB) 
ip-10-243-1-241:58:58 [0] NCCL INFO NET/0-0 :GPU/0-1e0 (3/1.2/PHB) CPU/0-ffffffffffffff (2/1.2/PHB) NET/0-0 (0/5000.0/LOC) 
ip-10-243-1-241:58:58 [0] NCCL INFO ncclTopoGetCpuAffinity: Affinity for GPU 0 is empty, ignoring. (GPU affinity =  ; CPU affinity = 0-3).
ip-10-243-1-241:58:58 [0] NCCL INFO Pattern 4, crossNic 0, nChannels 1, bw 1.200000/1.200000, type LOC/PHB, sameChannels 1
ip-10-243-1-241:58:58 [0] NCCL INFO  0 : NET/0-0 GPU/0-1e0 NET/0-0
ip-10-243-1-241:58:58 [0] NCCL INFO Pattern 3, crossNic 0, nChannels 1, bw 2.400000/1.200000, type LOC/PHB, sameChannels 1
ip-10-243-1-241:58:58 [0] NCCL INFO  0 : NET/0-0 GPU/0-1e0 NET/0-0
ip-10-243-1-241:58:58 [0] NCCL INFO Could not get speed from /sys/class/net/ens5/speed. Defaulting to 10 Gbps.
ip-10-243-1-241:58:58 [0] NCCL INFO comm 0x5ee1ddd7e130 rank 1 nRanks 2 nNodes 2 localRanks 1 localRank 0 MNNVL 0
ip-10-243-1-241:58:58 [0] NCCL INFO Tree 0 : 0 -> 1 -> -1/-1/-1
ip-10-243-1-241:58:58 [0] NCCL INFO Tree 1 : -1 -> 1 -> 0/-1/-1
ip-10-243-1-241:58:58 [0] NCCL INFO Ring 00 : 0 -> 1 -> 0
ip-10-243-1-241:58:58 [0] NCCL INFO Ring 01 : 0 -> 1 -> 0
ip-10-243-1-241:58:58 [0] NCCL INFO Trees [0] -1/-1/-1->1->0 [1] 0/-1/-1->1->-1
ip-10-243-1-241:58:58 [0] NCCL INFO P2P Chunksize set to 131072
ip-10-243-1-241:58:58 [0] NCCL INFO PROFILER/Plugin: Could not find: libnccl-profiler.so
ip-10-243-1-241:58:58 [0] NCCL INFO Check P2P Type isAllDirectP2p 1 directMode 0 isAllCudaP2p 1
ip-10-243-1-241:58:100 [0] NCCL INFO [Proxy Service] Device 0 CPU core 1
ip-10-243-1-241:58:58 [0] NCCL INFO ncclP2pSchedule: group size used is 1
ip-10-243-1-241:58:101 [0] NCCL INFO [Proxy Service UDS] Device 0 CPU core 0
ip-10-243-1-241:58:58 [0] NCCL INFO TUNER/Plugin: Could not find: libnccl-tuner.so
ip-10-243-1-241:58:58 [0] NCCL INFO threadThresholds 8/8/64 | 16/8/64 | 512 | 512
ip-10-243-1-241:58:58 [0] NCCL INFO 2 coll channels, 2 collnet channels, 0 nvls channels, 2 p2p channels, 1 p2p channels per peer
ip-10-243-1-241:58:58 [0] NCCL INFO Symmetric VA size=24GB
ip-10-243-1-241:58:58 [0] NCCL INFO Symmetric memory is not supported. cuMemEnable 1, globalGinSupport 0, globalNicFused 0 cuMemGdrSupport 1
ip-10-243-1-241:58:58 [0] NCCL INFO ncclCommInitRankConfig comm 0x5ee1ddd7e130 rank 1 nranks 2 cudaDev 0 nvmlDev 0 busId 1e0 commId 0x7d64d35b20a437e0 - Init COMPLETE
ip-10-243-1-241:58:58 [0] NCCL INFO Init timings - ncclCommInitRankConfig: rank 1 nranks 2 total 0.21 (kernels 0.17, alloc 0.02, bootstrap 0.02, allgathers 0.00, topo 0.00, graphs 0.00, connections 0.00, rest 0.00)
ip-10-243-1-241:58:100 [0] NCCL INFO New proxy recv connection 0 from local rank 0, transport 2
ip-10-243-1-241:58:102 [0] NCCL INFO [Proxy Progress] Device 0 CPU core 0
ip-10-243-1-241:58:58 [0] NCCL INFO Connected to proxy localRank 0 -> connection 0x70acd0004fa0
ip-10-243-1-241:58:100 [0] NCCL INFO Could not get speed from /sys/class/net/ens5/speed. Defaulting to 10 Gbps.
ip-10-243-1-241:58:100 [0] NCCL INFO NET/Socket: Using 2 threads and 8 sockets per thread
ip-10-243-1-241:58:58 [0] NCCL INFO Channel 01/1 : 0[0] -> 1[0] [receive] via NET/Socket/0/Shared
[rank5]:[W909 15:49:24.280216652 ProcessGroupNCCL.cpp:4215] Warning: An unbatched P2P op (send/recv) was called on this ProcessGroup with size 8.  In lazy initialization mode, this will result in a new 2-rank NCCL communicator to be created. (function operator())
ip-10-243-1-241:58:100 [0] NCCL INFO New proxy send connection 1 from local rank 0, transport 2
ip-10-243-1-241:58:58 [0] NCCL INFO Connected to proxy localRank 0 -> connection 0x70acd0005028
ip-10-243-1-241:58:100 [0] NCCL INFO Could not get speed from /sys/class/net/ens5/speed. Defaulting to 10 Gbps.
ip-10-243-1-241:58:58 [0] NCCL INFO Channel 01/1 : 1[0] -> 0[0] [send] via NET/Socket/0/Shared
ip-10-243-1-241:58:58 [0] NCCL INFO Initialized NET plugin Socket
ip-10-243-1-241:58:58 [0] NCCL INFO Could not get speed from /sys/class/net/ens5/speed. Defaulting to 10 Gbps.
ip-10-243-1-241:58:58 [0] NCCL INFO Assigned NET plugin Socket to comm
ip-10-243-1-241:58:58 [0] NCCL INFO Failed to initialize any GIN plugin
ip-10-243-1-241:58:58 [0] NCCL INFO Using network Socket
ip-10-243-1-241:58:58 [0] NCCL INFO [Rank 5] ncclCommInitRankConfig comm 0x5ee1e1ef4580 rank 5 nranks 8 cudaDev 0 nvmlDev 0 busId 1e0 commId 0xa3a5c09084f8663a - Init START
ip-10-243-1-241:58:58 [0] NCCL INFO Topology detection : could not read /sys/devices/pci0000:00/0000:00:1e.0/../max_link_speed, ignoring
ip-10-243-1-241:58:58 [0] NCCL INFO Topology detection : could not read /sys/devices/pci0000:00/0000:00:1e.0/../max_link_width, ignoring
ip-10-243-1-241:58:58 [0] NCCL INFO Topology detection : could not read /sys/devices/system/node/node-1/cpumap, ignoring
ip-10-243-1-241:58:58 [0] NCCL INFO TOPO/NET : Importing network plugins to topology
ip-10-243-1-241:58:58 [0] NCCL INFO Could not get speed from /sys/class/net/ens5/speed. Defaulting to 10 Gbps.
ip-10-243-1-241:58:58 [0] NCCL INFO Topology detection : could not read /sys/devices/pci0000:00/0000:00:05.0/../max_link_speed, ignoring
ip-10-243-1-241:58:58 [0] NCCL INFO Topology detection : could not read /sys/devices/pci0000:00/0000:00:05.0/../max_link_width, ignoring
ip-10-243-1-241:58:58 [0] NCCL INFO Topology detection : could not read /sys/devices/system/node/node-1/cpumap, ignoring
ip-10-243-1-241:58:58 [0] NCCL INFO NET/Socket : GPU Direct RDMA Disabled for HCA 0 'ens5'
ip-10-243-1-241:58:58 [0] NCCL INFO ncclTopoPopulateNics : Filled ens5 in topo with pciPath=/sys/devices/pci0000:00/0000:00:05.0 net=1 gin=(null) keep=1 coll=(null)
ip-10-243-1-241:58:58 [0] NCCL INFO KV Convert to int : could not find value of 'Unknown' in dictionary, falling back to 60
ip-10-243-1-241:58:58 [0] NCCL INFO === System : maxBw 1.2 totalBw 24.0 ===
ip-10-243-1-241:58:58 [0] NCCL INFO CPU/0-ffffffffffffff (1/2/-1)
ip-10-243-1-241:58:58 [0] NCCL INFO + PCI[24.0] - GPU/0-1e0 (5)
ip-10-243-1-241:58:58 [0] NCCL INFO + PCI[12.0] - NIC/0-50
ip-10-243-1-241:58:58 [0] NCCL INFO               + NET[1.2] - NET/0-0 (0/0/0/1.250000)
ip-10-243-1-241:58:58 [0] NCCL INFO ==========================================
ip-10-243-1-241:58:58 [0] NCCL INFO GPU/0-1e0 :GPU/0-1e0 (0/5000.0/LOC) CPU/0-ffffffffffffff (1/24.0/PHB) NET/0-0 (3/1.2/PHB) 
ip-10-243-1-241:58:58 [0] NCCL INFO NET/0-0 :GPU/0-1e0 (3/1.2/PHB) CPU/0-ffffffffffffff (2/1.2/PHB) NET/0-0 (0/5000.0/LOC) 
ip-10-243-1-241:58:58 [0] NCCL INFO ncclTopoGetCpuAffinity: Affinity for GPU 0 is empty, ignoring. (GPU affinity =  ; CPU affinity = 0-3).
ip-10-243-1-241:58:58 [0] NCCL INFO Pattern 4, crossNic 0, nChannels 1, bw 1.200000/1.200000, type LOC/PHB, sameChannels 1
ip-10-243-1-241:58:58 [0] NCCL INFO  0 : NET/0-0 GPU/0-1e0 NET/0-0
ip-10-243-1-241:58:58 [0] NCCL INFO Pattern 3, crossNic 0, nChannels 1, bw 2.400000/1.200000, type LOC/PHB, sameChannels 1
ip-10-243-1-241:58:58 [0] NCCL INFO  0 : NET/0-0 GPU/0-1e0 NET/0-0
ip-10-243-1-241:58:58 [0] NCCL INFO Could not get speed from /sys/class/net/ens5/speed. Defaulting to 10 Gbps.
ip-10-243-1-241:58:58 [0] NCCL INFO comm 0x5ee1e1ef4580 rank 5 nRanks 8 nNodes 8 localRanks 1 localRank 0 MNNVL 0
ip-10-243-1-241:58:58 [0] NCCL INFO Tree 0 : 6 -> 5 -> -1/-1/-1
ip-10-243-1-241:58:58 [0] NCCL INFO Tree 1 : 3 -> 5 -> 6/4/-1
ip-10-243-1-241:58:58 [0] NCCL INFO Ring 00 : 4 -> 5 -> 6
ip-10-243-1-241:58:58 [0] NCCL INFO Ring 01 : 4 -> 5 -> 6
ip-10-243-1-241:58:58 [0] NCCL INFO Trees [0] -1/-1/-1->5->6 [1] 6/4/-1->5->3
ip-10-243-1-241:58:58 [0] NCCL INFO P2P Chunksize set to 131072
ip-10-243-1-241:58:58 [0] NCCL INFO Check P2P Type isAllDirectP2p 1 directMode 0 isAllCudaP2p 1
ip-10-243-1-241:58:58 [0] NCCL INFO ncclP2pSchedule: group size used is 1
ip-10-243-1-241:58:108 [0] NCCL INFO [Proxy Service UDS] Device 0 CPU core 1
ip-10-243-1-241:58:107 [0] NCCL INFO [Proxy Service] Device 0 CPU core 1
ip-10-243-1-241:58:58 [0] NCCL INFO threadThresholds 8/8/64 | 64/8/64 | 512 | 512
ip-10-243-1-241:58:58 [0] NCCL INFO 2 coll channels, 2 collnet channels, 0 nvls channels, 2 p2p channels, 1 p2p channels per peer
ip-10-243-1-241:58:58 [0] NCCL INFO Symmetric VA size=24GB
ip-10-243-1-241:58:58 [0] NCCL INFO Symmetric memory is not supported. cuMemEnable 1, globalGinSupport 0, globalNicFused 0 cuMemGdrSupport 1
ip-10-243-1-241:58:58 [0] NCCL INFO ncclCommInitRankConfig comm 0x5ee1e1ef4580 rank 5 nranks 8 cudaDev 0 nvmlDev 0 busId 1e0 commId 0xa3a5c09084f8663a - Init COMPLETE
ip-10-243-1-241:58:58 [0] NCCL INFO Init timings - ncclCommInitRankConfig: rank 5 nranks 8 total 14.50 (kernels 0.00, alloc 0.00, bootstrap 13.76, allgathers 0.74, topo 0.00, graphs 0.00, connections 0.00, rest 0.00)
ip-10-243-1-241:58:107 [0] NCCL INFO New proxy recv connection 0 from local rank 0, transport 2
ip-10-243-1-241:58:109 [0] NCCL INFO [Proxy Progress] Device 0 CPU core 2
ip-10-243-1-241:58:58 [0] NCCL INFO Connected to proxy localRank 0 -> connection 0x70ac94004f70
ip-10-243-1-241:58:107 [0] NCCL INFO Could not get speed from /sys/class/net/ens5/speed. Defaulting to 10 Gbps.
ip-10-243-1-241:58:107 [0] NCCL INFO NET/Socket: Using 2 threads and 8 sockets per thread
ip-10-243-1-241:58:58 [0] NCCL INFO Channel 01/0 : 4[0] -> 5[0] [receive] via NET/Socket/0
ip-10-243-1-241:58:107 [0] NCCL INFO New proxy send connection 1 from local rank 0, transport 2
ip-10-243-1-241:58:58 [0] NCCL INFO Connected to proxy localRank 0 -> connection 0x70ac94004ff8
ip-10-243-1-241:58:107 [0] NCCL INFO Could not get speed from /sys/class/net/ens5/speed. Defaulting to 10 Gbps.
ip-10-243-1-241:58:58 [0] NCCL INFO Channel 00/0 : 5[0] -> 6[0] [send] via NET/Socket/0
ip-10-243-1-241:58:107 [0] NCCL INFO New proxy send connection 2 from local rank 0, transport 2
ip-10-243-1-241:58:58 [0] NCCL INFO Connected to proxy localRank 0 -> connection 0x70ac94005080
ip-10-243-1-241:58:107 [0] NCCL INFO Could not get speed from /sys/class/net/ens5/speed. Defaulting to 10 Gbps.
ip-10-243-1-241:58:58 [0] NCCL INFO Channel 01/0 : 5[0] -> 6[0] [send] via NET/Socket/0
ip-10-243-1-241:58:107 [0] NCCL INFO New proxy recv connection 3 from local rank 0, transport 2
ip-10-243-1-241:58:58 [0] NCCL INFO Connected to proxy localRank 0 -> connection 0x70ac94005108
ip-10-243-1-241:58:107 [0] NCCL INFO Could not get speed from /sys/class/net/ens5/speed. Defaulting to 10 Gbps.
ip-10-243-1-241:58:107 [0] NCCL INFO NET/Socket: Using 2 threads and 8 sockets per thread
ip-10-243-1-241:58:58 [0] NCCL INFO Channel 01/0 : 3[0] -> 5[0] [receive] via NET/Socket/0
ip-10-243-1-241:58:107 [0] NCCL INFO New proxy send connection 4 from local rank 0, transport 2
ip-10-243-1-241:58:58 [0] NCCL INFO Connected to proxy localRank 0 -> connection 0x70ac94005190
ip-10-243-1-241:58:107 [0] NCCL INFO Could not get speed from /sys/class/net/ens5/speed. Defaulting to 10 Gbps.
ip-10-243-1-241:58:58 [0] NCCL INFO Channel 01/0 : 5[0] -> 3[0] [send] via NET/Socket/0
ip-10-243-1-241:58:107 [0] NCCL INFO New proxy recv connection 5 from local rank 0, transport 2
ip-10-243-1-241:58:58 [0] NCCL INFO Connected to proxy localRank 0 -> connection 0x70ac94005218
ip-10-243-1-241:58:107 [0] NCCL INFO Could not get speed from /sys/class/net/ens5/speed. Defaulting to 10 Gbps.
ip-10-243-1-241:58:107 [0] NCCL INFO NET/Socket: Using 2 threads and 8 sockets per thread
ip-10-243-1-241:58:58 [0] NCCL INFO Channel 00/0 : 6[0] -> 5[0] [receive] via NET/Socket/0
ip-10-243-1-241:58:107 [0] NCCL INFO New proxy recv connection 6 from local rank 0, transport 2
ip-10-243-1-241:58:58 [0] NCCL INFO Connected to proxy localRank 0 -> connection 0x70ac940052a0
ip-10-243-1-241:58:107 [0] NCCL INFO Could not get speed from /sys/class/net/ens5/speed. Defaulting to 10 Gbps.
ip-10-243-1-241:58:107 [0] NCCL INFO NET/Socket: Using 2 threads and 8 sockets per thread
ip-10-243-1-241:58:58 [0] NCCL INFO Channel 01/0 : 6[0] -> 5[0] [receive] via NET/Socket/0
ip-10-243-1-241:58:107 [0] NCCL INFO New proxy send connection 7 from local rank 0, transport 2
ip-10-243-1-241:58:58 [0] NCCL INFO Connected to proxy localRank 0 -> connection 0x70ac94005328
ip-10-243-1-241:58:107 [0] NCCL INFO Could not get speed from /sys/class/net/ens5/speed. Defaulting to 10 Gbps.
ip-10-243-1-241:58:58 [0] NCCL INFO Channel 01/0 : 5[0] -> 4[0] [send] via NET/Socket/0
ip-10-243-1-241:58:58 [0] NCCL INFO Connected all trees
ip-10-243-1-241:58:58 [0] NCCL INFO Initialized NET plugin Socket
ip-10-243-1-241:58:58 [0] NCCL INFO Could not get speed from /sys/class/net/ens5/speed. Defaulting to 10 Gbps.
ip-10-243-1-241:58:58 [0] NCCL INFO Assigned NET plugin Socket to comm
ip-10-243-1-241:58:58 [0] NCCL INFO Failed to initialize any GIN plugin
ip-10-243-1-241:58:58 [0] NCCL INFO Using network Socket
ip-10-243-1-241:58:58 [0] NCCL INFO [Rank 0] ncclCommInitRankConfig comm 0x5ee1e227a700 rank 0 nranks 2 cudaDev 0 nvmlDev 0 busId 1e0 commId 0x1a2a2e20984a608 - Init START
ip-10-243-1-241:58:58 [0] NCCL INFO Topology detection : could not read /sys/devices/pci0000:00/0000:00:1e.0/../max_link_speed, ignoring
ip-10-243-1-241:58:58 [0] NCCL INFO Topology detection : could not read /sys/devices/pci0000:00/0000:00:1e.0/../max_link_width, ignoring
ip-10-243-1-241:58:58 [0] NCCL INFO Topology detection : could not read /sys/devices/system/node/node-1/cpumap, ignoring
ip-10-243-1-241:58:58 [0] NCCL INFO TOPO/NET : Importing network plugins to topology
ip-10-243-1-241:58:58 [0] NCCL INFO Could not get speed from /sys/class/net/ens5/speed. Defaulting to 10 Gbps.
ip-10-243-1-241:58:58 [0] NCCL INFO Topology detection : could not read /sys/devices/pci0000:00/0000:00:05.0/../max_link_speed, ignoring
ip-10-243-1-241:58:58 [0] NCCL INFO Topology detection : could not read /sys/devices/pci0000:00/0000:00:05.0/../max_link_width, ignoring
ip-10-243-1-241:58:58 [0] NCCL INFO Topology detection : could not read /sys/devices/system/node/node-1/cpumap, ignoring
ip-10-243-1-241:58:58 [0] NCCL INFO NET/Socket : GPU Direct RDMA Disabled for HCA 0 'ens5'
ip-10-243-1-241:58:58 [0] NCCL INFO ncclTopoPopulateNics : Filled ens5 in topo with pciPath=/sys/devices/pci0000:00/0000:00:05.0 net=1 gin=(null) keep=1 coll=(null)
ip-10-243-1-241:58:58 [0] NCCL INFO KV Convert to int : could not find value of 'Unknown' in dictionary, falling back to 60
ip-10-243-1-241:58:58 [0] NCCL INFO === System : maxBw 1.2 totalBw 24.0 ===
ip-10-243-1-241:58:58 [0] NCCL INFO CPU/0-ffffffffffffff (1/2/-1)
ip-10-243-1-241:58:58 [0] NCCL INFO + PCI[24.0] - GPU/0-1e0 (0)
ip-10-243-1-241:58:58 [0] NCCL INFO + PCI[12.0] - NIC/0-50
ip-10-243-1-241:58:58 [0] NCCL INFO               + NET[1.2] - NET/0-0 (0/0/0/1.250000)
ip-10-243-1-241:58:58 [0] NCCL INFO ==========================================
ip-10-243-1-241:58:58 [0] NCCL INFO GPU/0-1e0 :GPU/0-1e0 (0/5000.0/LOC) CPU/0-ffffffffffffff (1/24.0/PHB) NET/0-0 (3/1.2/PHB) 
ip-10-243-1-241:58:58 [0] NCCL INFO NET/0-0 :GPU/0-1e0 (3/1.2/PHB) CPU/0-ffffffffffffff (2/1.2/PHB) NET/0-0 (0/5000.0/LOC) 
ip-10-243-1-241:58:58 [0] NCCL INFO ncclTopoGetCpuAffinity: Affinity for GPU 0 is empty, ignoring. (GPU affinity =  ; CPU affinity = 0-3).
ip-10-243-1-241:58:58 [0] NCCL INFO Pattern 4, crossNic 0, nChannels 1, bw 1.200000/1.200000, type LOC/PHB, sameChannels 1
ip-10-243-1-241:58:58 [0] NCCL INFO  0 : NET/0-0 GPU/0-1e0 NET/0-0
ip-10-243-1-241:58:58 [0] NCCL INFO Pattern 3, crossNic 0, nChannels 1, bw 2.400000/1.200000, type LOC/PHB, sameChannels 1
ip-10-243-1-241:58:58 [0] NCCL INFO  0 : NET/0-0 GPU/0-1e0 NET/0-0
ip-10-243-1-241:58:58 [0] NCCL INFO Could not get speed from /sys/class/net/ens5/speed. Defaulting to 10 Gbps.
ip-10-243-1-241:58:58 [0] NCCL INFO comm 0x5ee1e227a700 rank 0 nRanks 2 nNodes 2 localRanks 1 localRank 0 MNNVL 0
ip-10-243-1-241:58:58 [0] NCCL INFO Tree 0 : -1 -> 0 -> 1/-1/-1
ip-10-243-1-241:58:58 [0] NCCL INFO Tree 1 : 1 -> 0 -> -1/-1/-1
ip-10-243-1-241:58:58 [0] NCCL INFO Channel 00/02 : 0 1
ip-10-243-1-241:58:58 [0] NCCL INFO Channel 01/02 : 0 1
ip-10-243-1-241:58:58 [0] NCCL INFO Ring 00 : 1 -> 0 -> 1
ip-10-243-1-241:58:58 [0] NCCL INFO Ring 01 : 1 -> 0 -> 1
ip-10-243-1-241:58:58 [0] NCCL INFO Trees [0] 1/-1/-1->0->-1 [1] -1/-1/-1->0->1
ip-10-243-1-241:58:58 [0] NCCL INFO P2P Chunksize set to 131072
ip-10-243-1-241:58:58 [0] NCCL INFO Check P2P Type isAllDirectP2p 1 directMode 0 isAllCudaP2p 1
ip-10-243-1-241:58:111 [0] NCCL INFO [Proxy Service] Device 0 CPU core 1
ip-10-243-1-241:58:58 [0] NCCL INFO ncclP2pSchedule: group size used is 1
ip-10-243-1-241:58:112 [0] NCCL INFO [Proxy Service UDS] Device 0 CPU core 1
ip-10-243-1-241:58:58 [0] NCCL INFO threadThresholds 8/8/64 | 16/8/64 | 512 | 512
ip-10-243-1-241:58:58 [0] NCCL INFO 2 coll channels, 2 collnet channels, 0 nvls channels, 2 p2p channels, 1 p2p channels per peer
ip-10-243-1-241:58:58 [0] NCCL INFO Symmetric VA size=24GB
ip-10-243-1-241:58:58 [0] NCCL INFO Symmetric memory is not supported. cuMemEnable 1, globalGinSupport 0, globalNicFused 0 cuMemGdrSupport 1
ip-10-243-1-241:58:58 [0] NCCL INFO CC Off, workFifoBytes 1048576
ip-10-243-1-241:58:58 [0] NCCL INFO ncclCommInitRankConfig comm 0x5ee1e227a700 rank 0 nranks 2 cudaDev 0 nvmlDev 0 busId 1e0 commId 0x1a2a2e20984a608 - Init COMPLETE
ip-10-243-1-241:58:58 [0] NCCL INFO Init timings - ncclCommInitRankConfig: rank 0 nranks 2 total 1.13 (kernels 0.00, alloc 0.00, bootstrap 0.88, allgathers 0.23, topo 0.00, graphs 0.00, connections 0.00, rest 0.00)
ip-10-243-1-241:58:111 [0] NCCL INFO New proxy send connection 0 from local rank 0, transport 2
ip-10-243-1-241:58:113 [0] NCCL INFO [Proxy Progress] Device 0 CPU core 2
ip-10-243-1-241:58:58 [0] NCCL INFO Connected to proxy localRank 0 -> connection 0x70ac74004f70
ip-10-243-1-241:58:111 [0] NCCL INFO Could not get speed from /sys/class/net/ens5/speed. Defaulting to 10 Gbps.
ip-10-243-1-241:58:58 [0] NCCL INFO Channel 01/1 : 0[0] -> 1[0] [send] via NET/Socket/0/Shared
ip-10-243-1-241:58:111 [0] NCCL INFO New proxy recv connection 1 from local rank 0, transport 2
ip-10-243-1-241:58:58 [0] NCCL INFO Connected to proxy localRank 0 -> connection 0x70ac74004ff8
ip-10-243-1-241:58:111 [0] NCCL INFO Could not get speed from /sys/class/net/ens5/speed. Defaulting to 10 Gbps.
ip-10-243-1-241:58:111 [0] NCCL INFO NET/Socket: Using 2 threads and 8 sockets per thread
ip-10-243-1-241:58:58 [0] NCCL INFO Channel 01/1 : 1[0] -> 0[0] [receive] via NET/Socket/0/Shared
ip-10-243-1-241:58:58 [0] NCCL INFO Initialized NET plugin Socket
ip-10-243-1-241:58:58 [0] NCCL INFO Could not get speed from /sys/class/net/ens5/speed. Defaulting to 10 Gbps.
ip-10-243-1-241:58:58 [0] NCCL INFO Assigned NET plugin Socket to comm
ip-10-243-1-241:58:58 [0] NCCL INFO Failed to initialize any GIN plugin
ip-10-243-1-241:58:58 [0] NCCL INFO Using network Socket
ip-10-243-1-241:58:58 [0] NCCL INFO [Rank 1] ncclCommInitRankConfig comm 0x5ee1e239f4f0 rank 1 nranks 2 cudaDev 0 nvmlDev 0 busId 1e0 commId 0x3350e9e2f4137463 - Init START
ip-10-243-1-241:58:58 [0] NCCL INFO Topology detection : could not read /sys/devices/pci0000:00/0000:00:1e.0/../max_link_speed, ignoring
ip-10-243-1-241:58:58 [0] NCCL INFO Topology detection : could not read /sys/devices/pci0000:00/0000:00:1e.0/../max_link_width, ignoring
ip-10-243-1-241:58:58 [0] NCCL INFO Topology detection : could not read /sys/devices/system/node/node-1/cpumap, ignoring
ip-10-243-1-241:58:58 [0] NCCL INFO TOPO/NET : Importing network plugins to topology
ip-10-243-1-241:58:58 [0] NCCL INFO Could not get speed from /sys/class/net/ens5/speed. Defaulting to 10 Gbps.
ip-10-243-1-241:58:58 [0] NCCL INFO Topology detection : could not read /sys/devices/pci0000:00/0000:00:05.0/../max_link_speed, ignoring
ip-10-243-1-241:58:58 [0] NCCL INFO Topology detection : could not read /sys/devices/pci0000:00/0000:00:05.0/../max_link_width, ignoring
ip-10-243-1-241:58:58 [0] NCCL INFO Topology detection : could not read /sys/devices/system/node/node-1/cpumap, ignoring
ip-10-243-1-241:58:58 [0] NCCL INFO NET/Socket : GPU Direct RDMA Disabled for HCA 0 'ens5'
ip-10-243-1-241:58:58 [0] NCCL INFO ncclTopoPopulateNics : Filled ens5 in topo with pciPath=/sys/devices/pci0000:00/0000:00:05.0 net=1 gin=(null) keep=1 coll=(null)
ip-10-243-1-241:58:58 [0] NCCL INFO KV Convert to int : could not find value of 'Unknown' in dictionary, falling back to 60
ip-10-243-1-241:58:58 [0] NCCL INFO === System : maxBw 1.2 totalBw 24.0 ===
ip-10-243-1-241:58:58 [0] NCCL INFO CPU/0-ffffffffffffff (1/2/-1)
ip-10-243-1-241:58:58 [0] NCCL INFO + PCI[24.0] - GPU/0-1e0 (1)
ip-10-243-1-241:58:58 [0] NCCL INFO + PCI[12.0] - NIC/0-50
ip-10-243-1-241:58:58 [0] NCCL INFO               + NET[1.2] - NET/0-0 (0/0/0/1.250000)
ip-10-243-1-241:58:58 [0] NCCL INFO ==========================================
ip-10-243-1-241:58:58 [0] NCCL INFO GPU/0-1e0 :GPU/0-1e0 (0/5000.0/LOC) CPU/0-ffffffffffffff (1/24.0/PHB) NET/0-0 (3/1.2/PHB) 
ip-10-243-1-241:58:58 [0] NCCL INFO NET/0-0 :GPU/0-1e0 (3/1.2/PHB) CPU/0-ffffffffffffff (2/1.2/PHB) NET/0-0 (0/5000.0/LOC) 
ip-10-243-1-241:58:58 [0] NCCL INFO ncclTopoGetCpuAffinity: Affinity for GPU 0 is empty, ignoring. (GPU affinity =  ; CPU affinity = 0-3).
ip-10-243-1-241:58:58 [0] NCCL INFO Pattern 4, crossNic 0, nChannels 1, bw 1.200000/1.200000, type LOC/PHB, sameChannels 1
ip-10-243-1-241:58:58 [0] NCCL INFO  0 : NET/0-0 GPU/0-1e0 NET/0-0
ip-10-243-1-241:58:58 [0] NCCL INFO Pattern 3, crossNic 0, nChannels 1, bw 2.400000/1.200000, type LOC/PHB, sameChannels 1
ip-10-243-1-241:58:58 [0] NCCL INFO  0 : NET/0-0 GPU/0-1e0 NET/0-0
ip-10-243-1-241:58:58 [0] NCCL INFO Could not get speed from /sys/class/net/ens5/speed. Defaulting to 10 Gbps.
ip-10-243-1-241:58:58 [0] NCCL INFO comm 0x5ee1e239f4f0 rank 1 nRanks 2 nNodes 2 localRanks 1 localRank 0 MNNVL 0
ip-10-243-1-241:58:58 [0] NCCL INFO Tree 0 : 0 -> 1 -> -1/-1/-1
ip-10-243-1-241:58:58 [0] NCCL INFO Tree 1 : -1 -> 1 -> 0/-1/-1
ip-10-243-1-241:58:58 [0] NCCL INFO Ring 00 : 0 -> 1 -> 0
ip-10-243-1-241:58:58 [0] NCCL INFO Ring 01 : 0 -> 1 -> 0
ip-10-243-1-241:58:58 [0] NCCL INFO Trees [0] -1/-1/-1->1->0 [1] 0/-1/-1->1->-1
ip-10-243-1-241:58:58 [0] NCCL INFO P2P Chunksize set to 131072
ip-10-243-1-241:58:58 [0] NCCL INFO Check P2P Type isAllDirectP2p 1 directMode 0 isAllCudaP2p 1
ip-10-243-1-241:58:58 [0] NCCL INFO ncclP2pSchedule: group size used is 1
ip-10-243-1-241:58:118 [0] NCCL INFO [Proxy Service] Device 0 CPU core 3
ip-10-243-1-241:58:119 [0] NCCL INFO [Proxy Service UDS] Device 0 CPU core 1
ip-10-243-1-241:58:58 [0] NCCL INFO threadThresholds 8/8/64 | 16/8/64 | 512 | 512
ip-10-243-1-241:58:58 [0] NCCL INFO 2 coll channels, 2 collnet channels, 0 nvls channels, 2 p2p channels, 1 p2p channels per peer
ip-10-243-1-241:58:58 [0] NCCL INFO Symmetric VA size=24GB
ip-10-243-1-241:58:58 [0] NCCL INFO Symmetric memory is not supported. cuMemEnable 1, globalGinSupport 0, globalNicFused 0 cuMemGdrSupport 1
ip-10-243-1-241:58:58 [0] NCCL INFO ncclCommInitRankConfig comm 0x5ee1e239f4f0 rank 1 nranks 2 cudaDev 0 nvmlDev 0 busId 1e0 commId 0x3350e9e2f4137463 - Init COMPLETE
ip-10-243-1-241:58:58 [0] NCCL INFO Init timings - ncclCommInitRankConfig: rank 1 nranks 2 total 0.11 (kernels 0.00, alloc 0.00, bootstrap 0.07, allgathers 0.03, topo 0.00, graphs 0.00, connections 0.00, rest 0.00)
ip-10-243-1-241:58:118 [0] NCCL INFO New proxy recv connection 0 from local rank 0, transport 2
ip-10-243-1-241:58:120 [0] NCCL INFO [Proxy Progress] Device 0 CPU core 2
ip-10-243-1-241:58:58 [0] NCCL INFO Connected to proxy localRank 0 -> connection 0x70ac54004f70
ip-10-243-1-241:58:118 [0] NCCL INFO Could not get speed from /sys/class/net/ens5/speed. Defaulting to 10 Gbps.
ip-10-243-1-241:58:118 [0] NCCL INFO NET/Socket: Using 2 threads and 8 sockets per thread
ip-10-243-1-241:58:58 [0] NCCL INFO Channel 01/1 : 0[0] -> 1[0] [receive] via NET/Socket/0/Shared
ip-10-243-1-241:58:118 [0] NCCL INFO New proxy send connection 1 from local rank 0, transport 2
ip-10-243-1-241:58:58 [0] NCCL INFO Connected to proxy localRank 0 -> connection 0x70ac54004ff8
ip-10-243-1-241:58:118 [0] NCCL INFO Could not get speed from /sys/class/net/ens5/speed. Defaulting to 10 Gbps.
ip-10-243-1-241:58:58 [0] NCCL INFO Channel 01/1 : 1[0] -> 0[0] [send] via NET/Socket/0/Shared
ip-10-243-1-241:58:58 [0] NCCL INFO Initialized NET plugin Socket
ip-10-243-1-241:58:58 [0] NCCL INFO Could not get speed from /sys/class/net/ens5/speed. Defaulting to 10 Gbps.
ip-10-243-1-241:58:58 [0] NCCL INFO Assigned NET plugin Socket to comm
ip-10-243-1-241:58:58 [0] NCCL INFO Failed to initialize any GIN plugin
ip-10-243-1-241:58:58 [0] NCCL INFO Using network Socket
ip-10-243-1-241:58:58 [0] NCCL INFO [Rank 0] ncclCommInitRankConfig comm 0x5ee1e5450f90 rank 0 nranks 2 cudaDev 0 nvmlDev 0 busId 1e0 commId 0x327f68991a911852 - Init START
ip-10-243-1-241:58:58 [0] NCCL INFO Topology detection : could not read /sys/devices/pci0000:00/0000:00:1e.0/../max_link_speed, ignoring
ip-10-243-1-241:58:58 [0] NCCL INFO Topology detection : could not read /sys/devices/pci0000:00/0000:00:1e.0/../max_link_width, ignoring
ip-10-243-1-241:58:58 [0] NCCL INFO Topology detection : could not read /sys/devices/system/node/node-1/cpumap, ignoring
ip-10-243-1-241:58:58 [0] NCCL INFO TOPO/NET : Importing network plugins to topology
ip-10-243-1-241:58:58 [0] NCCL INFO Could not get speed from /sys/class/net/ens5/speed. Defaulting to 10 Gbps.
ip-10-243-1-241:58:58 [0] NCCL INFO Topology detection : could not read /sys/devices/pci0000:00/0000:00:05.0/../max_link_speed, ignoring
ip-10-243-1-241:58:58 [0] NCCL INFO Topology detection : could not read /sys/devices/pci0000:00/0000:00:05.0/../max_link_width, ignoring
ip-10-243-1-241:58:58 [0] NCCL INFO Topology detection : could not read /sys/devices/system/node/node-1/cpumap, ignoring
ip-10-243-1-241:58:58 [0] NCCL INFO NET/Socket : GPU Direct RDMA Disabled for HCA 0 'ens5'
ip-10-243-1-241:58:58 [0] NCCL INFO ncclTopoPopulateNics : Filled ens5 in topo with pciPath=/sys/devices/pci0000:00/0000:00:05.0 net=1 gin=(null) keep=1 coll=(null)
ip-10-243-1-241:58:58 [0] NCCL INFO KV Convert to int : could not find value of 'Unknown' in dictionary, falling back to 60
ip-10-243-1-241:58:58 [0] NCCL INFO === System : maxBw 1.2 totalBw 24.0 ===
ip-10-243-1-241:58:58 [0] NCCL INFO CPU/0-ffffffffffffff (1/2/-1)
ip-10-243-1-241:58:58 [0] NCCL INFO + PCI[24.0] - GPU/0-1e0 (0)
ip-10-243-1-241:58:58 [0] NCCL INFO + PCI[12.0] - NIC/0-50
ip-10-243-1-241:58:58 [0] NCCL INFO               + NET[1.2] - NET/0-0 (0/0/0/1.250000)
ip-10-243-1-241:58:58 [0] NCCL INFO ==========================================
ip-10-243-1-241:58:58 [0] NCCL INFO GPU/0-1e0 :GPU/0-1e0 (0/5000.0/LOC) CPU/0-ffffffffffffff (1/24.0/PHB) NET/0-0 (3/1.2/PHB) 
ip-10-243-1-241:58:58 [0] NCCL INFO NET/0-0 :GPU/0-1e0 (3/1.2/PHB) CPU/0-ffffffffffffff (2/1.2/PHB) NET/0-0 (0/5000.0/LOC) 
ip-10-243-1-241:58:58 [0] NCCL INFO ncclTopoGetCpuAffinity: Affinity for GPU 0 is empty, ignoring. (GPU affinity =  ; CPU affinity = 0-3).
ip-10-243-1-241:58:58 [0] NCCL INFO Pattern 4, crossNic 0, nChannels 1, bw 1.200000/1.200000, type LOC/PHB, sameChannels 1
ip-10-243-1-241:58:58 [0] NCCL INFO  0 : NET/0-0 GPU/0-1e0 NET/0-0
ip-10-243-1-241:58:58 [0] NCCL INFO Pattern 3, crossNic 0, nChannels 1, bw 2.400000/1.200000, type LOC/PHB, sameChannels 1
ip-10-243-1-241:58:58 [0] NCCL INFO  0 : NET/0-0 GPU/0-1e0 NET/0-0
ip-10-243-1-241:58:58 [0] NCCL INFO Could not get speed from /sys/class/net/ens5/speed. Defaulting to 10 Gbps.
ip-10-243-1-241:58:58 [0] NCCL INFO comm 0x5ee1e5450f90 rank 0 nRanks 2 nNodes 2 localRanks 1 localRank 0 MNNVL 0
ip-10-243-1-241:58:58 [0] NCCL INFO Tree 0 : -1 -> 0 -> 1/-1/-1
ip-10-243-1-241:58:58 [0] NCCL INFO Tree 1 : 1 -> 0 -> -1/-1/-1
ip-10-243-1-241:58:58 [0] NCCL INFO Channel 00/02 : 0 1
ip-10-243-1-241:58:58 [0] NCCL INFO Channel 01/02 : 0 1
ip-10-243-1-241:58:58 [0] NCCL INFO Ring 00 : 1 -> 0 -> 1
ip-10-243-1-241:58:58 [0] NCCL INFO Ring 01 : 1 -> 0 -> 1
ip-10-243-1-241:58:58 [0] NCCL INFO Trees [0] 1/-1/-1->0->-1 [1] -1/-1/-1->0->1
ip-10-243-1-241:58:58 [0] NCCL INFO P2P Chunksize set to 131072
ip-10-243-1-241:58:58 [0] NCCL INFO Check P2P Type isAllDirectP2p 1 directMode 0 isAllCudaP2p 1
ip-10-243-1-241:58:126 [0] NCCL INFO [Proxy Service] Device 0 CPU core 3
ip-10-243-1-241:58:127 [0] NCCL INFO [Proxy Service UDS] Device 0 CPU core 0
ip-10-243-1-241:58:58 [0] NCCL INFO ncclP2pSchedule: group size used is 1
ip-10-243-1-241:58:58 [0] NCCL INFO threadThresholds 8/8/64 | 16/8/64 | 512 | 512
ip-10-243-1-241:58:58 [0] NCCL INFO 2 coll channels, 2 collnet channels, 0 nvls channels, 2 p2p channels, 1 p2p channels per peer
ip-10-243-1-241:58:58 [0] NCCL INFO Symmetric VA size=24GB
ip-10-243-1-241:58:58 [0] NCCL INFO Symmetric memory is not supported. cuMemEnable 1, globalGinSupport 0, globalNicFused 0 cuMemGdrSupport 1
ip-10-243-1-241:58:58 [0] NCCL INFO CC Off, workFifoBytes 1048576
ip-10-243-1-241:58:58 [0] NCCL INFO ncclCommInitRankConfig comm 0x5ee1e5450f90 rank 0 nranks 2 cudaDev 0 nvmlDev 0 busId 1e0 commId 0x327f68991a911852 - Init COMPLETE
ip-10-243-1-241:58:58 [0] NCCL INFO Init timings - ncclCommInitRankConfig: rank 0 nranks 2 total 1.11 (kernels 0.00, alloc 0.00, bootstrap 0.86, allgathers 0.24, topo 0.00, graphs 0.00, connections 0.00, rest 0.00)
ip-10-243-1-241:58:126 [0] NCCL INFO New proxy send connection 0 from local rank 0, transport 2
ip-10-243-1-241:58:128 [0] NCCL INFO [Proxy Progress] Device 0 CPU core 0
ip-10-243-1-241:58:58 [0] NCCL INFO Connected to proxy localRank 0 -> connection 0x70ac500164b0
ip-10-243-1-241:58:126 [0] NCCL INFO Could not get speed from /sys/class/net/ens5/speed. Defaulting to 10 Gbps.
ip-10-243-1-241:58:58 [0] NCCL INFO Channel 01/1 : 0[0] -> 1[0] [send] via NET/Socket/0/Shared
ip-10-243-1-241:58:126 [0] NCCL INFO New proxy recv connection 1 from local rank 0, transport 2
ip-10-243-1-241:58:58 [0] NCCL INFO Connected to proxy localRank 0 -> connection 0x70ac50016538
ip-10-243-1-241:58:126 [0] NCCL INFO Could not get speed from /sys/class/net/ens5/speed. Defaulting to 10 Gbps.
ip-10-243-1-241:58:126 [0] NCCL INFO NET/Socket: Using 2 threads and 8 sockets per thread
ip-10-243-1-241:58:58 [0] NCCL INFO Channel 01/1 : 1[0] -> 0[0] [receive] via NET/Socket/0/Shared
ip-10-243-1-241:58:58 [0] NCCL INFO Initialized NET plugin Socket
ip-10-243-1-241:58:58 [0] NCCL INFO Could not get speed from /sys/class/net/ens5/speed. Defaulting to 10 Gbps.
ip-10-243-1-241:58:58 [0] NCCL INFO Assigned NET plugin Socket to comm
ip-10-243-1-241:58:58 [0] NCCL INFO Failed to initialize any GIN plugin
ip-10-243-1-241:58:58 [0] NCCL INFO Using network Socket
ip-10-243-1-241:58:58 [0] NCCL INFO [Rank 1] ncclCommInitRankConfig comm 0x5ee1e563cf50 rank 1 nranks 2 cudaDev 0 nvmlDev 0 busId 1e0 commId 0x393fb01f17091a6f - Init START
ip-10-243-1-241:58:58 [0] NCCL INFO Topology detection : could not read /sys/devices/pci0000:00/0000:00:1e.0/../max_link_speed, ignoring
ip-10-243-1-241:58:58 [0] NCCL INFO Topology detection : could not read /sys/devices/pci0000:00/0000:00:1e.0/../max_link_width, ignoring
ip-10-243-1-241:58:58 [0] NCCL INFO Topology detection : could not read /sys/devices/system/node/node-1/cpumap, ignoring
ip-10-243-1-241:58:58 [0] NCCL INFO TOPO/NET : Importing network plugins to topology
ip-10-243-1-241:58:58 [0] NCCL INFO Could not get speed from /sys/class/net/ens5/speed. Defaulting to 10 Gbps.
ip-10-243-1-241:58:58 [0] NCCL INFO Topology detection : could not read /sys/devices/pci0000:00/0000:00:05.0/../max_link_speed, ignoring
ip-10-243-1-241:58:58 [0] NCCL INFO Topology detection : could not read /sys/devices/pci0000:00/0000:00:05.0/../max_link_width, ignoring
ip-10-243-1-241:58:58 [0] NCCL INFO Topology detection : could not read /sys/devices/system/node/node-1/cpumap, ignoring
ip-10-243-1-241:58:58 [0] NCCL INFO NET/Socket : GPU Direct RDMA Disabled for HCA 0 'ens5'
ip-10-243-1-241:58:58 [0] NCCL INFO ncclTopoPopulateNics : Filled ens5 in topo with pciPath=/sys/devices/pci0000:00/0000:00:05.0 net=1 gin=(null) keep=1 coll=(null)
ip-10-243-1-241:58:58 [0] NCCL INFO KV Convert to int : could not find value of 'Unknown' in dictionary, falling back to 60
ip-10-243-1-241:58:58 [0] NCCL INFO === System : maxBw 1.2 totalBw 24.0 ===
ip-10-243-1-241:58:58 [0] NCCL INFO CPU/0-ffffffffffffff (1/2/-1)
ip-10-243-1-241:58:58 [0] NCCL INFO + PCI[24.0] - GPU/0-1e0 (1)
ip-10-243-1-241:58:58 [0] NCCL INFO + PCI[12.0] - NIC/0-50
ip-10-243-1-241:58:58 [0] NCCL INFO               + NET[1.2] - NET/0-0 (0/0/0/1.250000)
ip-10-243-1-241:58:58 [0] NCCL INFO ==========================================
ip-10-243-1-241:58:58 [0] NCCL INFO GPU/0-1e0 :GPU/0-1e0 (0/5000.0/LOC) CPU/0-ffffffffffffff (1/24.0/PHB) NET/0-0 (3/1.2/PHB) 
ip-10-243-1-241:58:58 [0] NCCL INFO NET/0-0 :GPU/0-1e0 (3/1.2/PHB) CPU/0-ffffffffffffff (2/1.2/PHB) NET/0-0 (0/5000.0/LOC) 
ip-10-243-1-241:58:58 [0] NCCL INFO ncclTopoGetCpuAffinity: Affinity for GPU 0 is empty, ignoring. (GPU affinity =  ; CPU affinity = 0-3).
ip-10-243-1-241:58:58 [0] NCCL INFO Pattern 4, crossNic 0, nChannels 1, bw 1.200000/1.200000, type LOC/PHB, sameChannels 1
ip-10-243-1-241:58:58 [0] NCCL INFO  0 : NET/0-0 GPU/0-1e0 NET/0-0
ip-10-243-1-241:58:58 [0] NCCL INFO Pattern 3, crossNic 0, nChannels 1, bw 2.400000/1.200000, type LOC/PHB, sameChannels 1
ip-10-243-1-241:58:58 [0] NCCL INFO  0 : NET/0-0 GPU/0-1e0 NET/0-0
ip-10-243-1-241:58:58 [0] NCCL INFO Could not get speed from /sys/class/net/ens5/speed. Defaulting to 10 Gbps.
ip-10-243-1-241:58:58 [0] NCCL INFO comm 0x5ee1e563cf50 rank 1 nRanks 2 nNodes 2 localRanks 1 localRank 0 MNNVL 0
ip-10-243-1-241:58:58 [0] NCCL INFO Tree 0 : 0 -> 1 -> -1/-1/-1
ip-10-243-1-241:58:58 [0] NCCL INFO Tree 1 : -1 -> 1 -> 0/-1/-1
ip-10-243-1-241:58:58 [0] NCCL INFO Ring 00 : 0 -> 1 -> 0
ip-10-243-1-241:58:58 [0] NCCL INFO Ring 01 : 0 -> 1 -> 0
ip-10-243-1-241:58:58 [0] NCCL INFO Trees [0] -1/-1/-1->1->0 [1] 0/-1/-1->1->-1
ip-10-243-1-241:58:58 [0] NCCL INFO P2P Chunksize set to 131072
ip-10-243-1-241:58:58 [0] NCCL INFO Check P2P Type isAllDirectP2p 1 directMode 0 isAllCudaP2p 1
ip-10-243-1-241:58:133 [0] NCCL INFO [Proxy Service] Device 0 CPU core 0
ip-10-243-1-241:58:58 [0] NCCL INFO ncclP2pSchedule: group size used is 1
ip-10-243-1-241:58:134 [0] NCCL INFO [Proxy Service UDS] Device 0 CPU core 2
ip-10-243-1-241:58:58 [0] NCCL INFO threadThresholds 8/8/64 | 16/8/64 | 512 | 512
ip-10-243-1-241:58:58 [0] NCCL INFO 2 coll channels, 2 collnet channels, 0 nvls channels, 2 p2p channels, 1 p2p channels per peer
ip-10-243-1-241:58:58 [0] NCCL INFO Symmetric VA size=24GB
ip-10-243-1-241:58:58 [0] NCCL INFO Symmetric memory is not supported. cuMemEnable 1, globalGinSupport 0, globalNicFused 0 cuMemGdrSupport 1
ip-10-243-1-241:58:58 [0] NCCL INFO ncclCommInitRankConfig comm 0x5ee1e563cf50 rank 1 nranks 2 cudaDev 0 nvmlDev 0 busId 1e0 commId 0x393fb01f17091a6f - Init COMPLETE
ip-10-243-1-241:58:58 [0] NCCL INFO Init timings - ncclCommInitRankConfig: rank 1 nranks 2 total 0.09 (kernels 0.00, alloc 0.00, bootstrap 0.06, allgathers 0.02, topo 0.00, graphs 0.00, connections 0.00, rest 0.00)
ip-10-243-1-241:58:133 [0] NCCL INFO New proxy recv connection 0 from local rank 0, transport 2
ip-10-243-1-241:58:135 [0] NCCL INFO [Proxy Progress] Device 0 CPU core 3
ip-10-243-1-241:58:58 [0] NCCL INFO Connected to proxy localRank 0 -> connection 0x70ac680164b0
ip-10-243-1-241:58:133 [0] NCCL INFO Could not get speed from /sys/class/net/ens5/speed. Defaulting to 10 Gbps.
ip-10-243-1-241:58:133 [0] NCCL INFO NET/Socket: Using 2 threads and 8 sockets per thread
ip-10-243-1-241:58:58 [0] NCCL INFO Channel 01/1 : 0[0] -> 1[0] [receive] via NET/Socket/0/Shared
ip-10-243-1-241:58:133 [0] NCCL INFO New proxy send connection 1 from local rank 0, transport 2
ip-10-243-1-241:58:58 [0] NCCL INFO Connected to proxy localRank 0 -> connection 0x70ac68016538
ip-10-243-1-241:58:133 [0] NCCL INFO Could not get speed from /sys/class/net/ens5/speed. Defaulting to 10 Gbps.
ip-10-243-1-241:58:58 [0] NCCL INFO Channel 01/1 : 1[0] -> 0[0] [send] via NET/Socket/0/Shared
ip-10-243-1-241:58:58 [0] NCCL INFO Initialized NET plugin Socket
ip-10-243-1-241:58:58 [0] NCCL INFO Could not get speed from /sys/class/net/ens5/speed. Defaulting to 10 Gbps.
ip-10-243-1-241:58:58 [0] NCCL INFO Assigned NET plugin Socket to comm
ip-10-243-1-241:58:58 [0] NCCL INFO Failed to initialize any GIN plugin
ip-10-243-1-241:58:58 [0] NCCL INFO Using network Socket
ip-10-243-1-241:58:58 [0] NCCL INFO [Rank 1] ncclCommInitRankConfig comm 0x5ee1e2589e00 rank 1 nranks 2 cudaDev 0 nvmlDev 0 busId 1e0 commId 0xe5bf5a87e3c8c382 - Init START
ip-10-243-1-241:58:58 [0] NCCL INFO Topology detection : could not read /sys/devices/pci0000:00/0000:00:1e.0/../max_link_speed, ignoring
ip-10-243-1-241:58:58 [0] NCCL INFO Topology detection : could not read /sys/devices/pci0000:00/0000:00:1e.0/../max_link_width, ignoring
ip-10-243-1-241:58:58 [0] NCCL INFO Topology detection : could not read /sys/devices/system/node/node-1/cpumap, ignoring
ip-10-243-1-241:58:58 [0] NCCL INFO TOPO/NET : Importing network plugins to topology
ip-10-243-1-241:58:58 [0] NCCL INFO Could not get speed from /sys/class/net/ens5/speed. Defaulting to 10 Gbps.
ip-10-243-1-241:58:58 [0] NCCL INFO Topology detection : could not read /sys/devices/pci0000:00/0000:00:05.0/../max_link_speed, ignoring
ip-10-243-1-241:58:58 [0] NCCL INFO Topology detection : could not read /sys/devices/pci0000:00/0000:00:05.0/../max_link_width, ignoring
ip-10-243-1-241:58:58 [0] NCCL INFO Topology detection : could not read /sys/devices/system/node/node-1/cpumap, ignoring
ip-10-243-1-241:58:58 [0] NCCL INFO NET/Socket : GPU Direct RDMA Disabled for HCA 0 'ens5'
ip-10-243-1-241:58:58 [0] NCCL INFO ncclTopoPopulateNics : Filled ens5 in topo with pciPath=/sys/devices/pci0000:00/0000:00:05.0 net=1 gin=(null) keep=1 coll=(null)
ip-10-243-1-241:58:58 [0] NCCL INFO KV Convert to int : could not find value of 'Unknown' in dictionary, falling back to 60
ip-10-243-1-241:58:58 [0] NCCL INFO === System : maxBw 1.2 totalBw 24.0 ===
ip-10-243-1-241:58:58 [0] NCCL INFO CPU/0-ffffffffffffff (1/2/-1)
ip-10-243-1-241:58:58 [0] NCCL INFO + PCI[24.0] - GPU/0-1e0 (1)
ip-10-243-1-241:58:58 [0] NCCL INFO + PCI[12.0] - NIC/0-50
ip-10-243-1-241:58:58 [0] NCCL INFO               + NET[1.2] - NET/0-0 (0/0/0/1.250000)
ip-10-243-1-241:58:58 [0] NCCL INFO ==========================================
ip-10-243-1-241:58:58 [0] NCCL INFO GPU/0-1e0 :GPU/0-1e0 (0/5000.0/LOC) CPU/0-ffffffffffffff (1/24.0/PHB) NET/0-0 (3/1.2/PHB) 
ip-10-243-1-241:58:58 [0] NCCL INFO NET/0-0 :GPU/0-1e0 (3/1.2/PHB) CPU/0-ffffffffffffff (2/1.2/PHB) NET/0-0 (0/5000.0/LOC) 
ip-10-243-1-241:58:58 [0] NCCL INFO ncclTopoGetCpuAffinity: Affinity for GPU 0 is empty, ignoring. (GPU affinity =  ; CPU affinity = 0-3).
ip-10-243-1-241:58:58 [0] NCCL INFO Pattern 4, crossNic 0, nChannels 1, bw 1.200000/1.200000, type LOC/PHB, sameChannels 1
ip-10-243-1-241:58:58 [0] NCCL INFO  0 : NET/0-0 GPU/0-1e0 NET/0-0
ip-10-243-1-241:58:58 [0] NCCL INFO Pattern 3, crossNic 0, nChannels 1, bw 2.400000/1.200000, type LOC/PHB, sameChannels 1
ip-10-243-1-241:58:58 [0] NCCL INFO  0 : NET/0-0 GPU/0-1e0 NET/0-0
ip-10-243-1-241:58:58 [0] NCCL INFO Could not get speed from /sys/class/net/ens5/speed. Defaulting to 10 Gbps.
ip-10-243-1-241:58:58 [0] NCCL INFO comm 0x5ee1e2589e00 rank 1 nRanks 2 nNodes 2 localRanks 1 localRank 0 MNNVL 0
ip-10-243-1-241:58:58 [0] NCCL INFO Tree 0 : 0 -> 1 -> -1/-1/-1
ip-10-243-1-241:58:58 [0] NCCL INFO Tree 1 : -1 -> 1 -> 0/-1/-1
ip-10-243-1-241:58:58 [0] NCCL INFO Ring 00 : 0 -> 1 -> 0
ip-10-243-1-241:58:58 [0] NCCL INFO Ring 01 : 0 -> 1 -> 0
ip-10-243-1-241:58:58 [0] NCCL INFO Trees [0] -1/-1/-1->1->0 [1] 0/-1/-1->1->-1
ip-10-243-1-241:58:58 [0] NCCL INFO P2P Chunksize set to 131072
ip-10-243-1-241:58:58 [0] NCCL INFO Check P2P Type isAllDirectP2p 1 directMode 0 isAllCudaP2p 1
ip-10-243-1-241:58:58 [0] NCCL INFO ncclP2pSchedule: group size used is 1
ip-10-243-1-241:58:141 [0] NCCL INFO [Proxy Service UDS] Device 0 CPU core 1
ip-10-243-1-241:58:140 [0] NCCL INFO [Proxy Service] Device 0 CPU core 1
ip-10-243-1-241:58:58 [0] NCCL INFO threadThresholds 8/8/64 | 16/8/64 | 512 | 512
ip-10-243-1-241:58:58 [0] NCCL INFO 2 coll channels, 2 collnet channels, 0 nvls channels, 2 p2p channels, 1 p2p channels per peer
ip-10-243-1-241:58:58 [0] NCCL INFO Symmetric VA size=24GB
ip-10-243-1-241:58:58 [0] NCCL INFO Symmetric memory is not supported. cuMemEnable 1, globalGinSupport 0, globalNicFused 0 cuMemGdrSupport 1
ip-10-243-1-241:58:58 [0] NCCL INFO ncclCommInitRankConfig comm 0x5ee1e2589e00 rank 1 nranks 2 cudaDev 0 nvmlDev 0 busId 1e0 commId 0xe5bf5a87e3c8c382 - Init COMPLETE
ip-10-243-1-241:58:58 [0] NCCL INFO Init timings - ncclCommInitRankConfig: rank 1 nranks 2 total 0.35 (kernels 0.00, alloc 0.00, bootstrap 0.24, allgathers 0.10, topo 0.00, graphs 0.00, connections 0.00, rest 0.00)
ip-10-243-1-241:58:140 [0] NCCL INFO New proxy recv connection 0 from local rank 0, transport 2
ip-10-243-1-241:58:142 [0] NCCL INFO [Proxy Progress] Device 0 CPU core 2
ip-10-243-1-241:58:58 [0] NCCL INFO Connected to proxy localRank 0 -> connection 0x70ac98009530
ip-10-243-1-241:58:140 [0] NCCL INFO Could not get speed from /sys/class/net/ens5/speed. Defaulting to 10 Gbps.
ip-10-243-1-241:58:140 [0] NCCL INFO NET/Socket: Using 2 threads and 8 sockets per thread
ip-10-243-1-241:58:58 [0] NCCL INFO Channel 01/1 : 0[0] -> 1[0] [receive] via NET/Socket/0/Shared
ip-10-243-1-241:58:140 [0] NCCL INFO New proxy send connection 1 from local rank 0, transport 2
ip-10-243-1-241:58:58 [0] NCCL INFO Connected to proxy localRank 0 -> connection 0x70ac980095b8
ip-10-243-1-241:58:140 [0] NCCL INFO Could not get speed from /sys/class/net/ens5/speed. Defaulting to 10 Gbps.
ip-10-243-1-241:58:58 [0] NCCL INFO Channel 01/1 : 1[0] -> 0[0] [send] via NET/Socket/0/Shared
ip-10-243-1-241:58:58 [0] NCCL INFO Initialized NET plugin Socket
ip-10-243-1-241:58:58 [0] NCCL INFO Could not get speed from /sys/class/net/ens5/speed. Defaulting to 10 Gbps.
ip-10-243-1-241:58:58 [0] NCCL INFO Assigned NET plugin Socket to comm
ip-10-243-1-241:58:58 [0] NCCL INFO Failed to initialize any GIN plugin
ip-10-243-1-241:58:58 [0] NCCL INFO Using network Socket
ip-10-243-1-241:58:58 [0] NCCL INFO [Rank 1] ncclCommInitRankConfig comm 0x5ee1e2801e30 rank 1 nranks 2 cudaDev 0 nvmlDev 0 busId 1e0 commId 0xdd2e1f3339e1f5f6 - Init START
ip-10-243-1-241:58:58 [0] NCCL INFO Topology detection : could not read /sys/devices/pci0000:00/0000:00:1e.0/../max_link_speed, ignoring
ip-10-243-1-241:58:58 [0] NCCL INFO Topology detection : could not read /sys/devices/pci0000:00/0000:00:1e.0/../max_link_width, ignoring
ip-10-243-1-241:58:58 [0] NCCL INFO Topology detection : could not read /sys/devices/system/node/node-1/cpumap, ignoring
ip-10-243-1-241:58:58 [0] NCCL INFO TOPO/NET : Importing network plugins to topology
ip-10-243-1-241:58:58 [0] NCCL INFO Could not get speed from /sys/class/net/ens5/speed. Defaulting to 10 Gbps.
ip-10-243-1-241:58:58 [0] NCCL INFO Topology detection : could not read /sys/devices/pci0000:00/0000:00:05.0/../max_link_speed, ignoring
ip-10-243-1-241:58:58 [0] NCCL INFO Topology detection : could not read /sys/devices/pci0000:00/0000:00:05.0/../max_link_width, ignoring
ip-10-243-1-241:58:58 [0] NCCL INFO Topology detection : could not read /sys/devices/system/node/node-1/cpumap, ignoring
ip-10-243-1-241:58:58 [0] NCCL INFO NET/Socket : GPU Direct RDMA Disabled for HCA 0 'ens5'
ip-10-243-1-241:58:58 [0] NCCL INFO ncclTopoPopulateNics : Filled ens5 in topo with pciPath=/sys/devices/pci0000:00/0000:00:05.0 net=1 gin=(null) keep=1 coll=(null)
ip-10-243-1-241:58:58 [0] NCCL INFO KV Convert to int : could not find value of 'Unknown' in dictionary, falling back to 60
ip-10-243-1-241:58:58 [0] NCCL INFO === System : maxBw 1.2 totalBw 24.0 ===
ip-10-243-1-241:58:58 [0] NCCL INFO CPU/0-ffffffffffffff (1/2/-1)
ip-10-243-1-241:58:58 [0] NCCL INFO + PCI[24.0] - GPU/0-1e0 (1)
ip-10-243-1-241:58:58 [0] NCCL INFO + PCI[12.0] - NIC/0-50
ip-10-243-1-241:58:58 [0] NCCL INFO               + NET[1.2] - NET/0-0 (0/0/0/1.250000)
ip-10-243-1-241:58:58 [0] NCCL INFO ==========================================
ip-10-243-1-241:58:58 [0] NCCL INFO GPU/0-1e0 :GPU/0-1e0 (0/5000.0/LOC) CPU/0-ffffffffffffff (1/24.0/PHB) NET/0-0 (3/1.2/PHB) 
ip-10-243-1-241:58:58 [0] NCCL INFO NET/0-0 :GPU/0-1e0 (3/1.2/PHB) CPU/0-ffffffffffffff (2/1.2/PHB) NET/0-0 (0/5000.0/LOC) 
ip-10-243-1-241:58:58 [0] NCCL INFO ncclTopoGetCpuAffinity: Affinity for GPU 0 is empty, ignoring. (GPU affinity =  ; CPU affinity = 0-3).
ip-10-243-1-241:58:58 [0] NCCL INFO Pattern 4, crossNic 0, nChannels 1, bw 1.200000/1.200000, type LOC/PHB, sameChannels 1
ip-10-243-1-241:58:58 [0] NCCL INFO  0 : NET/0-0 GPU/0-1e0 NET/0-0
ip-10-243-1-241:58:58 [0] NCCL INFO Pattern 3, crossNic 0, nChannels 1, bw 2.400000/1.200000, type LOC/PHB, sameChannels 1
ip-10-243-1-241:58:58 [0] NCCL INFO  0 : NET/0-0 GPU/0-1e0 NET/0-0
ip-10-243-1-241:58:58 [0] NCCL INFO Could not get speed from /sys/class/net/ens5/speed. Defaulting to 10 Gbps.
ip-10-243-1-241:58:58 [0] NCCL INFO comm 0x5ee1e2801e30 rank 1 nRanks 2 nNodes 2 localRanks 1 localRank 0 MNNVL 0
ip-10-243-1-241:58:58 [0] NCCL INFO Tree 0 : 0 -> 1 -> -1/-1/-1
ip-10-243-1-241:58:58 [0] NCCL INFO Tree 1 : -1 -> 1 -> 0/-1/-1
ip-10-243-1-241:58:58 [0] NCCL INFO Ring 00 : 0 -> 1 -> 0
ip-10-243-1-241:58:58 [0] NCCL INFO Ring 01 : 0 -> 1 -> 0
ip-10-243-1-241:58:58 [0] NCCL INFO Trees [0] -1/-1/-1->1->0 [1] 0/-1/-1->1->-1
ip-10-243-1-241:58:58 [0] NCCL INFO P2P Chunksize set to 131072
ip-10-243-1-241:58:58 [0] NCCL INFO Check P2P Type isAllDirectP2p 1 directMode 0 isAllCudaP2p 1
ip-10-243-1-241:58:147 [0] NCCL INFO [Proxy Service] Device 0 CPU core 3
ip-10-243-1-241:58:58 [0] NCCL INFO ncclP2pSchedule: group size used is 1
ip-10-243-1-241:58:148 [0] NCCL INFO [Proxy Service UDS] Device 0 CPU core 3
ip-10-243-1-241:58:58 [0] NCCL INFO threadThresholds 8/8/64 | 16/8/64 | 512 | 512
ip-10-243-1-241:58:58 [0] NCCL INFO 2 coll channels, 2 collnet channels, 0 nvls channels, 2 p2p channels, 1 p2p channels per peer
ip-10-243-1-241:58:58 [0] NCCL INFO Symmetric VA size=24GB
ip-10-243-1-241:58:58 [0] NCCL INFO Symmetric memory is not supported. cuMemEnable 1, globalGinSupport 0, globalNicFused 0 cuMemGdrSupport 1
ip-10-243-1-241:58:58 [0] NCCL INFO ncclCommInitRankConfig comm 0x5ee1e2801e30 rank 1 nranks 2 cudaDev 0 nvmlDev 0 busId 1e0 commId 0xdd2e1f3339e1f5f6 - Init COMPLETE
ip-10-243-1-241:58:58 [0] NCCL INFO Init timings - ncclCommInitRankConfig: rank 1 nranks 2 total 0.37 (kernels 0.00, alloc 0.00, bootstrap 0.26, allgathers 0.10, topo 0.00, graphs 0.00, connections 0.00, rest 0.00)
ip-10-243-1-241:58:147 [0] NCCL INFO New proxy recv connection 0 from local rank 0, transport 2
ip-10-243-1-241:58:149 [0] NCCL INFO [Proxy Progress] Device 0 CPU core 1
ip-10-243-1-241:58:58 [0] NCCL INFO Connected to proxy localRank 0 -> connection 0x70acc0016510
ip-10-243-1-241:58:147 [0] NCCL INFO Could not get speed from /sys/class/net/ens5/speed. Defaulting to 10 Gbps.
ip-10-243-1-241:58:147 [0] NCCL INFO NET/Socket: Using 2 threads and 8 sockets per thread
ip-10-243-1-241:58:58 [0] NCCL INFO Channel 01/1 : 0[0] -> 1[0] [receive] via NET/Socket/0/Shared
ip-10-243-1-241:58:147 [0] NCCL INFO New proxy send connection 1 from local rank 0, transport 2
ip-10-243-1-241:58:58 [0] NCCL INFO Connected to proxy localRank 0 -> connection 0x70acc0016598
ip-10-243-1-241:58:147 [0] NCCL INFO Could not get speed from /sys/class/net/ens5/speed. Defaulting to 10 Gbps.
ip-10-243-1-241:58:58 [0] NCCL INFO Channel 01/1 : 1[0] -> 0[0] [send] via NET/Socket/0/Shared
ip-10-243-1-241:58:58 [0] NCCL INFO comm 0x5ee1e2801e30 rank 1 nranks 2 cudaDev 0 busId 1e0 - Destroy COMPLETE
ip-10-243-1-241:58:58 [0] NCCL INFO comm 0x5ee1e563cf50 rank 1 nranks 2 cudaDev 0 busId 1e0 - Destroy COMPLETE
ip-10-243-1-241:58:58 [0] NCCL INFO comm 0x5ee1e5450f90 rank 0 nranks 2 cudaDev 0 busId 1e0 - Destroy COMPLETE
ip-10-243-1-241:58:58 [0] NCCL INFO comm 0x5ee1e239f4f0 rank 1 nranks 2 cudaDev 0 busId 1e0 - Destroy COMPLETE
ip-10-243-1-241:58:58 [0] NCCL INFO comm 0x5ee1e227a700 rank 0 nranks 2 cudaDev 0 busId 1e0 - Destroy COMPLETE
ip-10-243-1-241:58:58 [0] NCCL INFO comm 0x5ee1e1ef4580 rank 5 nranks 8 cudaDev 0 busId 1e0 - Destroy COMPLETE
ip-10-243-1-241:58:58 [0] NCCL INFO comm 0x5ee1e2589e00 rank 1 nranks 2 cudaDev 0 busId 1e0 - Destroy COMPLETE
ip-10-243-1-241:58:58 [0] NCCL INFO comm 0x5ee1ddd7e130 rank 1 nranks 2 cudaDev 0 busId 1e0 - Destroy COMPLETE
ip-10-243-1-241:58:58 [0] NCCL INFO ENV/Plugin: Closing env plugin ncclEnvDefault
