Warning: You are sending unauthenticated requests to the HF Hub. Please set a HF_TOKEN to enable higher rate limits and faster downloads.
Generating train split:   0%|          | 0/50000 [00:00<?, ? examples/s]Generating train split:   0%|          | 100/50000 [00:00<02:21, 353.59 examples/s]Generating train split:  51%|█████     | 25600/50000 [00:00<00:00, 64395.74 examples/s]Generating train split: 100%|██████████| 50000/50000 [00:00<00:00, 90283.22 examples/s]
Generating test split:   0%|          | 0/10000 [00:00<?, ? examples/s]Generating test split: 100%|██████████| 10000/10000 [00:00<00:00, 257825.42 examples/s]
[W909 15:49:14.241638763 Utils.hpp:166] Warning: Environment variable NCCL_BLOCKING_WAIT is deprecated; use TORCH_NCCL_BLOCKING_WAIT instead (function operator())
[W909 15:49:14.241660643 Utils.hpp:137] Warning: Environment variable NCCL_ASYNC_ERROR_HANDLING is deprecated; use TORCH_NCCL_ASYNC_ERROR_HANDLING instead (function operator())
[rank7]:[W909 15:49:18.315864123 ProcessGroupNCCL.cpp:4215] Warning: An unbatched P2P op (send/recv) was called on this ProcessGroup with size 8.  In lazy initialization mode, this will result in a new 2-rank NCCL communicator to be created. (function operator())
ip-10-244-1-135:56:56 [0] NCCL INFO ENV/Plugin: Could not find: libnccl-env.so
ip-10-244-1-135:56:56 [0] NCCL INFO cudaDriverVersion 13020
ip-10-244-1-135:56:56 [0] NCCL INFO NCCL_SOCKET_IFNAME set to ens5
ip-10-244-1-135:56:56 [0] NCCL INFO NCCL version 2.29.7+cuda13.2
ip-10-244-1-135:56:56 [0] NCCL INFO NCCL git version stable b81d6a5a3
ip-10-244-1-135:56:56 [0] NCCL INFO NET/Plugin: Could not find: libnccl-net.so
ip-10-244-1-135:56:56 [0] NCCL INFO transport/net_ib/init.cc:396 -> 3
ip-10-244-1-135:56:56 [0] NCCL INFO Failed to initialize NET plugin IB
ip-10-244-1-135:56:56 [0] NCCL INFO NET/Socket : Using [0]ens5:10.244.1.135<0>
ip-10-244-1-135:56:56 [0] NCCL INFO Initialized NET plugin Socket
ip-10-244-1-135:56:56 [0] NCCL INFO Could not get speed from /sys/class/net/ens5/speed. Defaulting to 10 Gbps.
ip-10-244-1-135:56:56 [0] NCCL INFO Assigned NET plugin Socket to comm
ip-10-244-1-135:56:56 [0] NCCL INFO GIN/Plugin: Could not find: libnccl-gin.so

[2026-09-09 15:49:18] ip-10-244-1-135:56:56 [0] misc/ibvwrap.cc:173 NCCL WARN lib wrapper not initialized.
ip-10-244-1-135:56:56 [0] NCCL INFO transport/net_ib/gdr.cc:56 -> 3
ip-10-244-1-135:56:56 [0] NCCL INFO Unable to use GIN: Peermem is not supported, nor DMA-BUF.
ip-10-244-1-135:56:56 [0] NCCL INFO Unable to use GIN: Peermem is not supported, nor DMA-BUF.
ip-10-244-1-135:56:56 [0] NCCL INFO Failed to initialize any GIN plugin
ip-10-244-1-135:56:56 [0] NCCL INFO Using network Socket
ip-10-244-1-135:56:56 [0] NCCL INFO [Rank 1] ncclCommInitRankConfig comm 0x5fcc17262d90 rank 1 nranks 2 cudaDev 0 nvmlDev 0 busId 1e0 commId 0xa35e2dbd4f969e7e - Init START
ip-10-244-1-135:56:56 [0] NCCL INFO RAS client listening socket at 127.0.0.1<28028>
ip-10-244-1-135:56:56 [0] NCCL INFO Topology detection : could not read /sys/devices/pci0000:00/0000:00:1e.0/../max_link_speed, ignoring
ip-10-244-1-135:56:56 [0] NCCL INFO Topology detection : could not read /sys/devices/pci0000:00/0000:00:1e.0/../max_link_width, ignoring
ip-10-244-1-135:56:56 [0] NCCL INFO Topology detection : could not read /sys/devices/system/node/node-1/cpumap, ignoring
ip-10-244-1-135:56:56 [0] NCCL INFO TOPO/NET : Importing network plugins to topology
ip-10-244-1-135:56:56 [0] NCCL INFO Could not get speed from /sys/class/net/ens5/speed. Defaulting to 10 Gbps.
ip-10-244-1-135:56:56 [0] NCCL INFO Topology detection : could not read /sys/devices/pci0000:00/0000:00:05.0/../max_link_speed, ignoring
ip-10-244-1-135:56:56 [0] NCCL INFO Topology detection : could not read /sys/devices/pci0000:00/0000:00:05.0/../max_link_width, ignoring
ip-10-244-1-135:56:56 [0] NCCL INFO Topology detection : could not read /sys/devices/system/node/node-1/cpumap, ignoring
ip-10-244-1-135:56:56 [0] NCCL INFO NET/Socket : GPU Direct RDMA Disabled for HCA 0 'ens5'
ip-10-244-1-135:56:56 [0] NCCL INFO ncclTopoPopulateNics : Filled ens5 in topo with pciPath=/sys/devices/pci0000:00/0000:00:05.0 net=1 gin=(null) keep=1 coll=(null)
ip-10-244-1-135:56:56 [0] NCCL INFO KV Convert to int : could not find value of 'Unknown' in dictionary, falling back to 60
ip-10-244-1-135:56:56 [0] NCCL INFO === System : maxBw 1.2 totalBw 24.0 ===
ip-10-244-1-135:56:56 [0] NCCL INFO CPU/0-ffffffffffffff (1/2/-1)
ip-10-244-1-135:56:56 [0] NCCL INFO + PCI[24.0] - GPU/0-1e0 (1)
ip-10-244-1-135:56:56 [0] NCCL INFO + PCI[12.0] - NIC/0-50
ip-10-244-1-135:56:56 [0] NCCL INFO               + NET[1.2] - NET/0-0 (0/0/0/1.250000)
ip-10-244-1-135:56:56 [0] NCCL INFO ==========================================
ip-10-244-1-135:56:56 [0] NCCL INFO GPU/0-1e0 :GPU/0-1e0 (0/5000.0/LOC) CPU/0-ffffffffffffff (1/24.0/PHB) NET/0-0 (3/1.2/PHB) 
ip-10-244-1-135:56:56 [0] NCCL INFO NET/0-0 :GPU/0-1e0 (3/1.2/PHB) CPU/0-ffffffffffffff (2/1.2/PHB) NET/0-0 (0/5000.0/LOC) 
ip-10-244-1-135:56:56 [0] NCCL INFO ncclTopoGetCpuAffinity: Affinity for GPU 0 is empty, ignoring. (GPU affinity =  ; CPU affinity = 0-3).
ip-10-244-1-135:56:56 [0] NCCL INFO Pattern 4, crossNic 0, nChannels 1, bw 1.200000/1.200000, type LOC/PHB, sameChannels 1
ip-10-244-1-135:56:56 [0] NCCL INFO  0 : NET/0-0 GPU/0-1e0 NET/0-0
ip-10-244-1-135:56:56 [0] NCCL INFO Pattern 3, crossNic 0, nChannels 1, bw 2.400000/1.200000, type LOC/PHB, sameChannels 1
ip-10-244-1-135:56:56 [0] NCCL INFO  0 : NET/0-0 GPU/0-1e0 NET/0-0
ip-10-244-1-135:56:56 [0] NCCL INFO Could not get speed from /sys/class/net/ens5/speed. Defaulting to 10 Gbps.
ip-10-244-1-135:56:56 [0] NCCL INFO comm 0x5fcc17262d90 rank 1 nRanks 2 nNodes 2 localRanks 1 localRank 0 MNNVL 0
ip-10-244-1-135:56:56 [0] NCCL INFO Tree 0 : 0 -> 1 -> -1/-1/-1
ip-10-244-1-135:56:56 [0] NCCL INFO Tree 1 : -1 -> 1 -> 0/-1/-1
ip-10-244-1-135:56:56 [0] NCCL INFO Ring 00 : 0 -> 1 -> 0
ip-10-244-1-135:56:56 [0] NCCL INFO Ring 01 : 0 -> 1 -> 0
ip-10-244-1-135:56:56 [0] NCCL INFO Trees [0] -1/-1/-1->1->0 [1] 0/-1/-1->1->-1
ip-10-244-1-135:56:56 [0] NCCL INFO P2P Chunksize set to 131072
ip-10-244-1-135:56:56 [0] NCCL INFO PROFILER/Plugin: Could not find: libnccl-profiler.so
ip-10-244-1-135:56:56 [0] NCCL INFO Check P2P Type isAllDirectP2p 1 directMode 0 isAllCudaP2p 1
ip-10-244-1-135:56:56 [0] NCCL INFO ncclP2pSchedule: group size used is 1
ip-10-244-1-135:56:100 [0] NCCL INFO [Proxy Service] Device 0 CPU core 3
ip-10-244-1-135:56:101 [0] NCCL INFO [Proxy Service UDS] Device 0 CPU core 3
ip-10-244-1-135:56:56 [0] NCCL INFO TUNER/Plugin: Could not find: libnccl-tuner.so
ip-10-244-1-135:56:56 [0] NCCL INFO threadThresholds 8/8/64 | 16/8/64 | 512 | 512
ip-10-244-1-135:56:56 [0] NCCL INFO 2 coll channels, 2 collnet channels, 0 nvls channels, 2 p2p channels, 1 p2p channels per peer
ip-10-244-1-135:56:56 [0] NCCL INFO Symmetric VA size=24GB
ip-10-244-1-135:56:56 [0] NCCL INFO Symmetric memory is not supported. cuMemEnable 1, globalGinSupport 0, globalNicFused 0 cuMemGdrSupport 1
ip-10-244-1-135:56:56 [0] NCCL INFO ncclCommInitRankConfig comm 0x5fcc17262d90 rank 1 nranks 2 cudaDev 0 nvmlDev 0 busId 1e0 commId 0xa35e2dbd4f969e7e - Init COMPLETE
ip-10-244-1-135:56:56 [0] NCCL INFO Init timings - ncclCommInitRankConfig: rank 1 nranks 2 total 1.29 (kernels 0.17, alloc 0.02, bootstrap 0.78, allgathers 0.31, topo 0.00, graphs 0.00, connections 0.01, rest 0.00)
ip-10-244-1-135:56:100 [0] NCCL INFO New proxy recv connection 0 from local rank 0, transport 2
ip-10-244-1-135:56:102 [0] NCCL INFO [Proxy Progress] Device 0 CPU core 1
ip-10-244-1-135:56:56 [0] NCCL INFO Connected to proxy localRank 0 -> connection 0x7bf5cc004fa0
ip-10-244-1-135:56:100 [0] NCCL INFO Could not get speed from /sys/class/net/ens5/speed. Defaulting to 10 Gbps.
ip-10-244-1-135:56:100 [0] NCCL INFO NET/Socket: Using 2 threads and 8 sockets per thread
ip-10-244-1-135:56:56 [0] NCCL INFO Channel 01/1 : 0[0] -> 1[0] [receive] via NET/Socket/0/Shared
[rank7]:[W909 15:49:29.176233495 ProcessGroupNCCL.cpp:4215] Warning: An unbatched P2P op (send/recv) was called on this ProcessGroup with size 8.  In lazy initialization mode, this will result in a new 2-rank NCCL communicator to be created. (function operator())
ip-10-244-1-135:56:100 [0] NCCL INFO New proxy send connection 1 from local rank 0, transport 2
ip-10-244-1-135:56:56 [0] NCCL INFO Connected to proxy localRank 0 -> connection 0x7bf5cc005028
ip-10-244-1-135:56:100 [0] NCCL INFO Could not get speed from /sys/class/net/ens5/speed. Defaulting to 10 Gbps.
ip-10-244-1-135:56:56 [0] NCCL INFO Channel 01/1 : 1[0] -> 0[0] [send] via NET/Socket/0/Shared
ip-10-244-1-135:56:56 [0] NCCL INFO Initialized NET plugin Socket
ip-10-244-1-135:56:56 [0] NCCL INFO Could not get speed from /sys/class/net/ens5/speed. Defaulting to 10 Gbps.
ip-10-244-1-135:56:56 [0] NCCL INFO Assigned NET plugin Socket to comm
ip-10-244-1-135:56:56 [0] NCCL INFO Failed to initialize any GIN plugin
ip-10-244-1-135:56:56 [0] NCCL INFO Using network Socket
ip-10-244-1-135:56:56 [0] NCCL INFO [Rank 7] ncclCommInitRankConfig comm 0x5fcc1b3d98d0 rank 7 nranks 8 cudaDev 0 nvmlDev 0 busId 1e0 commId 0xa3a5c09084f8663a - Init START
ip-10-244-1-135:56:56 [0] NCCL INFO Topology detection : could not read /sys/devices/pci0000:00/0000:00:1e.0/../max_link_speed, ignoring
ip-10-244-1-135:56:56 [0] NCCL INFO Topology detection : could not read /sys/devices/pci0000:00/0000:00:1e.0/../max_link_width, ignoring
ip-10-244-1-135:56:56 [0] NCCL INFO Topology detection : could not read /sys/devices/system/node/node-1/cpumap, ignoring
ip-10-244-1-135:56:56 [0] NCCL INFO TOPO/NET : Importing network plugins to topology
ip-10-244-1-135:56:56 [0] NCCL INFO Could not get speed from /sys/class/net/ens5/speed. Defaulting to 10 Gbps.
ip-10-244-1-135:56:56 [0] NCCL INFO Topology detection : could not read /sys/devices/pci0000:00/0000:00:05.0/../max_link_speed, ignoring
ip-10-244-1-135:56:56 [0] NCCL INFO Topology detection : could not read /sys/devices/pci0000:00/0000:00:05.0/../max_link_width, ignoring
ip-10-244-1-135:56:56 [0] NCCL INFO Topology detection : could not read /sys/devices/system/node/node-1/cpumap, ignoring
ip-10-244-1-135:56:56 [0] NCCL INFO NET/Socket : GPU Direct RDMA Disabled for HCA 0 'ens5'
ip-10-244-1-135:56:56 [0] NCCL INFO ncclTopoPopulateNics : Filled ens5 in topo with pciPath=/sys/devices/pci0000:00/0000:00:05.0 net=1 gin=(null) keep=1 coll=(null)
ip-10-244-1-135:56:56 [0] NCCL INFO KV Convert to int : could not find value of 'Unknown' in dictionary, falling back to 60
ip-10-244-1-135:56:56 [0] NCCL INFO === System : maxBw 1.2 totalBw 24.0 ===
ip-10-244-1-135:56:56 [0] NCCL INFO CPU/0-ffffffffffffff (1/2/-1)
ip-10-244-1-135:56:56 [0] NCCL INFO + PCI[24.0] - GPU/0-1e0 (7)
ip-10-244-1-135:56:56 [0] NCCL INFO + PCI[12.0] - NIC/0-50
ip-10-244-1-135:56:56 [0] NCCL INFO               + NET[1.2] - NET/0-0 (0/0/0/1.250000)
ip-10-244-1-135:56:56 [0] NCCL INFO ==========================================
ip-10-244-1-135:56:56 [0] NCCL INFO GPU/0-1e0 :GPU/0-1e0 (0/5000.0/LOC) CPU/0-ffffffffffffff (1/24.0/PHB) NET/0-0 (3/1.2/PHB) 
ip-10-244-1-135:56:56 [0] NCCL INFO NET/0-0 :GPU/0-1e0 (3/1.2/PHB) CPU/0-ffffffffffffff (2/1.2/PHB) NET/0-0 (0/5000.0/LOC) 
ip-10-244-1-135:56:56 [0] NCCL INFO ncclTopoGetCpuAffinity: Affinity for GPU 0 is empty, ignoring. (GPU affinity =  ; CPU affinity = 0-3).
ip-10-244-1-135:56:56 [0] NCCL INFO Pattern 4, crossNic 0, nChannels 1, bw 1.200000/1.200000, type LOC/PHB, sameChannels 1
ip-10-244-1-135:56:56 [0] NCCL INFO  0 : NET/0-0 GPU/0-1e0 NET/0-0
ip-10-244-1-135:56:56 [0] NCCL INFO Pattern 3, crossNic 0, nChannels 1, bw 2.400000/1.200000, type LOC/PHB, sameChannels 1
ip-10-244-1-135:56:56 [0] NCCL INFO  0 : NET/0-0 GPU/0-1e0 NET/0-0
ip-10-244-1-135:56:56 [0] NCCL INFO Could not get speed from /sys/class/net/ens5/speed. Defaulting to 10 Gbps.
ip-10-244-1-135:56:56 [0] NCCL INFO comm 0x5fcc1b3d98d0 rank 7 nRanks 8 nNodes 8 localRanks 1 localRank 0 MNNVL 0
ip-10-244-1-135:56:56 [0] NCCL INFO Tree 0 : 6 -> 7 -> -1/-1/-1
ip-10-244-1-135:56:56 [0] NCCL INFO Tree 1 : -1 -> 7 -> 3/-1/-1
ip-10-244-1-135:56:56 [0] NCCL INFO Ring 00 : 6 -> 7 -> 0
ip-10-244-1-135:56:56 [0] NCCL INFO Ring 01 : 6 -> 7 -> 0
ip-10-244-1-135:56:56 [0] NCCL INFO Trees [0] -1/-1/-1->7->6 [1] 3/-1/-1->7->-1
ip-10-244-1-135:56:56 [0] NCCL INFO P2P Chunksize set to 131072
ip-10-244-1-135:56:56 [0] NCCL INFO Check P2P Type isAllDirectP2p 1 directMode 0 isAllCudaP2p 1
ip-10-244-1-135:56:56 [0] NCCL INFO ncclP2pSchedule: group size used is 1
ip-10-244-1-135:56:107 [0] NCCL INFO [Proxy Service] Device 0 CPU core 3
ip-10-244-1-135:56:108 [0] NCCL INFO [Proxy Service UDS] Device 0 CPU core 3
ip-10-244-1-135:56:56 [0] NCCL INFO threadThresholds 8/8/64 | 64/8/64 | 512 | 512
ip-10-244-1-135:56:56 [0] NCCL INFO 2 coll channels, 2 collnet channels, 0 nvls channels, 2 p2p channels, 1 p2p channels per peer
ip-10-244-1-135:56:56 [0] NCCL INFO Symmetric VA size=24GB
ip-10-244-1-135:56:56 [0] NCCL INFO Symmetric memory is not supported. cuMemEnable 1, globalGinSupport 0, globalNicFused 0 cuMemGdrSupport 1
ip-10-244-1-135:56:56 [0] NCCL INFO ncclCommInitRankConfig comm 0x5fcc1b3d98d0 rank 7 nranks 8 cudaDev 0 nvmlDev 0 busId 1e0 commId 0xa3a5c09084f8663a - Init COMPLETE
ip-10-244-1-135:56:56 [0] NCCL INFO Init timings - ncclCommInitRankConfig: rank 7 nranks 8 total 1.67 (kernels 0.00, alloc 0.00, bootstrap 0.93, allgathers 0.74, topo 0.00, graphs 0.00, connections 0.00, rest 0.00)
ip-10-244-1-135:56:107 [0] NCCL INFO New proxy recv connection 0 from local rank 0, transport 2
ip-10-244-1-135:56:109 [0] NCCL INFO [Proxy Progress] Device 0 CPU core 1
ip-10-244-1-135:56:56 [0] NCCL INFO Connected to proxy localRank 0 -> connection 0x7bf598004f70
ip-10-244-1-135:56:107 [0] NCCL INFO Could not get speed from /sys/class/net/ens5/speed. Defaulting to 10 Gbps.
ip-10-244-1-135:56:107 [0] NCCL INFO NET/Socket: Using 2 threads and 8 sockets per thread
ip-10-244-1-135:56:56 [0] NCCL INFO Channel 00/0 : 6[0] -> 7[0] [receive] via NET/Socket/0
ip-10-244-1-135:56:107 [0] NCCL INFO New proxy recv connection 1 from local rank 0, transport 2
ip-10-244-1-135:56:56 [0] NCCL INFO Connected to proxy localRank 0 -> connection 0x7bf598004ff8
ip-10-244-1-135:56:107 [0] NCCL INFO Could not get speed from /sys/class/net/ens5/speed. Defaulting to 10 Gbps.
ip-10-244-1-135:56:107 [0] NCCL INFO NET/Socket: Using 2 threads and 8 sockets per thread
ip-10-244-1-135:56:56 [0] NCCL INFO Channel 01/0 : 3[0] -> 7[0] [receive] via NET/Socket/0
ip-10-244-1-135:56:107 [0] NCCL INFO New proxy send connection 2 from local rank 0, transport 2
ip-10-244-1-135:56:56 [0] NCCL INFO Connected to proxy localRank 0 -> connection 0x7bf598005080
ip-10-244-1-135:56:107 [0] NCCL INFO Could not get speed from /sys/class/net/ens5/speed. Defaulting to 10 Gbps.
ip-10-244-1-135:56:56 [0] NCCL INFO Channel 01/0 : 7[0] -> 3[0] [send] via NET/Socket/0
ip-10-244-1-135:56:107 [0] NCCL INFO New proxy send connection 3 from local rank 0, transport 2
ip-10-244-1-135:56:56 [0] NCCL INFO Connected to proxy localRank 0 -> connection 0x7bf598005108
ip-10-244-1-135:56:107 [0] NCCL INFO Could not get speed from /sys/class/net/ens5/speed. Defaulting to 10 Gbps.
ip-10-244-1-135:56:56 [0] NCCL INFO Channel 00/0 : 7[0] -> 6[0] [send] via NET/Socket/0
ip-10-244-1-135:56:56 [0] NCCL INFO Connected all trees
ip-10-244-1-135:56:56 [0] NCCL INFO Initialized NET plugin Socket
ip-10-244-1-135:56:56 [0] NCCL INFO Could not get speed from /sys/class/net/ens5/speed. Defaulting to 10 Gbps.
ip-10-244-1-135:56:56 [0] NCCL INFO Assigned NET plugin Socket to comm
ip-10-244-1-135:56:56 [0] NCCL INFO Failed to initialize any GIN plugin
ip-10-244-1-135:56:56 [0] NCCL INFO Using network Socket
ip-10-244-1-135:56:56 [0] NCCL INFO [Rank 1] ncclCommInitRankConfig comm 0x5fcc1b73eec0 rank 1 nranks 2 cudaDev 0 nvmlDev 0 busId 1e0 commId 0x95e4ee2b3bf613ec - Init START
ip-10-244-1-135:56:56 [0] NCCL INFO Topology detection : could not read /sys/devices/pci0000:00/0000:00:1e.0/../max_link_speed, ignoring
ip-10-244-1-135:56:56 [0] NCCL INFO Topology detection : could not read /sys/devices/pci0000:00/0000:00:1e.0/../max_link_width, ignoring
ip-10-244-1-135:56:56 [0] NCCL INFO Topology detection : could not read /sys/devices/system/node/node-1/cpumap, ignoring
ip-10-244-1-135:56:56 [0] NCCL INFO TOPO/NET : Importing network plugins to topology
ip-10-244-1-135:56:56 [0] NCCL INFO Could not get speed from /sys/class/net/ens5/speed. Defaulting to 10 Gbps.
ip-10-244-1-135:56:56 [0] NCCL INFO Topology detection : could not read /sys/devices/pci0000:00/0000:00:05.0/../max_link_speed, ignoring
ip-10-244-1-135:56:56 [0] NCCL INFO Topology detection : could not read /sys/devices/pci0000:00/0000:00:05.0/../max_link_width, ignoring
ip-10-244-1-135:56:56 [0] NCCL INFO Topology detection : could not read /sys/devices/system/node/node-1/cpumap, ignoring
ip-10-244-1-135:56:56 [0] NCCL INFO NET/Socket : GPU Direct RDMA Disabled for HCA 0 'ens5'
ip-10-244-1-135:56:56 [0] NCCL INFO ncclTopoPopulateNics : Filled ens5 in topo with pciPath=/sys/devices/pci0000:00/0000:00:05.0 net=1 gin=(null) keep=1 coll=(null)
ip-10-244-1-135:56:56 [0] NCCL INFO KV Convert to int : could not find value of 'Unknown' in dictionary, falling back to 60
ip-10-244-1-135:56:56 [0] NCCL INFO === System : maxBw 1.2 totalBw 24.0 ===
ip-10-244-1-135:56:56 [0] NCCL INFO CPU/0-ffffffffffffff (1/2/-1)
ip-10-244-1-135:56:56 [0] NCCL INFO + PCI[24.0] - GPU/0-1e0 (1)
ip-10-244-1-135:56:56 [0] NCCL INFO + PCI[12.0] - NIC/0-50
ip-10-244-1-135:56:56 [0] NCCL INFO               + NET[1.2] - NET/0-0 (0/0/0/1.250000)
ip-10-244-1-135:56:56 [0] NCCL INFO ==========================================
ip-10-244-1-135:56:56 [0] NCCL INFO GPU/0-1e0 :GPU/0-1e0 (0/5000.0/LOC) CPU/0-ffffffffffffff (1/24.0/PHB) NET/0-0 (3/1.2/PHB) 
ip-10-244-1-135:56:56 [0] NCCL INFO NET/0-0 :GPU/0-1e0 (3/1.2/PHB) CPU/0-ffffffffffffff (2/1.2/PHB) NET/0-0 (0/5000.0/LOC) 
ip-10-244-1-135:56:56 [0] NCCL INFO ncclTopoGetCpuAffinity: Affinity for GPU 0 is empty, ignoring. (GPU affinity =  ; CPU affinity = 0-3).
ip-10-244-1-135:56:56 [0] NCCL INFO Pattern 4, crossNic 0, nChannels 1, bw 1.200000/1.200000, type LOC/PHB, sameChannels 1
ip-10-244-1-135:56:56 [0] NCCL INFO  0 : NET/0-0 GPU/0-1e0 NET/0-0
ip-10-244-1-135:56:56 [0] NCCL INFO Pattern 3, crossNic 0, nChannels 1, bw 2.400000/1.200000, type LOC/PHB, sameChannels 1
ip-10-244-1-135:56:56 [0] NCCL INFO  0 : NET/0-0 GPU/0-1e0 NET/0-0
ip-10-244-1-135:56:56 [0] NCCL INFO Could not get speed from /sys/class/net/ens5/speed. Defaulting to 10 Gbps.
ip-10-244-1-135:56:56 [0] NCCL INFO comm 0x5fcc1b73eec0 rank 1 nRanks 2 nNodes 2 localRanks 1 localRank 0 MNNVL 0
ip-10-244-1-135:56:56 [0] NCCL INFO Tree 0 : 0 -> 1 -> -1/-1/-1
ip-10-244-1-135:56:56 [0] NCCL INFO Tree 1 : -1 -> 1 -> 0/-1/-1
ip-10-244-1-135:56:56 [0] NCCL INFO Ring 00 : 0 -> 1 -> 0
ip-10-244-1-135:56:56 [0] NCCL INFO Ring 01 : 0 -> 1 -> 0
ip-10-244-1-135:56:56 [0] NCCL INFO Trees [0] -1/-1/-1->1->0 [1] 0/-1/-1->1->-1
ip-10-244-1-135:56:56 [0] NCCL INFO P2P Chunksize set to 131072
ip-10-244-1-135:56:56 [0] NCCL INFO Check P2P Type isAllDirectP2p 1 directMode 0 isAllCudaP2p 1
ip-10-244-1-135:56:56 [0] NCCL INFO ncclP2pSchedule: group size used is 1
ip-10-244-1-135:56:110 [0] NCCL INFO [Proxy Service] Device 0 CPU core 3
ip-10-244-1-135:56:111 [0] NCCL INFO [Proxy Service UDS] Device 0 CPU core 3
ip-10-244-1-135:56:56 [0] NCCL INFO threadThresholds 8/8/64 | 16/8/64 | 512 | 512
ip-10-244-1-135:56:56 [0] NCCL INFO 2 coll channels, 2 collnet channels, 0 nvls channels, 2 p2p channels, 1 p2p channels per peer
ip-10-244-1-135:56:56 [0] NCCL INFO Symmetric VA size=24GB
ip-10-244-1-135:56:56 [0] NCCL INFO Symmetric memory is not supported. cuMemEnable 1, globalGinSupport 0, globalNicFused 0 cuMemGdrSupport 1
ip-10-244-1-135:56:56 [0] NCCL INFO ncclCommInitRankConfig comm 0x5fcc1b73eec0 rank 1 nranks 2 cudaDev 0 nvmlDev 0 busId 1e0 commId 0x95e4ee2b3bf613ec - Init COMPLETE
ip-10-244-1-135:56:56 [0] NCCL INFO Init timings - ncclCommInitRankConfig: rank 1 nranks 2 total 1.08 (kernels 0.00, alloc 0.00, bootstrap 0.77, allgathers 0.31, topo 0.00, graphs 0.00, connections 0.00, rest 0.00)
ip-10-244-1-135:56:110 [0] NCCL INFO New proxy recv connection 0 from local rank 0, transport 2
ip-10-244-1-135:56:112 [0] NCCL INFO [Proxy Progress] Device 0 CPU core 1
ip-10-244-1-135:56:56 [0] NCCL INFO Connected to proxy localRank 0 -> connection 0x7bf570004f70
ip-10-244-1-135:56:110 [0] NCCL INFO Could not get speed from /sys/class/net/ens5/speed. Defaulting to 10 Gbps.
ip-10-244-1-135:56:110 [0] NCCL INFO NET/Socket: Using 2 threads and 8 sockets per thread
ip-10-244-1-135:56:56 [0] NCCL INFO Channel 01/1 : 0[0] -> 1[0] [receive] via NET/Socket/0/Shared
ip-10-244-1-135:56:110 [0] NCCL INFO New proxy send connection 1 from local rank 0, transport 2
ip-10-244-1-135:56:56 [0] NCCL INFO Connected to proxy localRank 0 -> connection 0x7bf570004ff8
ip-10-244-1-135:56:110 [0] NCCL INFO Could not get speed from /sys/class/net/ens5/speed. Defaulting to 10 Gbps.
ip-10-244-1-135:56:56 [0] NCCL INFO Channel 01/1 : 1[0] -> 0[0] [send] via NET/Socket/0/Shared
ip-10-244-1-135:56:56 [0] NCCL INFO Initialized NET plugin Socket
ip-10-244-1-135:56:56 [0] NCCL INFO Could not get speed from /sys/class/net/ens5/speed. Defaulting to 10 Gbps.
ip-10-244-1-135:56:56 [0] NCCL INFO Assigned NET plugin Socket to comm
ip-10-244-1-135:56:56 [0] NCCL INFO Failed to initialize any GIN plugin
ip-10-244-1-135:56:56 [0] NCCL INFO Using network Socket
ip-10-244-1-135:56:56 [0] NCCL INFO [Rank 1] ncclCommInitRankConfig comm 0x5fcc1b94c850 rank 1 nranks 2 cudaDev 0 nvmlDev 0 busId 1e0 commId 0x327f68991a911852 - Init START
ip-10-244-1-135:56:56 [0] NCCL INFO Topology detection : could not read /sys/devices/pci0000:00/0000:00:1e.0/../max_link_speed, ignoring
ip-10-244-1-135:56:56 [0] NCCL INFO Topology detection : could not read /sys/devices/pci0000:00/0000:00:1e.0/../max_link_width, ignoring
ip-10-244-1-135:56:56 [0] NCCL INFO Topology detection : could not read /sys/devices/system/node/node-1/cpumap, ignoring
ip-10-244-1-135:56:56 [0] NCCL INFO TOPO/NET : Importing network plugins to topology
ip-10-244-1-135:56:56 [0] NCCL INFO Could not get speed from /sys/class/net/ens5/speed. Defaulting to 10 Gbps.
ip-10-244-1-135:56:56 [0] NCCL INFO Topology detection : could not read /sys/devices/pci0000:00/0000:00:05.0/../max_link_speed, ignoring
ip-10-244-1-135:56:56 [0] NCCL INFO Topology detection : could not read /sys/devices/pci0000:00/0000:00:05.0/../max_link_width, ignoring
ip-10-244-1-135:56:56 [0] NCCL INFO Topology detection : could not read /sys/devices/system/node/node-1/cpumap, ignoring
ip-10-244-1-135:56:56 [0] NCCL INFO NET/Socket : GPU Direct RDMA Disabled for HCA 0 'ens5'
ip-10-244-1-135:56:56 [0] NCCL INFO ncclTopoPopulateNics : Filled ens5 in topo with pciPath=/sys/devices/pci0000:00/0000:00:05.0 net=1 gin=(null) keep=1 coll=(null)
ip-10-244-1-135:56:56 [0] NCCL INFO KV Convert to int : could not find value of 'Unknown' in dictionary, falling back to 60
ip-10-244-1-135:56:56 [0] NCCL INFO === System : maxBw 1.2 totalBw 24.0 ===
ip-10-244-1-135:56:56 [0] NCCL INFO CPU/0-ffffffffffffff (1/2/-1)
ip-10-244-1-135:56:56 [0] NCCL INFO + PCI[24.0] - GPU/0-1e0 (1)
ip-10-244-1-135:56:56 [0] NCCL INFO + PCI[12.0] - NIC/0-50
ip-10-244-1-135:56:56 [0] NCCL INFO               + NET[1.2] - NET/0-0 (0/0/0/1.250000)
ip-10-244-1-135:56:56 [0] NCCL INFO ==========================================
ip-10-244-1-135:56:56 [0] NCCL INFO GPU/0-1e0 :GPU/0-1e0 (0/5000.0/LOC) CPU/0-ffffffffffffff (1/24.0/PHB) NET/0-0 (3/1.2/PHB) 
ip-10-244-1-135:56:56 [0] NCCL INFO NET/0-0 :GPU/0-1e0 (3/1.2/PHB) CPU/0-ffffffffffffff (2/1.2/PHB) NET/0-0 (0/5000.0/LOC) 
ip-10-244-1-135:56:56 [0] NCCL INFO ncclTopoGetCpuAffinity: Affinity for GPU 0 is empty, ignoring. (GPU affinity =  ; CPU affinity = 0-3).
ip-10-244-1-135:56:56 [0] NCCL INFO Pattern 4, crossNic 0, nChannels 1, bw 1.200000/1.200000, type LOC/PHB, sameChannels 1
ip-10-244-1-135:56:56 [0] NCCL INFO  0 : NET/0-0 GPU/0-1e0 NET/0-0
ip-10-244-1-135:56:56 [0] NCCL INFO Pattern 3, crossNic 0, nChannels 1, bw 2.400000/1.200000, type LOC/PHB, sameChannels 1
ip-10-244-1-135:56:56 [0] NCCL INFO  0 : NET/0-0 GPU/0-1e0 NET/0-0
ip-10-244-1-135:56:56 [0] NCCL INFO Could not get speed from /sys/class/net/ens5/speed. Defaulting to 10 Gbps.
ip-10-244-1-135:56:56 [0] NCCL INFO comm 0x5fcc1b94c850 rank 1 nRanks 2 nNodes 2 localRanks 1 localRank 0 MNNVL 0
ip-10-244-1-135:56:56 [0] NCCL INFO Tree 0 : 0 -> 1 -> -1/-1/-1
ip-10-244-1-135:56:56 [0] NCCL INFO Tree 1 : -1 -> 1 -> 0/-1/-1
ip-10-244-1-135:56:56 [0] NCCL INFO Ring 00 : 0 -> 1 -> 0
ip-10-244-1-135:56:56 [0] NCCL INFO Ring 01 : 0 -> 1 -> 0
ip-10-244-1-135:56:56 [0] NCCL INFO Trees [0] -1/-1/-1->1->0 [1] 0/-1/-1->1->-1
ip-10-244-1-135:56:56 [0] NCCL INFO P2P Chunksize set to 131072
ip-10-244-1-135:56:56 [0] NCCL INFO Check P2P Type isAllDirectP2p 1 directMode 0 isAllCudaP2p 1
ip-10-244-1-135:56:56 [0] NCCL INFO ncclP2pSchedule: group size used is 1
ip-10-244-1-135:56:117 [0] NCCL INFO [Proxy Service] Device 0 CPU core 3
ip-10-244-1-135:56:118 [0] NCCL INFO [Proxy Service UDS] Device 0 CPU core 3
ip-10-244-1-135:56:56 [0] NCCL INFO threadThresholds 8/8/64 | 16/8/64 | 512 | 512
ip-10-244-1-135:56:56 [0] NCCL INFO 2 coll channels, 2 collnet channels, 0 nvls channels, 2 p2p channels, 1 p2p channels per peer
ip-10-244-1-135:56:56 [0] NCCL INFO Symmetric VA size=24GB
ip-10-244-1-135:56:56 [0] NCCL INFO Symmetric memory is not supported. cuMemEnable 1, globalGinSupport 0, globalNicFused 0 cuMemGdrSupport 1
ip-10-244-1-135:56:56 [0] NCCL INFO ncclCommInitRankConfig comm 0x5fcc1b94c850 rank 1 nranks 2 cudaDev 0 nvmlDev 0 busId 1e0 commId 0x327f68991a911852 - Init COMPLETE
ip-10-244-1-135:56:56 [0] NCCL INFO Init timings - ncclCommInitRankConfig: rank 1 nranks 2 total 0.87 (kernels 0.00, alloc 0.00, bootstrap 0.62, allgathers 0.24, topo 0.00, graphs 0.00, connections 0.00, rest 0.00)
ip-10-244-1-135:56:117 [0] NCCL INFO New proxy recv connection 0 from local rank 0, transport 2
ip-10-244-1-135:56:119 [0] NCCL INFO [Proxy Progress] Device 0 CPU core 1
ip-10-244-1-135:56:56 [0] NCCL INFO Connected to proxy localRank 0 -> connection 0x7bf558004f70
ip-10-244-1-135:56:117 [0] NCCL INFO Could not get speed from /sys/class/net/ens5/speed. Defaulting to 10 Gbps.
ip-10-244-1-135:56:117 [0] NCCL INFO NET/Socket: Using 2 threads and 8 sockets per thread
ip-10-244-1-135:56:56 [0] NCCL INFO Channel 01/1 : 0[0] -> 1[0] [receive] via NET/Socket/0/Shared
ip-10-244-1-135:56:117 [0] NCCL INFO New proxy send connection 1 from local rank 0, transport 2
ip-10-244-1-135:56:56 [0] NCCL INFO Connected to proxy localRank 0 -> connection 0x7bf558004ff8
ip-10-244-1-135:56:117 [0] NCCL INFO Could not get speed from /sys/class/net/ens5/speed. Defaulting to 10 Gbps.
ip-10-244-1-135:56:56 [0] NCCL INFO Channel 01/1 : 1[0] -> 0[0] [send] via NET/Socket/0/Shared
ip-10-244-1-135:56:56 [0] NCCL INFO Initialized NET plugin Socket
ip-10-244-1-135:56:56 [0] NCCL INFO Could not get speed from /sys/class/net/ens5/speed. Defaulting to 10 Gbps.
ip-10-244-1-135:56:56 [0] NCCL INFO Assigned NET plugin Socket to comm
ip-10-244-1-135:56:56 [0] NCCL INFO Failed to initialize any GIN plugin
ip-10-244-1-135:56:56 [0] NCCL INFO Using network Socket
ip-10-244-1-135:56:56 [0] NCCL INFO [Rank 1] ncclCommInitRankConfig comm 0x5fcc1bcc4420 rank 1 nranks 2 cudaDev 0 nvmlDev 0 busId 1e0 commId 0xa05224c264d0b8df - Init START
ip-10-244-1-135:56:56 [0] NCCL INFO Topology detection : could not read /sys/devices/pci0000:00/0000:00:1e.0/../max_link_speed, ignoring
ip-10-244-1-135:56:56 [0] NCCL INFO Topology detection : could not read /sys/devices/pci0000:00/0000:00:1e.0/../max_link_width, ignoring
ip-10-244-1-135:56:56 [0] NCCL INFO Topology detection : could not read /sys/devices/system/node/node-1/cpumap, ignoring
ip-10-244-1-135:56:56 [0] NCCL INFO TOPO/NET : Importing network plugins to topology
ip-10-244-1-135:56:56 [0] NCCL INFO Could not get speed from /sys/class/net/ens5/speed. Defaulting to 10 Gbps.
ip-10-244-1-135:56:56 [0] NCCL INFO Topology detection : could not read /sys/devices/pci0000:00/0000:00:05.0/../max_link_speed, ignoring
ip-10-244-1-135:56:56 [0] NCCL INFO Topology detection : could not read /sys/devices/pci0000:00/0000:00:05.0/../max_link_width, ignoring
ip-10-244-1-135:56:56 [0] NCCL INFO Topology detection : could not read /sys/devices/system/node/node-1/cpumap, ignoring
ip-10-244-1-135:56:56 [0] NCCL INFO NET/Socket : GPU Direct RDMA Disabled for HCA 0 'ens5'
ip-10-244-1-135:56:56 [0] NCCL INFO ncclTopoPopulateNics : Filled ens5 in topo with pciPath=/sys/devices/pci0000:00/0000:00:05.0 net=1 gin=(null) keep=1 coll=(null)
ip-10-244-1-135:56:56 [0] NCCL INFO KV Convert to int : could not find value of 'Unknown' in dictionary, falling back to 60
ip-10-244-1-135:56:56 [0] NCCL INFO === System : maxBw 1.2 totalBw 24.0 ===
ip-10-244-1-135:56:56 [0] NCCL INFO CPU/0-ffffffffffffff (1/2/-1)
ip-10-244-1-135:56:56 [0] NCCL INFO + PCI[24.0] - GPU/0-1e0 (1)
ip-10-244-1-135:56:56 [0] NCCL INFO + PCI[12.0] - NIC/0-50
ip-10-244-1-135:56:56 [0] NCCL INFO               + NET[1.2] - NET/0-0 (0/0/0/1.250000)
ip-10-244-1-135:56:56 [0] NCCL INFO ==========================================
ip-10-244-1-135:56:56 [0] NCCL INFO GPU/0-1e0 :GPU/0-1e0 (0/5000.0/LOC) CPU/0-ffffffffffffff (1/24.0/PHB) NET/0-0 (3/1.2/PHB) 
ip-10-244-1-135:56:56 [0] NCCL INFO NET/0-0 :GPU/0-1e0 (3/1.2/PHB) CPU/0-ffffffffffffff (2/1.2/PHB) NET/0-0 (0/5000.0/LOC) 
ip-10-244-1-135:56:56 [0] NCCL INFO ncclTopoGetCpuAffinity: Affinity for GPU 0 is empty, ignoring. (GPU affinity =  ; CPU affinity = 0-3).
ip-10-244-1-135:56:56 [0] NCCL INFO Pattern 4, crossNic 0, nChannels 1, bw 1.200000/1.200000, type LOC/PHB, sameChannels 1
ip-10-244-1-135:56:56 [0] NCCL INFO  0 : NET/0-0 GPU/0-1e0 NET/0-0
ip-10-244-1-135:56:56 [0] NCCL INFO Pattern 3, crossNic 0, nChannels 1, bw 2.400000/1.200000, type LOC/PHB, sameChannels 1
ip-10-244-1-135:56:56 [0] NCCL INFO  0 : NET/0-0 GPU/0-1e0 NET/0-0
ip-10-244-1-135:56:56 [0] NCCL INFO Could not get speed from /sys/class/net/ens5/speed. Defaulting to 10 Gbps.
ip-10-244-1-135:56:56 [0] NCCL INFO comm 0x5fcc1bcc4420 rank 1 nRanks 2 nNodes 2 localRanks 1 localRank 0 MNNVL 0
ip-10-244-1-135:56:56 [0] NCCL INFO Tree 0 : 0 -> 1 -> -1/-1/-1
ip-10-244-1-135:56:56 [0] NCCL INFO Tree 1 : -1 -> 1 -> 0/-1/-1
ip-10-244-1-135:56:56 [0] NCCL INFO Ring 00 : 0 -> 1 -> 0
ip-10-244-1-135:56:56 [0] NCCL INFO Ring 01 : 0 -> 1 -> 0
ip-10-244-1-135:56:56 [0] NCCL INFO Trees [0] -1/-1/-1->1->0 [1] 0/-1/-1->1->-1
ip-10-244-1-135:56:56 [0] NCCL INFO P2P Chunksize set to 131072
ip-10-244-1-135:56:56 [0] NCCL INFO Check P2P Type isAllDirectP2p 1 directMode 0 isAllCudaP2p 1
ip-10-244-1-135:56:124 [0] NCCL INFO [Proxy Service] Device 0 CPU core 1
ip-10-244-1-135:56:56 [0] NCCL INFO ncclP2pSchedule: group size used is 1
ip-10-244-1-135:56:125 [0] NCCL INFO [Proxy Service UDS] Device 0 CPU core 1
ip-10-244-1-135:56:56 [0] NCCL INFO threadThresholds 8/8/64 | 16/8/64 | 512 | 512
ip-10-244-1-135:56:56 [0] NCCL INFO 2 coll channels, 2 collnet channels, 0 nvls channels, 2 p2p channels, 1 p2p channels per peer
ip-10-244-1-135:56:56 [0] NCCL INFO Symmetric VA size=24GB
ip-10-244-1-135:56:56 [0] NCCL INFO Symmetric memory is not supported. cuMemEnable 1, globalGinSupport 0, globalNicFused 0 cuMemGdrSupport 1
ip-10-244-1-135:56:56 [0] NCCL INFO ncclCommInitRankConfig comm 0x5fcc1bcc4420 rank 1 nranks 2 cudaDev 0 nvmlDev 0 busId 1e0 commId 0xa05224c264d0b8df - Init COMPLETE
ip-10-244-1-135:56:56 [0] NCCL INFO Init timings - ncclCommInitRankConfig: rank 1 nranks 2 total 0.78 (kernels 0.00, alloc 0.00, bootstrap 0.55, allgathers 0.22, topo 0.00, graphs 0.00, connections 0.00, rest 0.00)
ip-10-244-1-135:56:124 [0] NCCL INFO New proxy recv connection 0 from local rank 0, transport 2
ip-10-244-1-135:56:126 [0] NCCL INFO [Proxy Progress] Device 0 CPU core 2
ip-10-244-1-135:56:56 [0] NCCL INFO Connected to proxy localRank 0 -> connection 0x5fcc1bbad6a0
ip-10-244-1-135:56:124 [0] NCCL INFO Could not get speed from /sys/class/net/ens5/speed. Defaulting to 10 Gbps.
ip-10-244-1-135:56:124 [0] NCCL INFO NET/Socket: Using 2 threads and 8 sockets per thread
ip-10-244-1-135:56:56 [0] NCCL INFO Channel 01/1 : 0[0] -> 1[0] [receive] via NET/Socket/0/Shared
ip-10-244-1-135:56:124 [0] NCCL INFO New proxy send connection 1 from local rank 0, transport 2
ip-10-244-1-135:56:56 [0] NCCL INFO Connected to proxy localRank 0 -> connection 0x5fcc1bbad728
ip-10-244-1-135:56:124 [0] NCCL INFO Could not get speed from /sys/class/net/ens5/speed. Defaulting to 10 Gbps.
ip-10-244-1-135:56:56 [0] NCCL INFO Channel 01/1 : 1[0] -> 0[0] [send] via NET/Socket/0/Shared
ip-10-244-1-135:56:56 [0] NCCL INFO Initialized NET plugin Socket
ip-10-244-1-135:56:56 [0] NCCL INFO Could not get speed from /sys/class/net/ens5/speed. Defaulting to 10 Gbps.
ip-10-244-1-135:56:56 [0] NCCL INFO Assigned NET plugin Socket to comm
ip-10-244-1-135:56:56 [0] NCCL INFO Failed to initialize any GIN plugin
ip-10-244-1-135:56:56 [0] NCCL INFO Using network Socket
ip-10-244-1-135:56:56 [0] NCCL INFO [Rank 1] ncclCommInitRankConfig comm 0x5fcc1bde9210 rank 1 nranks 2 cudaDev 0 nvmlDev 0 busId 1e0 commId 0x9ee22ff0362a1410 - Init START
ip-10-244-1-135:56:56 [0] NCCL INFO Topology detection : could not read /sys/devices/pci0000:00/0000:00:1e.0/../max_link_speed, ignoring
ip-10-244-1-135:56:56 [0] NCCL INFO Topology detection : could not read /sys/devices/pci0000:00/0000:00:1e.0/../max_link_width, ignoring
ip-10-244-1-135:56:56 [0] NCCL INFO Topology detection : could not read /sys/devices/system/node/node-1/cpumap, ignoring
ip-10-244-1-135:56:56 [0] NCCL INFO TOPO/NET : Importing network plugins to topology
ip-10-244-1-135:56:56 [0] NCCL INFO Could not get speed from /sys/class/net/ens5/speed. Defaulting to 10 Gbps.
ip-10-244-1-135:56:56 [0] NCCL INFO Topology detection : could not read /sys/devices/pci0000:00/0000:00:05.0/../max_link_speed, ignoring
ip-10-244-1-135:56:56 [0] NCCL INFO Topology detection : could not read /sys/devices/pci0000:00/0000:00:05.0/../max_link_width, ignoring
ip-10-244-1-135:56:56 [0] NCCL INFO Topology detection : could not read /sys/devices/system/node/node-1/cpumap, ignoring
ip-10-244-1-135:56:56 [0] NCCL INFO NET/Socket : GPU Direct RDMA Disabled for HCA 0 'ens5'
ip-10-244-1-135:56:56 [0] NCCL INFO ncclTopoPopulateNics : Filled ens5 in topo with pciPath=/sys/devices/pci0000:00/0000:00:05.0 net=1 gin=(null) keep=1 coll=(null)
ip-10-244-1-135:56:56 [0] NCCL INFO KV Convert to int : could not find value of 'Unknown' in dictionary, falling back to 60
ip-10-244-1-135:56:56 [0] NCCL INFO === System : maxBw 1.2 totalBw 24.0 ===
ip-10-244-1-135:56:56 [0] NCCL INFO CPU/0-ffffffffffffff (1/2/-1)
ip-10-244-1-135:56:56 [0] NCCL INFO + PCI[24.0] - GPU/0-1e0 (1)
ip-10-244-1-135:56:56 [0] NCCL INFO + PCI[12.0] - NIC/0-50
ip-10-244-1-135:56:56 [0] NCCL INFO               + NET[1.2] - NET/0-0 (0/0/0/1.250000)
ip-10-244-1-135:56:56 [0] NCCL INFO ==========================================
ip-10-244-1-135:56:56 [0] NCCL INFO GPU/0-1e0 :GPU/0-1e0 (0/5000.0/LOC) CPU/0-ffffffffffffff (1/24.0/PHB) NET/0-0 (3/1.2/PHB) 
ip-10-244-1-135:56:56 [0] NCCL INFO NET/0-0 :GPU/0-1e0 (3/1.2/PHB) CPU/0-ffffffffffffff (2/1.2/PHB) NET/0-0 (0/5000.0/LOC) 
ip-10-244-1-135:56:56 [0] NCCL INFO ncclTopoGetCpuAffinity: Affinity for GPU 0 is empty, ignoring. (GPU affinity =  ; CPU affinity = 0-3).
ip-10-244-1-135:56:56 [0] NCCL INFO Pattern 4, crossNic 0, nChannels 1, bw 1.200000/1.200000, type LOC/PHB, sameChannels 1
ip-10-244-1-135:56:56 [0] NCCL INFO  0 : NET/0-0 GPU/0-1e0 NET/0-0
ip-10-244-1-135:56:56 [0] NCCL INFO Pattern 3, crossNic 0, nChannels 1, bw 2.400000/1.200000, type LOC/PHB, sameChannels 1
ip-10-244-1-135:56:56 [0] NCCL INFO  0 : NET/0-0 GPU/0-1e0 NET/0-0
ip-10-244-1-135:56:56 [0] NCCL INFO Could not get speed from /sys/class/net/ens5/speed. Defaulting to 10 Gbps.
ip-10-244-1-135:56:56 [0] NCCL INFO comm 0x5fcc1bde9210 rank 1 nRanks 2 nNodes 2 localRanks 1 localRank 0 MNNVL 0
ip-10-244-1-135:56:56 [0] NCCL INFO Tree 0 : 0 -> 1 -> -1/-1/-1
ip-10-244-1-135:56:56 [0] NCCL INFO Tree 1 : -1 -> 1 -> 0/-1/-1
ip-10-244-1-135:56:56 [0] NCCL INFO Ring 00 : 0 -> 1 -> 0
ip-10-244-1-135:56:56 [0] NCCL INFO Ring 01 : 0 -> 1 -> 0
ip-10-244-1-135:56:56 [0] NCCL INFO Trees [0] -1/-1/-1->1->0 [1] 0/-1/-1->1->-1
ip-10-244-1-135:56:56 [0] NCCL INFO P2P Chunksize set to 131072
ip-10-244-1-135:56:56 [0] NCCL INFO Check P2P Type isAllDirectP2p 1 directMode 0 isAllCudaP2p 1
ip-10-244-1-135:56:131 [0] NCCL INFO [Proxy Service] Device 0 CPU core 1
ip-10-244-1-135:56:56 [0] NCCL INFO ncclP2pSchedule: group size used is 1
ip-10-244-1-135:56:132 [0] NCCL INFO [Proxy Service UDS] Device 0 CPU core 1
ip-10-244-1-135:56:56 [0] NCCL INFO threadThresholds 8/8/64 | 16/8/64 | 512 | 512
ip-10-244-1-135:56:56 [0] NCCL INFO 2 coll channels, 2 collnet channels, 0 nvls channels, 2 p2p channels, 1 p2p channels per peer
ip-10-244-1-135:56:56 [0] NCCL INFO Symmetric VA size=24GB
ip-10-244-1-135:56:56 [0] NCCL INFO Symmetric memory is not supported. cuMemEnable 1, globalGinSupport 0, globalNicFused 0 cuMemGdrSupport 1
ip-10-244-1-135:56:56 [0] NCCL INFO ncclCommInitRankConfig comm 0x5fcc1bde9210 rank 1 nranks 2 cudaDev 0 nvmlDev 0 busId 1e0 commId 0x9ee22ff0362a1410 - Init COMPLETE
ip-10-244-1-135:56:56 [0] NCCL INFO Init timings - ncclCommInitRankConfig: rank 1 nranks 2 total 0.79 (kernels 0.00, alloc 0.00, bootstrap 0.56, allgathers 0.23, topo 0.00, graphs 0.00, connections 0.00, rest 0.00)
ip-10-244-1-135:56:131 [0] NCCL INFO New proxy recv connection 0 from local rank 0, transport 2
ip-10-244-1-135:56:133 [0] NCCL INFO [Proxy Progress] Device 0 CPU core 3
ip-10-244-1-135:56:56 [0] NCCL INFO Connected to proxy localRank 0 -> connection 0x7bf5580210e0
ip-10-244-1-135:56:131 [0] NCCL INFO Could not get speed from /sys/class/net/ens5/speed. Defaulting to 10 Gbps.
ip-10-244-1-135:56:131 [0] NCCL INFO NET/Socket: Using 2 threads and 8 sockets per thread
ip-10-244-1-135:56:56 [0] NCCL INFO Channel 01/1 : 0[0] -> 1[0] [receive] via NET/Socket/0/Shared
ip-10-244-1-135:56:131 [0] NCCL INFO New proxy send connection 1 from local rank 0, transport 2
ip-10-244-1-135:56:56 [0] NCCL INFO Connected to proxy localRank 0 -> connection 0x7bf558021168
ip-10-244-1-135:56:131 [0] NCCL INFO Could not get speed from /sys/class/net/ens5/speed. Defaulting to 10 Gbps.
ip-10-244-1-135:56:56 [0] NCCL INFO Channel 01/1 : 1[0] -> 0[0] [send] via NET/Socket/0/Shared
ip-10-244-1-135:56:56 [0] NCCL INFO Initialized NET plugin Socket
ip-10-244-1-135:56:56 [0] NCCL INFO Could not get speed from /sys/class/net/ens5/speed. Defaulting to 10 Gbps.
ip-10-244-1-135:56:56 [0] NCCL INFO Assigned NET plugin Socket to comm
ip-10-244-1-135:56:56 [0] NCCL INFO Failed to initialize any GIN plugin
ip-10-244-1-135:56:56 [0] NCCL INFO Using network Socket
ip-10-244-1-135:56:56 [0] NCCL INFO [Rank 1] ncclCommInitRankConfig comm 0x5fcc1e88df80 rank 1 nranks 2 cudaDev 0 nvmlDev 0 busId 1e0 commId 0x3b4bd4910315314 - Init START
ip-10-244-1-135:56:56 [0] NCCL INFO Topology detection : could not read /sys/devices/pci0000:00/0000:00:1e.0/../max_link_speed, ignoring
ip-10-244-1-135:56:56 [0] NCCL INFO Topology detection : could not read /sys/devices/pci0000:00/0000:00:1e.0/../max_link_width, ignoring
ip-10-244-1-135:56:56 [0] NCCL INFO Topology detection : could not read /sys/devices/system/node/node-1/cpumap, ignoring
ip-10-244-1-135:56:56 [0] NCCL INFO TOPO/NET : Importing network plugins to topology
ip-10-244-1-135:56:56 [0] NCCL INFO Could not get speed from /sys/class/net/ens5/speed. Defaulting to 10 Gbps.
ip-10-244-1-135:56:56 [0] NCCL INFO Topology detection : could not read /sys/devices/pci0000:00/0000:00:05.0/../max_link_speed, ignoring
ip-10-244-1-135:56:56 [0] NCCL INFO Topology detection : could not read /sys/devices/pci0000:00/0000:00:05.0/../max_link_width, ignoring
ip-10-244-1-135:56:56 [0] NCCL INFO Topology detection : could not read /sys/devices/system/node/node-1/cpumap, ignoring
ip-10-244-1-135:56:56 [0] NCCL INFO NET/Socket : GPU Direct RDMA Disabled for HCA 0 'ens5'
ip-10-244-1-135:56:56 [0] NCCL INFO ncclTopoPopulateNics : Filled ens5 in topo with pciPath=/sys/devices/pci0000:00/0000:00:05.0 net=1 gin=(null) keep=1 coll=(null)
ip-10-244-1-135:56:56 [0] NCCL INFO KV Convert to int : could not find value of 'Unknown' in dictionary, falling back to 60
ip-10-244-1-135:56:56 [0] NCCL INFO === System : maxBw 1.2 totalBw 24.0 ===
ip-10-244-1-135:56:56 [0] NCCL INFO CPU/0-ffffffffffffff (1/2/-1)
ip-10-244-1-135:56:56 [0] NCCL INFO + PCI[24.0] - GPU/0-1e0 (1)
ip-10-244-1-135:56:56 [0] NCCL INFO + PCI[12.0] - NIC/0-50
ip-10-244-1-135:56:56 [0] NCCL INFO               + NET[1.2] - NET/0-0 (0/0/0/1.250000)
ip-10-244-1-135:56:56 [0] NCCL INFO ==========================================
ip-10-244-1-135:56:56 [0] NCCL INFO GPU/0-1e0 :GPU/0-1e0 (0/5000.0/LOC) CPU/0-ffffffffffffff (1/24.0/PHB) NET/0-0 (3/1.2/PHB) 
ip-10-244-1-135:56:56 [0] NCCL INFO NET/0-0 :GPU/0-1e0 (3/1.2/PHB) CPU/0-ffffffffffffff (2/1.2/PHB) NET/0-0 (0/5000.0/LOC) 
ip-10-244-1-135:56:56 [0] NCCL INFO ncclTopoGetCpuAffinity: Affinity for GPU 0 is empty, ignoring. (GPU affinity =  ; CPU affinity = 0-3).
ip-10-244-1-135:56:56 [0] NCCL INFO Pattern 4, crossNic 0, nChannels 1, bw 1.200000/1.200000, type LOC/PHB, sameChannels 1
ip-10-244-1-135:56:56 [0] NCCL INFO  0 : NET/0-0 GPU/0-1e0 NET/0-0
ip-10-244-1-135:56:56 [0] NCCL INFO Pattern 3, crossNic 0, nChannels 1, bw 2.400000/1.200000, type LOC/PHB, sameChannels 1
ip-10-244-1-135:56:56 [0] NCCL INFO  0 : NET/0-0 GPU/0-1e0 NET/0-0
ip-10-244-1-135:56:56 [0] NCCL INFO Could not get speed from /sys/class/net/ens5/speed. Defaulting to 10 Gbps.
ip-10-244-1-135:56:56 [0] NCCL INFO comm 0x5fcc1e88df80 rank 1 nRanks 2 nNodes 2 localRanks 1 localRank 0 MNNVL 0
ip-10-244-1-135:56:56 [0] NCCL INFO Tree 0 : 0 -> 1 -> -1/-1/-1
ip-10-244-1-135:56:56 [0] NCCL INFO Tree 1 : -1 -> 1 -> 0/-1/-1
ip-10-244-1-135:56:56 [0] NCCL INFO Ring 00 : 0 -> 1 -> 0
ip-10-244-1-135:56:56 [0] NCCL INFO Ring 01 : 0 -> 1 -> 0
ip-10-244-1-135:56:56 [0] NCCL INFO Trees [0] -1/-1/-1->1->0 [1] 0/-1/-1->1->-1
ip-10-244-1-135:56:56 [0] NCCL INFO P2P Chunksize set to 131072
ip-10-244-1-135:56:56 [0] NCCL INFO Check P2P Type isAllDirectP2p 1 directMode 0 isAllCudaP2p 1
ip-10-244-1-135:56:138 [0] NCCL INFO [Proxy Service] Device 0 CPU core 3
ip-10-244-1-135:56:56 [0] NCCL INFO ncclP2pSchedule: group size used is 1
ip-10-244-1-135:56:139 [0] NCCL INFO [Proxy Service UDS] Device 0 CPU core 1
ip-10-244-1-135:56:56 [0] NCCL INFO threadThresholds 8/8/64 | 16/8/64 | 512 | 512
ip-10-244-1-135:56:56 [0] NCCL INFO 2 coll channels, 2 collnet channels, 0 nvls channels, 2 p2p channels, 1 p2p channels per peer
ip-10-244-1-135:56:56 [0] NCCL INFO Symmetric VA size=24GB
ip-10-244-1-135:56:56 [0] NCCL INFO Symmetric memory is not supported. cuMemEnable 1, globalGinSupport 0, globalNicFused 0 cuMemGdrSupport 1
ip-10-244-1-135:56:56 [0] NCCL INFO ncclCommInitRankConfig comm 0x5fcc1e88df80 rank 1 nranks 2 cudaDev 0 nvmlDev 0 busId 1e0 commId 0x3b4bd4910315314 - Init COMPLETE
ip-10-244-1-135:56:56 [0] NCCL INFO Init timings - ncclCommInitRankConfig: rank 1 nranks 2 total 0.01 (kernels 0.00, alloc 0.00, bootstrap 0.00, allgathers 0.00, topo 0.00, graphs 0.00, connections 0.00, rest 0.00)
ip-10-244-1-135:56:138 [0] NCCL INFO New proxy recv connection 0 from local rank 0, transport 2
ip-10-244-1-135:56:140 [0] NCCL INFO [Proxy Progress] Device 0 CPU core 2
ip-10-244-1-135:56:56 [0] NCCL INFO Connected to proxy localRank 0 -> connection 0x7bf5700210e0
ip-10-244-1-135:56:138 [0] NCCL INFO Could not get speed from /sys/class/net/ens5/speed. Defaulting to 10 Gbps.
ip-10-244-1-135:56:138 [0] NCCL INFO NET/Socket: Using 2 threads and 8 sockets per thread
ip-10-244-1-135:56:56 [0] NCCL INFO Channel 01/1 : 0[0] -> 1[0] [receive] via NET/Socket/0/Shared
ip-10-244-1-135:56:138 [0] NCCL INFO New proxy send connection 1 from local rank 0, transport 2
ip-10-244-1-135:56:56 [0] NCCL INFO Connected to proxy localRank 0 -> connection 0x7bf570021168
ip-10-244-1-135:56:138 [0] NCCL INFO Could not get speed from /sys/class/net/ens5/speed. Defaulting to 10 Gbps.
ip-10-244-1-135:56:56 [0] NCCL INFO Channel 01/1 : 1[0] -> 0[0] [send] via NET/Socket/0/Shared
ip-10-244-1-135:56:56 [0] NCCL INFO Initialized NET plugin Socket
ip-10-244-1-135:56:56 [0] NCCL INFO Could not get speed from /sys/class/net/ens5/speed. Defaulting to 10 Gbps.
ip-10-244-1-135:56:56 [0] NCCL INFO Assigned NET plugin Socket to comm
ip-10-244-1-135:56:56 [0] NCCL INFO Failed to initialize any GIN plugin
ip-10-244-1-135:56:56 [0] NCCL INFO Using network Socket
ip-10-244-1-135:56:56 [0] NCCL INFO [Rank 1] ncclCommInitRankConfig comm 0x5fcc1f9b9460 rank 1 nranks 2 cudaDev 0 nvmlDev 0 busId 1e0 commId 0x9df596dff98bcea2 - Init START
ip-10-244-1-135:56:56 [0] NCCL INFO Topology detection : could not read /sys/devices/pci0000:00/0000:00:1e.0/../max_link_speed, ignoring
ip-10-244-1-135:56:56 [0] NCCL INFO Topology detection : could not read /sys/devices/pci0000:00/0000:00:1e.0/../max_link_width, ignoring
ip-10-244-1-135:56:56 [0] NCCL INFO Topology detection : could not read /sys/devices/system/node/node-1/cpumap, ignoring
ip-10-244-1-135:56:56 [0] NCCL INFO TOPO/NET : Importing network plugins to topology
ip-10-244-1-135:56:56 [0] NCCL INFO Could not get speed from /sys/class/net/ens5/speed. Defaulting to 10 Gbps.
ip-10-244-1-135:56:56 [0] NCCL INFO Topology detection : could not read /sys/devices/pci0000:00/0000:00:05.0/../max_link_speed, ignoring
ip-10-244-1-135:56:56 [0] NCCL INFO Topology detection : could not read /sys/devices/pci0000:00/0000:00:05.0/../max_link_width, ignoring
ip-10-244-1-135:56:56 [0] NCCL INFO Topology detection : could not read /sys/devices/system/node/node-1/cpumap, ignoring
ip-10-244-1-135:56:56 [0] NCCL INFO NET/Socket : GPU Direct RDMA Disabled for HCA 0 'ens5'
ip-10-244-1-135:56:56 [0] NCCL INFO ncclTopoPopulateNics : Filled ens5 in topo with pciPath=/sys/devices/pci0000:00/0000:00:05.0 net=1 gin=(null) keep=1 coll=(null)
ip-10-244-1-135:56:56 [0] NCCL INFO KV Convert to int : could not find value of 'Unknown' in dictionary, falling back to 60
ip-10-244-1-135:56:56 [0] NCCL INFO === System : maxBw 1.2 totalBw 24.0 ===
ip-10-244-1-135:56:56 [0] NCCL INFO CPU/0-ffffffffffffff (1/2/-1)
ip-10-244-1-135:56:56 [0] NCCL INFO + PCI[24.0] - GPU/0-1e0 (1)
ip-10-244-1-135:56:56 [0] NCCL INFO + PCI[12.0] - NIC/0-50
ip-10-244-1-135:56:56 [0] NCCL INFO               + NET[1.2] - NET/0-0 (0/0/0/1.250000)
ip-10-244-1-135:56:56 [0] NCCL INFO ==========================================
ip-10-244-1-135:56:56 [0] NCCL INFO GPU/0-1e0 :GPU/0-1e0 (0/5000.0/LOC) CPU/0-ffffffffffffff (1/24.0/PHB) NET/0-0 (3/1.2/PHB) 
ip-10-244-1-135:56:56 [0] NCCL INFO NET/0-0 :GPU/0-1e0 (3/1.2/PHB) CPU/0-ffffffffffffff (2/1.2/PHB) NET/0-0 (0/5000.0/LOC) 
ip-10-244-1-135:56:56 [0] NCCL INFO ncclTopoGetCpuAffinity: Affinity for GPU 0 is empty, ignoring. (GPU affinity =  ; CPU affinity = 0-3).
ip-10-244-1-135:56:56 [0] NCCL INFO Pattern 4, crossNic 0, nChannels 1, bw 1.200000/1.200000, type LOC/PHB, sameChannels 1
ip-10-244-1-135:56:56 [0] NCCL INFO  0 : NET/0-0 GPU/0-1e0 NET/0-0
ip-10-244-1-135:56:56 [0] NCCL INFO Pattern 3, crossNic 0, nChannels 1, bw 2.400000/1.200000, type LOC/PHB, sameChannels 1
ip-10-244-1-135:56:56 [0] NCCL INFO  0 : NET/0-0 GPU/0-1e0 NET/0-0
ip-10-244-1-135:56:56 [0] NCCL INFO Could not get speed from /sys/class/net/ens5/speed. Defaulting to 10 Gbps.
ip-10-244-1-135:56:56 [0] NCCL INFO comm 0x5fcc1f9b9460 rank 1 nRanks 2 nNodes 2 localRanks 1 localRank 0 MNNVL 0
ip-10-244-1-135:56:56 [0] NCCL INFO Tree 0 : 0 -> 1 -> -1/-1/-1
ip-10-244-1-135:56:56 [0] NCCL INFO Tree 1 : -1 -> 1 -> 0/-1/-1
ip-10-244-1-135:56:56 [0] NCCL INFO Ring 00 : 0 -> 1 -> 0
ip-10-244-1-135:56:56 [0] NCCL INFO Ring 01 : 0 -> 1 -> 0
ip-10-244-1-135:56:56 [0] NCCL INFO Trees [0] -1/-1/-1->1->0 [1] 0/-1/-1->1->-1
ip-10-244-1-135:56:56 [0] NCCL INFO P2P Chunksize set to 131072
ip-10-244-1-135:56:56 [0] NCCL INFO Check P2P Type isAllDirectP2p 1 directMode 0 isAllCudaP2p 1
ip-10-244-1-135:56:56 [0] NCCL INFO ncclP2pSchedule: group size used is 1
ip-10-244-1-135:56:145 [0] NCCL INFO [Proxy Service] Device 0 CPU core 3
ip-10-244-1-135:56:146 [0] NCCL INFO [Proxy Service UDS] Device 0 CPU core 0
ip-10-244-1-135:56:56 [0] NCCL INFO threadThresholds 8/8/64 | 16/8/64 | 512 | 512
ip-10-244-1-135:56:56 [0] NCCL INFO 2 coll channels, 2 collnet channels, 0 nvls channels, 2 p2p channels, 1 p2p channels per peer
ip-10-244-1-135:56:56 [0] NCCL INFO Symmetric VA size=24GB
ip-10-244-1-135:56:56 [0] NCCL INFO Symmetric memory is not supported. cuMemEnable 1, globalGinSupport 0, globalNicFused 0 cuMemGdrSupport 1
ip-10-244-1-135:56:56 [0] NCCL INFO ncclCommInitRankConfig comm 0x5fcc1f9b9460 rank 1 nranks 2 cudaDev 0 nvmlDev 0 busId 1e0 commId 0x9df596dff98bcea2 - Init COMPLETE
ip-10-244-1-135:56:56 [0] NCCL INFO Init timings - ncclCommInitRankConfig: rank 1 nranks 2 total 0.87 (kernels 0.00, alloc 0.00, bootstrap 0.62, allgathers 0.25, topo 0.00, graphs 0.00, connections 0.00, rest 0.00)
ip-10-244-1-135:56:145 [0] NCCL INFO New proxy recv connection 0 from local rank 0, transport 2
ip-10-244-1-135:56:147 [0] NCCL INFO [Proxy Progress] Device 0 CPU core 1
ip-10-244-1-135:56:56 [0] NCCL INFO Connected to proxy localRank 0 -> connection 0x7bf598032c30
ip-10-244-1-135:56:145 [0] NCCL INFO Could not get speed from /sys/class/net/ens5/speed. Defaulting to 10 Gbps.
ip-10-244-1-135:56:145 [0] NCCL INFO NET/Socket: Using 2 threads and 8 sockets per thread
ip-10-244-1-135:56:56 [0] NCCL INFO Channel 01/1 : 0[0] -> 1[0] [receive] via NET/Socket/0/Shared
ip-10-244-1-135:56:145 [0] NCCL INFO New proxy send connection 1 from local rank 0, transport 2
ip-10-244-1-135:56:56 [0] NCCL INFO Connected to proxy localRank 0 -> connection 0x7bf598032cb8
ip-10-244-1-135:56:145 [0] NCCL INFO Could not get speed from /sys/class/net/ens5/speed. Defaulting to 10 Gbps.
ip-10-244-1-135:56:56 [0] NCCL INFO Channel 01/1 : 1[0] -> 0[0] [send] via NET/Socket/0/Shared
ip-10-244-1-135:56:56 [0] NCCL INFO comm 0x5fcc1f9b9460 rank 1 nranks 2 cudaDev 0 busId 1e0 - Destroy COMPLETE
ip-10-244-1-135:56:56 [0] NCCL INFO comm 0x5fcc1bde9210 rank 1 nranks 2 cudaDev 0 busId 1e0 - Destroy COMPLETE
ip-10-244-1-135:56:56 [0] NCCL INFO comm 0x5fcc1bcc4420 rank 1 nranks 2 cudaDev 0 busId 1e0 - Destroy COMPLETE
ip-10-244-1-135:56:56 [0] NCCL INFO comm 0x5fcc1b94c850 rank 1 nranks 2 cudaDev 0 busId 1e0 - Destroy COMPLETE
ip-10-244-1-135:56:56 [0] NCCL INFO comm 0x5fcc1b73eec0 rank 1 nranks 2 cudaDev 0 busId 1e0 - Destroy COMPLETE
ip-10-244-1-135:56:56 [0] NCCL INFO comm 0x5fcc1e88df80 rank 1 nranks 2 cudaDev 0 busId 1e0 - Destroy COMPLETE
ip-10-244-1-135:56:56 [0] NCCL INFO comm 0x5fcc1b3d98d0 rank 7 nranks 8 cudaDev 0 busId 1e0 - Destroy COMPLETE
ip-10-244-1-135:56:56 [0] NCCL INFO comm 0x5fcc17262d90 rank 1 nranks 2 cudaDev 0 busId 1e0 - Destroy COMPLETE
ip-10-244-1-135:56:56 [0] NCCL INFO ENV/Plugin: Closing env plugin ncclEnvDefault
