Warning: You are sending unauthenticated requests to the HF Hub. Please set a HF_TOKEN to enable higher rate limits and faster downloads.
Generating train split:   0%|          | 0/50000 [00:00<?, ? examples/s]Generating train split:  28%|██▊       | 14200/50000 [00:00<00:00, 108838.04 examples/s]Generating train split:  51%|█████     | 25600/50000 [00:00<00:00, 85884.37 examples/s] Generating train split: 100%|██████████| 50000/50000 [00:00<00:00, 143308.54 examples/s]Generating train split: 100%|██████████| 50000/50000 [00:00<00:00, 128715.62 examples/s]
Generating test split:   0%|          | 0/10000 [00:00<?, ? examples/s]Generating test split: 100%|██████████| 10000/10000 [00:00<00:00, 249855.78 examples/s]
[W909 10:02:16.642329390 Utils.hpp:166] Warning: Environment variable NCCL_BLOCKING_WAIT is deprecated; use TORCH_NCCL_BLOCKING_WAIT instead (function operator())
[W909 10:02:16.642359091 Utils.hpp:137] Warning: Environment variable NCCL_ASYNC_ERROR_HANDLING is deprecated; use TORCH_NCCL_ASYNC_ERROR_HANDLING instead (function operator())
[rank13]:[W909 10:02:21.695316052 ProcessGroupNCCL.cpp:4215] Warning: An unbatched P2P op (send/recv) was called on this ProcessGroup with size 16.  In lazy initialization mode, this will result in a new 2-rank NCCL communicator to be created. (function operator())
ip-10-235-1-29:56:56 [0] NCCL INFO ENV/Plugin: Could not find: libnccl-env.so
ip-10-235-1-29:56:56 [0] NCCL INFO cudaDriverVersion 13020
ip-10-235-1-29:56:56 [0] NCCL INFO NCCL_SOCKET_IFNAME set to ens5
ip-10-235-1-29:56:56 [0] NCCL INFO NCCL version 2.29.7+cuda13.2
ip-10-235-1-29:56:56 [0] NCCL INFO NCCL git version stable b81d6a5a3
ip-10-235-1-29:56:56 [0] NCCL INFO NET/Plugin: Could not find: libnccl-net.so
ip-10-235-1-29:56:56 [0] NCCL INFO transport/net_ib/init.cc:396 -> 3
ip-10-235-1-29:56:56 [0] NCCL INFO Failed to initialize NET plugin IB
ip-10-235-1-29:56:56 [0] NCCL INFO NET/Socket : Using [0]ens5:10.235.1.29<0>
ip-10-235-1-29:56:56 [0] NCCL INFO Initialized NET plugin Socket
ip-10-235-1-29:56:56 [0] NCCL INFO Could not get speed from /sys/class/net/ens5/speed. Defaulting to 10 Gbps.
ip-10-235-1-29:56:56 [0] NCCL INFO Assigned NET plugin Socket to comm
ip-10-235-1-29:56:56 [0] NCCL INFO GIN/Plugin: Could not find: libnccl-gin.so

[2026-09-09 10:02:21] ip-10-235-1-29:56:56 [0] misc/ibvwrap.cc:173 NCCL WARN lib wrapper not initialized.
ip-10-235-1-29:56:56 [0] NCCL INFO transport/net_ib/gdr.cc:56 -> 3
ip-10-235-1-29:56:56 [0] NCCL INFO Unable to use GIN: Peermem is not supported, nor DMA-BUF.
ip-10-235-1-29:56:56 [0] NCCL INFO Unable to use GIN: Peermem is not supported, nor DMA-BUF.
ip-10-235-1-29:56:56 [0] NCCL INFO Failed to initialize any GIN plugin
ip-10-235-1-29:56:56 [0] NCCL INFO Using network Socket
ip-10-235-1-29:56:56 [0] NCCL INFO [Rank 1] ncclCommInitRankConfig comm 0x6332f93dddb0 rank 1 nranks 2 cudaDev 0 nvmlDev 0 busId 1e0 commId 0x86561434efc74c7b - Init START
ip-10-235-1-29:56:56 [0] NCCL INFO RAS client listening socket at 127.0.0.1<28028>
ip-10-235-1-29:56:56 [0] NCCL INFO Topology detection : could not read /sys/devices/pci0000:00/0000:00:1e.0/../max_link_speed, ignoring
ip-10-235-1-29:56:56 [0] NCCL INFO Topology detection : could not read /sys/devices/pci0000:00/0000:00:1e.0/../max_link_width, ignoring
ip-10-235-1-29:56:56 [0] NCCL INFO Topology detection : could not read /sys/devices/system/node/node-1/cpumap, ignoring
ip-10-235-1-29:56:56 [0] NCCL INFO TOPO/NET : Importing network plugins to topology
ip-10-235-1-29:56:56 [0] NCCL INFO Could not get speed from /sys/class/net/ens5/speed. Defaulting to 10 Gbps.
ip-10-235-1-29:56:56 [0] NCCL INFO Topology detection : could not read /sys/devices/pci0000:00/0000:00:05.0/../max_link_speed, ignoring
ip-10-235-1-29:56:56 [0] NCCL INFO Topology detection : could not read /sys/devices/pci0000:00/0000:00:05.0/../max_link_width, ignoring
ip-10-235-1-29:56:56 [0] NCCL INFO Topology detection : could not read /sys/devices/system/node/node-1/cpumap, ignoring
ip-10-235-1-29:56:56 [0] NCCL INFO NET/Socket : GPU Direct RDMA Disabled for HCA 0 'ens5'
ip-10-235-1-29:56:56 [0] NCCL INFO ncclTopoPopulateNics : Filled ens5 in topo with pciPath=/sys/devices/pci0000:00/0000:00:05.0 net=1 gin=(null) keep=1 coll=(null)
ip-10-235-1-29:56:56 [0] NCCL INFO KV Convert to int : could not find value of 'Unknown' in dictionary, falling back to 60
ip-10-235-1-29:56:56 [0] NCCL INFO === System : maxBw 1.2 totalBw 24.0 ===
ip-10-235-1-29:56:56 [0] NCCL INFO CPU/0-ffffffffffffff (1/2/-1)
ip-10-235-1-29:56:56 [0] NCCL INFO + PCI[24.0] - GPU/0-1e0 (1)
ip-10-235-1-29:56:56 [0] NCCL INFO + PCI[12.0] - NIC/0-50
ip-10-235-1-29:56:56 [0] NCCL INFO               + NET[1.2] - NET/0-0 (0/0/0/1.250000)
ip-10-235-1-29:56:56 [0] NCCL INFO ==========================================
ip-10-235-1-29:56:56 [0] NCCL INFO GPU/0-1e0 :GPU/0-1e0 (0/5000.0/LOC) CPU/0-ffffffffffffff (1/24.0/PHB) NET/0-0 (3/1.2/PHB) 
ip-10-235-1-29:56:56 [0] NCCL INFO NET/0-0 :GPU/0-1e0 (3/1.2/PHB) CPU/0-ffffffffffffff (2/1.2/PHB) NET/0-0 (0/5000.0/LOC) 
ip-10-235-1-29:56:56 [0] NCCL INFO ncclTopoGetCpuAffinity: Affinity for GPU 0 is empty, ignoring. (GPU affinity =  ; CPU affinity = 0-3).
ip-10-235-1-29:56:56 [0] NCCL INFO Pattern 4, crossNic 0, nChannels 1, bw 1.200000/1.200000, type LOC/PHB, sameChannels 1
ip-10-235-1-29:56:56 [0] NCCL INFO  0 : NET/0-0 GPU/0-1e0 NET/0-0
ip-10-235-1-29:56:56 [0] NCCL INFO Pattern 3, crossNic 0, nChannels 1, bw 2.400000/1.200000, type LOC/PHB, sameChannels 1
ip-10-235-1-29:56:56 [0] NCCL INFO  0 : NET/0-0 GPU/0-1e0 NET/0-0
ip-10-235-1-29:56:56 [0] NCCL INFO Could not get speed from /sys/class/net/ens5/speed. Defaulting to 10 Gbps.
ip-10-235-1-29:56:56 [0] NCCL INFO comm 0x6332f93dddb0 rank 1 nRanks 2 nNodes 2 localRanks 1 localRank 0 MNNVL 0
ip-10-235-1-29:56:56 [0] NCCL INFO Tree 0 : 0 -> 1 -> -1/-1/-1
ip-10-235-1-29:56:56 [0] NCCL INFO Tree 1 : -1 -> 1 -> 0/-1/-1
ip-10-235-1-29:56:56 [0] NCCL INFO Ring 00 : 0 -> 1 -> 0
ip-10-235-1-29:56:56 [0] NCCL INFO Ring 01 : 0 -> 1 -> 0
ip-10-235-1-29:56:56 [0] NCCL INFO Trees [0] -1/-1/-1->1->0 [1] 0/-1/-1->1->-1
ip-10-235-1-29:56:56 [0] NCCL INFO P2P Chunksize set to 131072
ip-10-235-1-29:56:56 [0] NCCL INFO PROFILER/Plugin: Could not find: libnccl-profiler.so
ip-10-235-1-29:56:56 [0] NCCL INFO Check P2P Type isAllDirectP2p 1 directMode 0 isAllCudaP2p 1
ip-10-235-1-29:56:56 [0] NCCL INFO ncclP2pSchedule: group size used is 1
ip-10-235-1-29:56:100 [0] NCCL INFO [Proxy Service] Device 0 CPU core 2
ip-10-235-1-29:56:101 [0] NCCL INFO [Proxy Service UDS] Device 0 CPU core 3
ip-10-235-1-29:56:56 [0] NCCL INFO TUNER/Plugin: Could not find: libnccl-tuner.so
ip-10-235-1-29:56:56 [0] NCCL INFO threadThresholds 8/8/64 | 16/8/64 | 512 | 512
ip-10-235-1-29:56:56 [0] NCCL INFO 2 coll channels, 2 collnet channels, 0 nvls channels, 2 p2p channels, 1 p2p channels per peer
ip-10-235-1-29:56:56 [0] NCCL INFO Symmetric VA size=24GB
ip-10-235-1-29:56:56 [0] NCCL INFO Symmetric memory is not supported. cuMemEnable 1, globalGinSupport 0, globalNicFused 0 cuMemGdrSupport 1
ip-10-235-1-29:56:56 [0] NCCL INFO ncclCommInitRankConfig comm 0x6332f93dddb0 rank 1 nranks 2 cudaDev 0 nvmlDev 0 busId 1e0 commId 0x86561434efc74c7b - Init COMPLETE
ip-10-235-1-29:56:56 [0] NCCL INFO Init timings - ncclCommInitRankConfig: rank 1 nranks 2 total 1.40 (kernels 0.17, alloc 0.02, bootstrap 0.86, allgathers 0.34, topo 0.00, graphs 0.00, connections 0.00, rest 0.00)
ip-10-235-1-29:56:100 [0] NCCL INFO New proxy recv connection 0 from local rank 0, transport 2
ip-10-235-1-29:56:102 [0] NCCL INFO [Proxy Progress] Device 0 CPU core 0
ip-10-235-1-29:56:56 [0] NCCL INFO Connected to proxy localRank 0 -> connection 0x7a17fc004fa0
ip-10-235-1-29:56:100 [0] NCCL INFO Could not get speed from /sys/class/net/ens5/speed. Defaulting to 10 Gbps.
ip-10-235-1-29:56:100 [0] NCCL INFO NET/Socket: Using 2 threads and 8 sockets per thread
ip-10-235-1-29:56:56 [0] NCCL INFO Channel 01/1 : 0[0] -> 1[0] [receive] via NET/Socket/0/Shared
[rank13]:[W909 10:02:34.061255908 ProcessGroupNCCL.cpp:4215] Warning: An unbatched P2P op (send/recv) was called on this ProcessGroup with size 16.  In lazy initialization mode, this will result in a new 2-rank NCCL communicator to be created. (function operator())
ip-10-235-1-29:56:100 [0] NCCL INFO New proxy send connection 1 from local rank 0, transport 2
ip-10-235-1-29:56:56 [0] NCCL INFO Connected to proxy localRank 0 -> connection 0x7a17fc005028
ip-10-235-1-29:56:100 [0] NCCL INFO Could not get speed from /sys/class/net/ens5/speed. Defaulting to 10 Gbps.
ip-10-235-1-29:56:56 [0] NCCL INFO Channel 01/1 : 1[0] -> 0[0] [send] via NET/Socket/0/Shared
ip-10-235-1-29:56:56 [0] NCCL INFO Initialized NET plugin Socket
ip-10-235-1-29:56:56 [0] NCCL INFO Could not get speed from /sys/class/net/ens5/speed. Defaulting to 10 Gbps.
ip-10-235-1-29:56:56 [0] NCCL INFO Assigned NET plugin Socket to comm
ip-10-235-1-29:56:56 [0] NCCL INFO Failed to initialize any GIN plugin
ip-10-235-1-29:56:56 [0] NCCL INFO Using network Socket
ip-10-235-1-29:56:56 [0] NCCL INFO [Rank 13] ncclCommInitRankConfig comm 0x6332fd552320 rank 13 nranks 16 cudaDev 0 nvmlDev 0 busId 1e0 commId 0xb52e73f562d9812f - Init START
ip-10-235-1-29:56:56 [0] NCCL INFO Topology detection : could not read /sys/devices/pci0000:00/0000:00:1e.0/../max_link_speed, ignoring
ip-10-235-1-29:56:56 [0] NCCL INFO Topology detection : could not read /sys/devices/pci0000:00/0000:00:1e.0/../max_link_width, ignoring
ip-10-235-1-29:56:56 [0] NCCL INFO Topology detection : could not read /sys/devices/system/node/node-1/cpumap, ignoring
ip-10-235-1-29:56:56 [0] NCCL INFO TOPO/NET : Importing network plugins to topology
ip-10-235-1-29:56:56 [0] NCCL INFO Could not get speed from /sys/class/net/ens5/speed. Defaulting to 10 Gbps.
ip-10-235-1-29:56:56 [0] NCCL INFO Topology detection : could not read /sys/devices/pci0000:00/0000:00:05.0/../max_link_speed, ignoring
ip-10-235-1-29:56:56 [0] NCCL INFO Topology detection : could not read /sys/devices/pci0000:00/0000:00:05.0/../max_link_width, ignoring
ip-10-235-1-29:56:56 [0] NCCL INFO Topology detection : could not read /sys/devices/system/node/node-1/cpumap, ignoring
ip-10-235-1-29:56:56 [0] NCCL INFO NET/Socket : GPU Direct RDMA Disabled for HCA 0 'ens5'
ip-10-235-1-29:56:56 [0] NCCL INFO ncclTopoPopulateNics : Filled ens5 in topo with pciPath=/sys/devices/pci0000:00/0000:00:05.0 net=1 gin=(null) keep=1 coll=(null)
ip-10-235-1-29:56:56 [0] NCCL INFO KV Convert to int : could not find value of 'Unknown' in dictionary, falling back to 60
ip-10-235-1-29:56:56 [0] NCCL INFO === System : maxBw 1.2 totalBw 24.0 ===
ip-10-235-1-29:56:56 [0] NCCL INFO CPU/0-ffffffffffffff (1/2/-1)
ip-10-235-1-29:56:56 [0] NCCL INFO + PCI[24.0] - GPU/0-1e0 (13)
ip-10-235-1-29:56:56 [0] NCCL INFO + PCI[12.0] - NIC/0-50
ip-10-235-1-29:56:56 [0] NCCL INFO               + NET[1.2] - NET/0-0 (0/0/0/1.250000)
ip-10-235-1-29:56:56 [0] NCCL INFO ==========================================
ip-10-235-1-29:56:56 [0] NCCL INFO GPU/0-1e0 :GPU/0-1e0 (0/5000.0/LOC) CPU/0-ffffffffffffff (1/24.0/PHB) NET/0-0 (3/1.2/PHB) 
ip-10-235-1-29:56:56 [0] NCCL INFO NET/0-0 :GPU/0-1e0 (3/1.2/PHB) CPU/0-ffffffffffffff (2/1.2/PHB) NET/0-0 (0/5000.0/LOC) 
ip-10-235-1-29:56:56 [0] NCCL INFO ncclTopoGetCpuAffinity: Affinity for GPU 0 is empty, ignoring. (GPU affinity =  ; CPU affinity = 0-3).
ip-10-235-1-29:56:56 [0] NCCL INFO Pattern 4, crossNic 0, nChannels 1, bw 1.200000/1.200000, type LOC/PHB, sameChannels 1
ip-10-235-1-29:56:56 [0] NCCL INFO  0 : NET/0-0 GPU/0-1e0 NET/0-0
ip-10-235-1-29:56:56 [0] NCCL INFO Pattern 3, crossNic 0, nChannels 1, bw 2.400000/1.200000, type LOC/PHB, sameChannels 1
ip-10-235-1-29:56:56 [0] NCCL INFO  0 : NET/0-0 GPU/0-1e0 NET/0-0
ip-10-235-1-29:56:56 [0] NCCL INFO Could not get speed from /sys/class/net/ens5/speed. Defaulting to 10 Gbps.
ip-10-235-1-29:56:56 [0] NCCL INFO comm 0x6332fd552320 rank 13 nRanks 16 nNodes 16 localRanks 1 localRank 0 MNNVL 0
ip-10-235-1-29:56:56 [0] NCCL INFO Tree 0 : 14 -> 13 -> -1/-1/-1
ip-10-235-1-29:56:56 [0] NCCL INFO Tree 1 : 11 -> 13 -> 14/12/-1
ip-10-235-1-29:56:56 [0] NCCL INFO Ring 00 : 12 -> 13 -> 14
ip-10-235-1-29:56:56 [0] NCCL INFO Ring 01 : 12 -> 13 -> 14
ip-10-235-1-29:56:56 [0] NCCL INFO Trees [0] -1/-1/-1->13->14 [1] 14/12/-1->13->11
ip-10-235-1-29:56:56 [0] NCCL INFO P2P Chunksize set to 131072
ip-10-235-1-29:56:56 [0] NCCL INFO Check P2P Type isAllDirectP2p 1 directMode 0 isAllCudaP2p 1
ip-10-235-1-29:56:56 [0] NCCL INFO ncclP2pSchedule: group size used is 1
ip-10-235-1-29:56:108 [0] NCCL INFO [Proxy Service UDS] Device 0 CPU core 0
ip-10-235-1-29:56:107 [0] NCCL INFO [Proxy Service] Device 0 CPU core 3
ip-10-235-1-29:56:56 [0] NCCL INFO threadThresholds 8/8/64 | 128/8/64 | 512 | 512
ip-10-235-1-29:56:56 [0] NCCL INFO 2 coll channels, 2 collnet channels, 0 nvls channels, 2 p2p channels, 1 p2p channels per peer
ip-10-235-1-29:56:56 [0] NCCL INFO Symmetric VA size=24GB
ip-10-235-1-29:56:56 [0] NCCL INFO Symmetric memory is not supported. cuMemEnable 1, globalGinSupport 0, globalNicFused 0 cuMemGdrSupport 1
ip-10-235-1-29:56:56 [0] NCCL INFO ncclCommInitRankConfig comm 0x6332fd552320 rank 13 nranks 16 cudaDev 0 nvmlDev 0 busId 1e0 commId 0xb52e73f562d9812f - Init COMPLETE
ip-10-235-1-29:56:56 [0] NCCL INFO Init timings - ncclCommInitRankConfig: rank 13 nranks 16 total 21.13 (kernels 0.00, alloc 0.00, bootstrap 18.00, allgathers 3.12, topo 0.00, graphs 0.00, connections 0.00, rest 0.00)
ip-10-235-1-29:56:107 [0] NCCL INFO New proxy recv connection 0 from local rank 0, transport 2
ip-10-235-1-29:56:109 [0] NCCL INFO [Proxy Progress] Device 0 CPU core 1
ip-10-235-1-29:56:56 [0] NCCL INFO Connected to proxy localRank 0 -> connection 0x7a17c8004f70
ip-10-235-1-29:56:107 [0] NCCL INFO Could not get speed from /sys/class/net/ens5/speed. Defaulting to 10 Gbps.
ip-10-235-1-29:56:107 [0] NCCL INFO NET/Socket: Using 2 threads and 8 sockets per thread
ip-10-235-1-29:56:56 [0] NCCL INFO Channel 01/0 : 12[0] -> 13[0] [receive] via NET/Socket/0
ip-10-235-1-29:56:107 [0] NCCL INFO New proxy send connection 1 from local rank 0, transport 2
ip-10-235-1-29:56:56 [0] NCCL INFO Connected to proxy localRank 0 -> connection 0x7a17c8004ff8
ip-10-235-1-29:56:107 [0] NCCL INFO Could not get speed from /sys/class/net/ens5/speed. Defaulting to 10 Gbps.
ip-10-235-1-29:56:56 [0] NCCL INFO Channel 00/0 : 13[0] -> 14[0] [send] via NET/Socket/0
ip-10-235-1-29:56:107 [0] NCCL INFO New proxy send connection 2 from local rank 0, transport 2
ip-10-235-1-29:56:56 [0] NCCL INFO Connected to proxy localRank 0 -> connection 0x7a17c8005080
ip-10-235-1-29:56:107 [0] NCCL INFO Could not get speed from /sys/class/net/ens5/speed. Defaulting to 10 Gbps.
ip-10-235-1-29:56:56 [0] NCCL INFO Channel 01/0 : 13[0] -> 14[0] [send] via NET/Socket/0
ip-10-235-1-29:56:107 [0] NCCL INFO New proxy recv connection 3 from local rank 0, transport 2
ip-10-235-1-29:56:56 [0] NCCL INFO Connected to proxy localRank 0 -> connection 0x7a17c8005108
ip-10-235-1-29:56:107 [0] NCCL INFO Could not get speed from /sys/class/net/ens5/speed. Defaulting to 10 Gbps.
ip-10-235-1-29:56:107 [0] NCCL INFO NET/Socket: Using 2 threads and 8 sockets per thread
ip-10-235-1-29:56:56 [0] NCCL INFO Channel 01/0 : 11[0] -> 13[0] [receive] via NET/Socket/0
ip-10-235-1-29:56:107 [0] NCCL INFO New proxy send connection 4 from local rank 0, transport 2
ip-10-235-1-29:56:56 [0] NCCL INFO Connected to proxy localRank 0 -> connection 0x7a17c8005190
ip-10-235-1-29:56:107 [0] NCCL INFO Could not get speed from /sys/class/net/ens5/speed. Defaulting to 10 Gbps.
ip-10-235-1-29:56:56 [0] NCCL INFO Channel 01/0 : 13[0] -> 11[0] [send] via NET/Socket/0
ip-10-235-1-29:56:107 [0] NCCL INFO New proxy recv connection 5 from local rank 0, transport 2
ip-10-235-1-29:56:56 [0] NCCL INFO Connected to proxy localRank 0 -> connection 0x7a17c8005218
ip-10-235-1-29:56:107 [0] NCCL INFO Could not get speed from /sys/class/net/ens5/speed. Defaulting to 10 Gbps.
ip-10-235-1-29:56:107 [0] NCCL INFO NET/Socket: Using 2 threads and 8 sockets per thread
ip-10-235-1-29:56:56 [0] NCCL INFO Channel 00/0 : 14[0] -> 13[0] [receive] via NET/Socket/0
ip-10-235-1-29:56:107 [0] NCCL INFO New proxy recv connection 6 from local rank 0, transport 2
ip-10-235-1-29:56:56 [0] NCCL INFO Connected to proxy localRank 0 -> connection 0x7a17c80052a0
ip-10-235-1-29:56:107 [0] NCCL INFO Could not get speed from /sys/class/net/ens5/speed. Defaulting to 10 Gbps.
ip-10-235-1-29:56:107 [0] NCCL INFO NET/Socket: Using 2 threads and 8 sockets per thread
ip-10-235-1-29:56:56 [0] NCCL INFO Channel 01/0 : 14[0] -> 13[0] [receive] via NET/Socket/0
ip-10-235-1-29:56:107 [0] NCCL INFO New proxy send connection 7 from local rank 0, transport 2
ip-10-235-1-29:56:56 [0] NCCL INFO Connected to proxy localRank 0 -> connection 0x7a17c8005328
ip-10-235-1-29:56:107 [0] NCCL INFO Could not get speed from /sys/class/net/ens5/speed. Defaulting to 10 Gbps.
ip-10-235-1-29:56:56 [0] NCCL INFO Channel 01/0 : 13[0] -> 12[0] [send] via NET/Socket/0
ip-10-235-1-29:56:56 [0] NCCL INFO Connected all trees
ip-10-235-1-29:56:56 [0] NCCL INFO Initialized NET plugin Socket
ip-10-235-1-29:56:56 [0] NCCL INFO Could not get speed from /sys/class/net/ens5/speed. Defaulting to 10 Gbps.
ip-10-235-1-29:56:56 [0] NCCL INFO Assigned NET plugin Socket to comm
ip-10-235-1-29:56:56 [0] NCCL INFO Failed to initialize any GIN plugin
ip-10-235-1-29:56:56 [0] NCCL INFO Using network Socket
ip-10-235-1-29:56:56 [0] NCCL INFO [Rank 1] ncclCommInitRankConfig comm 0x6332fd9c1d00 rank 1 nranks 2 cudaDev 0 nvmlDev 0 busId 1e0 commId 0x5370288f782950b9 - Init START
ip-10-235-1-29:56:56 [0] NCCL INFO Topology detection : could not read /sys/devices/pci0000:00/0000:00:1e.0/../max_link_speed, ignoring
ip-10-235-1-29:56:56 [0] NCCL INFO Topology detection : could not read /sys/devices/pci0000:00/0000:00:1e.0/../max_link_width, ignoring
ip-10-235-1-29:56:56 [0] NCCL INFO Topology detection : could not read /sys/devices/system/node/node-1/cpumap, ignoring
ip-10-235-1-29:56:56 [0] NCCL INFO TOPO/NET : Importing network plugins to topology
ip-10-235-1-29:56:56 [0] NCCL INFO Could not get speed from /sys/class/net/ens5/speed. Defaulting to 10 Gbps.
ip-10-235-1-29:56:56 [0] NCCL INFO Topology detection : could not read /sys/devices/pci0000:00/0000:00:05.0/../max_link_speed, ignoring
ip-10-235-1-29:56:56 [0] NCCL INFO Topology detection : could not read /sys/devices/pci0000:00/0000:00:05.0/../max_link_width, ignoring
ip-10-235-1-29:56:56 [0] NCCL INFO Topology detection : could not read /sys/devices/system/node/node-1/cpumap, ignoring
ip-10-235-1-29:56:56 [0] NCCL INFO NET/Socket : GPU Direct RDMA Disabled for HCA 0 'ens5'
ip-10-235-1-29:56:56 [0] NCCL INFO ncclTopoPopulateNics : Filled ens5 in topo with pciPath=/sys/devices/pci0000:00/0000:00:05.0 net=1 gin=(null) keep=1 coll=(null)
ip-10-235-1-29:56:56 [0] NCCL INFO KV Convert to int : could not find value of 'Unknown' in dictionary, falling back to 60
ip-10-235-1-29:56:56 [0] NCCL INFO === System : maxBw 1.2 totalBw 24.0 ===
ip-10-235-1-29:56:56 [0] NCCL INFO CPU/0-ffffffffffffff (1/2/-1)
ip-10-235-1-29:56:56 [0] NCCL INFO + PCI[24.0] - GPU/0-1e0 (1)
ip-10-235-1-29:56:56 [0] NCCL INFO + PCI[12.0] - NIC/0-50
ip-10-235-1-29:56:56 [0] NCCL INFO               + NET[1.2] - NET/0-0 (0/0/0/1.250000)
ip-10-235-1-29:56:56 [0] NCCL INFO ==========================================
ip-10-235-1-29:56:56 [0] NCCL INFO GPU/0-1e0 :GPU/0-1e0 (0/5000.0/LOC) CPU/0-ffffffffffffff (1/24.0/PHB) NET/0-0 (3/1.2/PHB) 
ip-10-235-1-29:56:56 [0] NCCL INFO NET/0-0 :GPU/0-1e0 (3/1.2/PHB) CPU/0-ffffffffffffff (2/1.2/PHB) NET/0-0 (0/5000.0/LOC) 
ip-10-235-1-29:56:56 [0] NCCL INFO ncclTopoGetCpuAffinity: Affinity for GPU 0 is empty, ignoring. (GPU affinity =  ; CPU affinity = 0-3).
ip-10-235-1-29:56:56 [0] NCCL INFO Pattern 4, crossNic 0, nChannels 1, bw 1.200000/1.200000, type LOC/PHB, sameChannels 1
ip-10-235-1-29:56:56 [0] NCCL INFO  0 : NET/0-0 GPU/0-1e0 NET/0-0
ip-10-235-1-29:56:56 [0] NCCL INFO Pattern 3, crossNic 0, nChannels 1, bw 2.400000/1.200000, type LOC/PHB, sameChannels 1
ip-10-235-1-29:56:56 [0] NCCL INFO  0 : NET/0-0 GPU/0-1e0 NET/0-0
ip-10-235-1-29:56:56 [0] NCCL INFO Could not get speed from /sys/class/net/ens5/speed. Defaulting to 10 Gbps.
ip-10-235-1-29:56:56 [0] NCCL INFO comm 0x6332fd9c1d00 rank 1 nRanks 2 nNodes 2 localRanks 1 localRank 0 MNNVL 0
ip-10-235-1-29:56:56 [0] NCCL INFO Tree 0 : 0 -> 1 -> -1/-1/-1
ip-10-235-1-29:56:56 [0] NCCL INFO Tree 1 : -1 -> 1 -> 0/-1/-1
ip-10-235-1-29:56:56 [0] NCCL INFO Ring 00 : 0 -> 1 -> 0
ip-10-235-1-29:56:56 [0] NCCL INFO Ring 01 : 0 -> 1 -> 0
ip-10-235-1-29:56:56 [0] NCCL INFO Trees [0] -1/-1/-1->1->0 [1] 0/-1/-1->1->-1
ip-10-235-1-29:56:56 [0] NCCL INFO P2P Chunksize set to 131072
ip-10-235-1-29:56:56 [0] NCCL INFO Check P2P Type isAllDirectP2p 1 directMode 0 isAllCudaP2p 1
ip-10-235-1-29:56:110 [0] NCCL INFO [Proxy Service] Device 0 CPU core 1
ip-10-235-1-29:56:56 [0] NCCL INFO ncclP2pSchedule: group size used is 1
ip-10-235-1-29:56:111 [0] NCCL INFO [Proxy Service UDS] Device 0 CPU core 3
ip-10-235-1-29:56:56 [0] NCCL INFO threadThresholds 8/8/64 | 16/8/64 | 512 | 512
ip-10-235-1-29:56:56 [0] NCCL INFO 2 coll channels, 2 collnet channels, 0 nvls channels, 2 p2p channels, 1 p2p channels per peer
ip-10-235-1-29:56:56 [0] NCCL INFO Symmetric VA size=24GB
ip-10-235-1-29:56:56 [0] NCCL INFO Symmetric memory is not supported. cuMemEnable 1, globalGinSupport 0, globalNicFused 0 cuMemGdrSupport 1
ip-10-235-1-29:56:56 [0] NCCL INFO ncclCommInitRankConfig comm 0x6332fd9c1d00 rank 1 nranks 2 cudaDev 0 nvmlDev 0 busId 1e0 commId 0x5370288f782950b9 - Init COMPLETE
ip-10-235-1-29:56:56 [0] NCCL INFO Init timings - ncclCommInitRankConfig: rank 1 nranks 2 total 0.17 (kernels 0.00, alloc 0.00, bootstrap 0.11, allgathers 0.05, topo 0.01, graphs 0.00, connections 0.00, rest 0.00)
ip-10-235-1-29:56:110 [0] NCCL INFO New proxy recv connection 0 from local rank 0, transport 2
ip-10-235-1-29:56:112 [0] NCCL INFO [Proxy Progress] Device 0 CPU core 2
ip-10-235-1-29:56:56 [0] NCCL INFO Connected to proxy localRank 0 -> connection 0x7a179c004f70
ip-10-235-1-29:56:110 [0] NCCL INFO Could not get speed from /sys/class/net/ens5/speed. Defaulting to 10 Gbps.
ip-10-235-1-29:56:110 [0] NCCL INFO NET/Socket: Using 2 threads and 8 sockets per thread
ip-10-235-1-29:56:56 [0] NCCL INFO Channel 01/1 : 0[0] -> 1[0] [receive] via NET/Socket/0/Shared
ip-10-235-1-29:56:110 [0] NCCL INFO New proxy send connection 1 from local rank 0, transport 2
ip-10-235-1-29:56:56 [0] NCCL INFO Connected to proxy localRank 0 -> connection 0x7a179c004ff8
ip-10-235-1-29:56:110 [0] NCCL INFO Could not get speed from /sys/class/net/ens5/speed. Defaulting to 10 Gbps.
ip-10-235-1-29:56:56 [0] NCCL INFO Channel 01/1 : 1[0] -> 0[0] [send] via NET/Socket/0/Shared
ip-10-235-1-29:56:56 [0] NCCL INFO Initialized NET plugin Socket
ip-10-235-1-29:56:56 [0] NCCL INFO Could not get speed from /sys/class/net/ens5/speed. Defaulting to 10 Gbps.
ip-10-235-1-29:56:56 [0] NCCL INFO Assigned NET plugin Socket to comm
ip-10-235-1-29:56:56 [0] NCCL INFO Failed to initialize any GIN plugin
ip-10-235-1-29:56:56 [0] NCCL INFO Using network Socket
ip-10-235-1-29:56:56 [0] NCCL INFO [Rank 1] ncclCommInitRankConfig comm 0x6332fdae6af0 rank 1 nranks 2 cudaDev 0 nvmlDev 0 busId 1e0 commId 0x4752debebc243828 - Init START
ip-10-235-1-29:56:56 [0] NCCL INFO Topology detection : could not read /sys/devices/pci0000:00/0000:00:1e.0/../max_link_speed, ignoring
ip-10-235-1-29:56:56 [0] NCCL INFO Topology detection : could not read /sys/devices/pci0000:00/0000:00:1e.0/../max_link_width, ignoring
ip-10-235-1-29:56:56 [0] NCCL INFO Topology detection : could not read /sys/devices/system/node/node-1/cpumap, ignoring
ip-10-235-1-29:56:56 [0] NCCL INFO TOPO/NET : Importing network plugins to topology
ip-10-235-1-29:56:56 [0] NCCL INFO Could not get speed from /sys/class/net/ens5/speed. Defaulting to 10 Gbps.
ip-10-235-1-29:56:56 [0] NCCL INFO Topology detection : could not read /sys/devices/pci0000:00/0000:00:05.0/../max_link_speed, ignoring
ip-10-235-1-29:56:56 [0] NCCL INFO Topology detection : could not read /sys/devices/pci0000:00/0000:00:05.0/../max_link_width, ignoring
ip-10-235-1-29:56:56 [0] NCCL INFO Topology detection : could not read /sys/devices/system/node/node-1/cpumap, ignoring
ip-10-235-1-29:56:56 [0] NCCL INFO NET/Socket : GPU Direct RDMA Disabled for HCA 0 'ens5'
ip-10-235-1-29:56:56 [0] NCCL INFO ncclTopoPopulateNics : Filled ens5 in topo with pciPath=/sys/devices/pci0000:00/0000:00:05.0 net=1 gin=(null) keep=1 coll=(null)
ip-10-235-1-29:56:56 [0] NCCL INFO KV Convert to int : could not find value of 'Unknown' in dictionary, falling back to 60
ip-10-235-1-29:56:56 [0] NCCL INFO === System : maxBw 1.2 totalBw 24.0 ===
ip-10-235-1-29:56:56 [0] NCCL INFO CPU/0-ffffffffffffff (1/2/-1)
ip-10-235-1-29:56:56 [0] NCCL INFO + PCI[24.0] - GPU/0-1e0 (1)
ip-10-235-1-29:56:56 [0] NCCL INFO + PCI[12.0] - NIC/0-50
ip-10-235-1-29:56:56 [0] NCCL INFO               + NET[1.2] - NET/0-0 (0/0/0/1.250000)
ip-10-235-1-29:56:56 [0] NCCL INFO ==========================================
ip-10-235-1-29:56:56 [0] NCCL INFO GPU/0-1e0 :GPU/0-1e0 (0/5000.0/LOC) CPU/0-ffffffffffffff (1/24.0/PHB) NET/0-0 (3/1.2/PHB) 
ip-10-235-1-29:56:56 [0] NCCL INFO NET/0-0 :GPU/0-1e0 (3/1.2/PHB) CPU/0-ffffffffffffff (2/1.2/PHB) NET/0-0 (0/5000.0/LOC) 
ip-10-235-1-29:56:56 [0] NCCL INFO ncclTopoGetCpuAffinity: Affinity for GPU 0 is empty, ignoring. (GPU affinity =  ; CPU affinity = 0-3).
ip-10-235-1-29:56:56 [0] NCCL INFO Pattern 4, crossNic 0, nChannels 1, bw 1.200000/1.200000, type LOC/PHB, sameChannels 1
ip-10-235-1-29:56:56 [0] NCCL INFO  0 : NET/0-0 GPU/0-1e0 NET/0-0
ip-10-235-1-29:56:56 [0] NCCL INFO Pattern 3, crossNic 0, nChannels 1, bw 2.400000/1.200000, type LOC/PHB, sameChannels 1
ip-10-235-1-29:56:56 [0] NCCL INFO  0 : NET/0-0 GPU/0-1e0 NET/0-0
ip-10-235-1-29:56:56 [0] NCCL INFO Could not get speed from /sys/class/net/ens5/speed. Defaulting to 10 Gbps.
ip-10-235-1-29:56:56 [0] NCCL INFO comm 0x6332fdae6af0 rank 1 nRanks 2 nNodes 2 localRanks 1 localRank 0 MNNVL 0
ip-10-235-1-29:56:56 [0] NCCL INFO Tree 0 : 0 -> 1 -> -1/-1/-1
ip-10-235-1-29:56:56 [0] NCCL INFO Tree 1 : -1 -> 1 -> 0/-1/-1
ip-10-235-1-29:56:56 [0] NCCL INFO Ring 00 : 0 -> 1 -> 0
ip-10-235-1-29:56:56 [0] NCCL INFO Ring 01 : 0 -> 1 -> 0
ip-10-235-1-29:56:56 [0] NCCL INFO Trees [0] -1/-1/-1->1->0 [1] 0/-1/-1->1->-1
ip-10-235-1-29:56:56 [0] NCCL INFO P2P Chunksize set to 131072
ip-10-235-1-29:56:56 [0] NCCL INFO Check P2P Type isAllDirectP2p 1 directMode 0 isAllCudaP2p 1
ip-10-235-1-29:56:56 [0] NCCL INFO ncclP2pSchedule: group size used is 1
ip-10-235-1-29:56:117 [0] NCCL INFO [Proxy Service] Device 0 CPU core 1
ip-10-235-1-29:56:118 [0] NCCL INFO [Proxy Service UDS] Device 0 CPU core 1
ip-10-235-1-29:56:56 [0] NCCL INFO threadThresholds 8/8/64 | 16/8/64 | 512 | 512
ip-10-235-1-29:56:56 [0] NCCL INFO 2 coll channels, 2 collnet channels, 0 nvls channels, 2 p2p channels, 1 p2p channels per peer
ip-10-235-1-29:56:56 [0] NCCL INFO Symmetric VA size=24GB
ip-10-235-1-29:56:56 [0] NCCL INFO Symmetric memory is not supported. cuMemEnable 1, globalGinSupport 0, globalNicFused 0 cuMemGdrSupport 1
ip-10-235-1-29:56:56 [0] NCCL INFO ncclCommInitRankConfig comm 0x6332fdae6af0 rank 1 nranks 2 cudaDev 0 nvmlDev 0 busId 1e0 commId 0x4752debebc243828 - Init COMPLETE
ip-10-235-1-29:56:56 [0] NCCL INFO Init timings - ncclCommInitRankConfig: rank 1 nranks 2 total 1.19 (kernels 0.00, alloc 0.00, bootstrap 0.84, allgathers 0.34, topo 0.00, graphs 0.00, connections 0.00, rest 0.00)
ip-10-235-1-29:56:117 [0] NCCL INFO New proxy recv connection 0 from local rank 0, transport 2
ip-10-235-1-29:56:119 [0] NCCL INFO [Proxy Progress] Device 0 CPU core 2
ip-10-235-1-29:56:56 [0] NCCL INFO Connected to proxy localRank 0 -> connection 0x7a1784004f70
ip-10-235-1-29:56:117 [0] NCCL INFO Could not get speed from /sys/class/net/ens5/speed. Defaulting to 10 Gbps.
ip-10-235-1-29:56:117 [0] NCCL INFO NET/Socket: Using 2 threads and 8 sockets per thread
ip-10-235-1-29:56:56 [0] NCCL INFO Channel 01/1 : 0[0] -> 1[0] [receive] via NET/Socket/0/Shared
ip-10-235-1-29:56:117 [0] NCCL INFO New proxy send connection 1 from local rank 0, transport 2
ip-10-235-1-29:56:56 [0] NCCL INFO Connected to proxy localRank 0 -> connection 0x7a1784004ff8
ip-10-235-1-29:56:117 [0] NCCL INFO Could not get speed from /sys/class/net/ens5/speed. Defaulting to 10 Gbps.
ip-10-235-1-29:56:56 [0] NCCL INFO Channel 01/1 : 1[0] -> 0[0] [send] via NET/Socket/0/Shared
ip-10-235-1-29:56:56 [0] NCCL INFO Initialized NET plugin Socket
ip-10-235-1-29:56:56 [0] NCCL INFO Could not get speed from /sys/class/net/ens5/speed. Defaulting to 10 Gbps.
ip-10-235-1-29:56:56 [0] NCCL INFO Assigned NET plugin Socket to comm
ip-10-235-1-29:56:56 [0] NCCL INFO Failed to initialize any GIN plugin
ip-10-235-1-29:56:56 [0] NCCL INFO Using network Socket
ip-10-235-1-29:56:56 [0] NCCL INFO [Rank 1] ncclCommInitRankConfig comm 0x6332fdc57330 rank 1 nranks 2 cudaDev 0 nvmlDev 0 busId 1e0 commId 0x142706b2d38fc8c2 - Init START
ip-10-235-1-29:56:56 [0] NCCL INFO Topology detection : could not read /sys/devices/pci0000:00/0000:00:1e.0/../max_link_speed, ignoring
ip-10-235-1-29:56:56 [0] NCCL INFO Topology detection : could not read /sys/devices/pci0000:00/0000:00:1e.0/../max_link_width, ignoring
ip-10-235-1-29:56:56 [0] NCCL INFO Topology detection : could not read /sys/devices/system/node/node-1/cpumap, ignoring
ip-10-235-1-29:56:56 [0] NCCL INFO TOPO/NET : Importing network plugins to topology
ip-10-235-1-29:56:56 [0] NCCL INFO Could not get speed from /sys/class/net/ens5/speed. Defaulting to 10 Gbps.
ip-10-235-1-29:56:56 [0] NCCL INFO Topology detection : could not read /sys/devices/pci0000:00/0000:00:05.0/../max_link_speed, ignoring
ip-10-235-1-29:56:56 [0] NCCL INFO Topology detection : could not read /sys/devices/pci0000:00/0000:00:05.0/../max_link_width, ignoring
ip-10-235-1-29:56:56 [0] NCCL INFO Topology detection : could not read /sys/devices/system/node/node-1/cpumap, ignoring
ip-10-235-1-29:56:56 [0] NCCL INFO NET/Socket : GPU Direct RDMA Disabled for HCA 0 'ens5'
ip-10-235-1-29:56:56 [0] NCCL INFO ncclTopoPopulateNics : Filled ens5 in topo with pciPath=/sys/devices/pci0000:00/0000:00:05.0 net=1 gin=(null) keep=1 coll=(null)
ip-10-235-1-29:56:56 [0] NCCL INFO KV Convert to int : could not find value of 'Unknown' in dictionary, falling back to 60
ip-10-235-1-29:56:56 [0] NCCL INFO === System : maxBw 1.2 totalBw 24.0 ===
ip-10-235-1-29:56:56 [0] NCCL INFO CPU/0-ffffffffffffff (1/2/-1)
ip-10-235-1-29:56:56 [0] NCCL INFO + PCI[24.0] - GPU/0-1e0 (1)
ip-10-235-1-29:56:56 [0] NCCL INFO + PCI[12.0] - NIC/0-50
ip-10-235-1-29:56:56 [0] NCCL INFO               + NET[1.2] - NET/0-0 (0/0/0/1.250000)
ip-10-235-1-29:56:56 [0] NCCL INFO ==========================================
ip-10-235-1-29:56:56 [0] NCCL INFO GPU/0-1e0 :GPU/0-1e0 (0/5000.0/LOC) CPU/0-ffffffffffffff (1/24.0/PHB) NET/0-0 (3/1.2/PHB) 
ip-10-235-1-29:56:56 [0] NCCL INFO NET/0-0 :GPU/0-1e0 (3/1.2/PHB) CPU/0-ffffffffffffff (2/1.2/PHB) NET/0-0 (0/5000.0/LOC) 
ip-10-235-1-29:56:56 [0] NCCL INFO ncclTopoGetCpuAffinity: Affinity for GPU 0 is empty, ignoring. (GPU affinity =  ; CPU affinity = 0-3).
ip-10-235-1-29:56:56 [0] NCCL INFO Pattern 4, crossNic 0, nChannels 1, bw 1.200000/1.200000, type LOC/PHB, sameChannels 1
ip-10-235-1-29:56:56 [0] NCCL INFO  0 : NET/0-0 GPU/0-1e0 NET/0-0
ip-10-235-1-29:56:56 [0] NCCL INFO Pattern 3, crossNic 0, nChannels 1, bw 2.400000/1.200000, type LOC/PHB, sameChannels 1
ip-10-235-1-29:56:56 [0] NCCL INFO  0 : NET/0-0 GPU/0-1e0 NET/0-0
ip-10-235-1-29:56:56 [0] NCCL INFO Could not get speed from /sys/class/net/ens5/speed. Defaulting to 10 Gbps.
ip-10-235-1-29:56:56 [0] NCCL INFO comm 0x6332fdc57330 rank 1 nRanks 2 nNodes 2 localRanks 1 localRank 0 MNNVL 0
ip-10-235-1-29:56:56 [0] NCCL INFO Tree 0 : 0 -> 1 -> -1/-1/-1
ip-10-235-1-29:56:56 [0] NCCL INFO Tree 1 : -1 -> 1 -> 0/-1/-1
ip-10-235-1-29:56:56 [0] NCCL INFO Ring 00 : 0 -> 1 -> 0
ip-10-235-1-29:56:56 [0] NCCL INFO Ring 01 : 0 -> 1 -> 0
ip-10-235-1-29:56:56 [0] NCCL INFO Trees [0] -1/-1/-1->1->0 [1] 0/-1/-1->1->-1
ip-10-235-1-29:56:56 [0] NCCL INFO P2P Chunksize set to 131072
ip-10-235-1-29:56:56 [0] NCCL INFO Check P2P Type isAllDirectP2p 1 directMode 0 isAllCudaP2p 1
ip-10-235-1-29:56:56 [0] NCCL INFO ncclP2pSchedule: group size used is 1
ip-10-235-1-29:56:124 [0] NCCL INFO [Proxy Service] Device 0 CPU core 1
ip-10-235-1-29:56:56 [0] NCCL INFO threadThresholds 8/8/64 | 16/8/64 | 512 | 512
ip-10-235-1-29:56:56 [0] NCCL INFO 2 coll channels, 2 collnet channels, 0 nvls channels, 2 p2p channels, 1 p2p channels per peer
ip-10-235-1-29:56:56 [0] NCCL INFO Symmetric VA size=24GB
ip-10-235-1-29:56:56 [0] NCCL INFO Symmetric memory is not supported. cuMemEnable 1, globalGinSupport 0, globalNicFused 0 cuMemGdrSupport 1
ip-10-235-1-29:56:125 [0] NCCL INFO [Proxy Service UDS] Device 0 CPU core 2
ip-10-235-1-29:56:56 [0] NCCL INFO ncclCommInitRankConfig comm 0x6332fdc57330 rank 1 nranks 2 cudaDev 0 nvmlDev 0 busId 1e0 commId 0x142706b2d38fc8c2 - Init COMPLETE
ip-10-235-1-29:56:56 [0] NCCL INFO Init timings - ncclCommInitRankConfig: rank 1 nranks 2 total 0.20 (kernels 0.00, alloc 0.00, bootstrap 0.14, allgathers 0.06, topo 0.00, graphs 0.00, connections 0.00, rest 0.00)
ip-10-235-1-29:56:124 [0] NCCL INFO New proxy recv connection 0 from local rank 0, transport 2
ip-10-235-1-29:56:126 [0] NCCL INFO [Proxy Progress] Device 0 CPU core 3
ip-10-235-1-29:56:56 [0] NCCL INFO Connected to proxy localRank 0 -> connection 0x7a17780164b0
ip-10-235-1-29:56:124 [0] NCCL INFO Could not get speed from /sys/class/net/ens5/speed. Defaulting to 10 Gbps.
ip-10-235-1-29:56:124 [0] NCCL INFO NET/Socket: Using 2 threads and 8 sockets per thread
ip-10-235-1-29:56:56 [0] NCCL INFO Channel 01/1 : 0[0] -> 1[0] [receive] via NET/Socket/0/Shared
ip-10-235-1-29:56:124 [0] NCCL INFO New proxy send connection 1 from local rank 0, transport 2
ip-10-235-1-29:56:56 [0] NCCL INFO Connected to proxy localRank 0 -> connection 0x7a1778016538
ip-10-235-1-29:56:124 [0] NCCL INFO Could not get speed from /sys/class/net/ens5/speed. Defaulting to 10 Gbps.
ip-10-235-1-29:56:56 [0] NCCL INFO Channel 01/1 : 1[0] -> 0[0] [send] via NET/Socket/0/Shared
ip-10-235-1-29:56:56 [0] NCCL INFO Initialized NET plugin Socket
ip-10-235-1-29:56:56 [0] NCCL INFO Could not get speed from /sys/class/net/ens5/speed. Defaulting to 10 Gbps.
ip-10-235-1-29:56:56 [0] NCCL INFO Assigned NET plugin Socket to comm
ip-10-235-1-29:56:56 [0] NCCL INFO Failed to initialize any GIN plugin
ip-10-235-1-29:56:56 [0] NCCL INFO Using network Socket
ip-10-235-1-29:56:56 [0] NCCL INFO [Rank 1] ncclCommInitRankConfig comm 0x6332fdde0e00 rank 1 nranks 2 cudaDev 0 nvmlDev 0 busId 1e0 commId 0xddc5be8f22cba83 - Init START
ip-10-235-1-29:56:56 [0] NCCL INFO Topology detection : could not read /sys/devices/pci0000:00/0000:00:1e.0/../max_link_speed, ignoring
ip-10-235-1-29:56:56 [0] NCCL INFO Topology detection : could not read /sys/devices/pci0000:00/0000:00:1e.0/../max_link_width, ignoring
ip-10-235-1-29:56:56 [0] NCCL INFO Topology detection : could not read /sys/devices/system/node/node-1/cpumap, ignoring
ip-10-235-1-29:56:56 [0] NCCL INFO TOPO/NET : Importing network plugins to topology
ip-10-235-1-29:56:56 [0] NCCL INFO Could not get speed from /sys/class/net/ens5/speed. Defaulting to 10 Gbps.
ip-10-235-1-29:56:56 [0] NCCL INFO Topology detection : could not read /sys/devices/pci0000:00/0000:00:05.0/../max_link_speed, ignoring
ip-10-235-1-29:56:56 [0] NCCL INFO Topology detection : could not read /sys/devices/pci0000:00/0000:00:05.0/../max_link_width, ignoring
ip-10-235-1-29:56:56 [0] NCCL INFO Topology detection : could not read /sys/devices/system/node/node-1/cpumap, ignoring
ip-10-235-1-29:56:56 [0] NCCL INFO NET/Socket : GPU Direct RDMA Disabled for HCA 0 'ens5'
ip-10-235-1-29:56:56 [0] NCCL INFO ncclTopoPopulateNics : Filled ens5 in topo with pciPath=/sys/devices/pci0000:00/0000:00:05.0 net=1 gin=(null) keep=1 coll=(null)
ip-10-235-1-29:56:56 [0] NCCL INFO KV Convert to int : could not find value of 'Unknown' in dictionary, falling back to 60
ip-10-235-1-29:56:56 [0] NCCL INFO === System : maxBw 1.2 totalBw 24.0 ===
ip-10-235-1-29:56:56 [0] NCCL INFO CPU/0-ffffffffffffff (1/2/-1)
ip-10-235-1-29:56:56 [0] NCCL INFO + PCI[24.0] - GPU/0-1e0 (1)
ip-10-235-1-29:56:56 [0] NCCL INFO + PCI[12.0] - NIC/0-50
ip-10-235-1-29:56:56 [0] NCCL INFO               + NET[1.2] - NET/0-0 (0/0/0/1.250000)
ip-10-235-1-29:56:56 [0] NCCL INFO ==========================================
ip-10-235-1-29:56:56 [0] NCCL INFO GPU/0-1e0 :GPU/0-1e0 (0/5000.0/LOC) CPU/0-ffffffffffffff (1/24.0/PHB) NET/0-0 (3/1.2/PHB) 
ip-10-235-1-29:56:56 [0] NCCL INFO NET/0-0 :GPU/0-1e0 (3/1.2/PHB) CPU/0-ffffffffffffff (2/1.2/PHB) NET/0-0 (0/5000.0/LOC) 
ip-10-235-1-29:56:56 [0] NCCL INFO ncclTopoGetCpuAffinity: Affinity for GPU 0 is empty, ignoring. (GPU affinity =  ; CPU affinity = 0-3).
ip-10-235-1-29:56:56 [0] NCCL INFO Pattern 4, crossNic 0, nChannels 1, bw 1.200000/1.200000, type LOC/PHB, sameChannels 1
ip-10-235-1-29:56:56 [0] NCCL INFO  0 : NET/0-0 GPU/0-1e0 NET/0-0
ip-10-235-1-29:56:56 [0] NCCL INFO Pattern 3, crossNic 0, nChannels 1, bw 2.400000/1.200000, type LOC/PHB, sameChannels 1
ip-10-235-1-29:56:56 [0] NCCL INFO  0 : NET/0-0 GPU/0-1e0 NET/0-0
ip-10-235-1-29:56:56 [0] NCCL INFO Could not get speed from /sys/class/net/ens5/speed. Defaulting to 10 Gbps.
ip-10-235-1-29:56:56 [0] NCCL INFO comm 0x6332fdde0e00 rank 1 nRanks 2 nNodes 2 localRanks 1 localRank 0 MNNVL 0
ip-10-235-1-29:56:56 [0] NCCL INFO Tree 0 : 0 -> 1 -> -1/-1/-1
ip-10-235-1-29:56:56 [0] NCCL INFO Tree 1 : -1 -> 1 -> 0/-1/-1
ip-10-235-1-29:56:56 [0] NCCL INFO Ring 00 : 0 -> 1 -> 0
ip-10-235-1-29:56:56 [0] NCCL INFO Ring 01 : 0 -> 1 -> 0
ip-10-235-1-29:56:56 [0] NCCL INFO Trees [0] -1/-1/-1->1->0 [1] 0/-1/-1->1->-1
ip-10-235-1-29:56:56 [0] NCCL INFO P2P Chunksize set to 131072
ip-10-235-1-29:56:56 [0] NCCL INFO Check P2P Type isAllDirectP2p 1 directMode 0 isAllCudaP2p 1
ip-10-235-1-29:56:131 [0] NCCL INFO [Proxy Service] Device 0 CPU core 1
ip-10-235-1-29:56:56 [0] NCCL INFO ncclP2pSchedule: group size used is 1
ip-10-235-1-29:56:132 [0] NCCL INFO [Proxy Service UDS] Device 0 CPU core 2
ip-10-235-1-29:56:56 [0] NCCL INFO threadThresholds 8/8/64 | 16/8/64 | 512 | 512
ip-10-235-1-29:56:56 [0] NCCL INFO 2 coll channels, 2 collnet channels, 0 nvls channels, 2 p2p channels, 1 p2p channels per peer
ip-10-235-1-29:56:56 [0] NCCL INFO Symmetric VA size=24GB
ip-10-235-1-29:56:56 [0] NCCL INFO Symmetric memory is not supported. cuMemEnable 1, globalGinSupport 0, globalNicFused 0 cuMemGdrSupport 1
ip-10-235-1-29:56:56 [0] NCCL INFO ncclCommInitRankConfig comm 0x6332fdde0e00 rank 1 nranks 2 cudaDev 0 nvmlDev 0 busId 1e0 commId 0xddc5be8f22cba83 - Init COMPLETE
ip-10-235-1-29:56:56 [0] NCCL INFO Init timings - ncclCommInitRankConfig: rank 1 nranks 2 total 0.17 (kernels 0.00, alloc 0.00, bootstrap 0.11, allgathers 0.04, topo 0.00, graphs 0.00, connections 0.00, rest 0.00)
ip-10-235-1-29:56:131 [0] NCCL INFO New proxy recv connection 0 from local rank 0, transport 2
ip-10-235-1-29:56:133 [0] NCCL INFO [Proxy Progress] Device 0 CPU core 0
ip-10-235-1-29:56:56 [0] NCCL INFO Connected to proxy localRank 0 -> connection 0x7a1784021140
ip-10-235-1-29:56:131 [0] NCCL INFO Could not get speed from /sys/class/net/ens5/speed. Defaulting to 10 Gbps.
ip-10-235-1-29:56:131 [0] NCCL INFO NET/Socket: Using 2 threads and 8 sockets per thread
ip-10-235-1-29:56:56 [0] NCCL INFO Channel 01/1 : 0[0] -> 1[0] [receive] via NET/Socket/0/Shared
ip-10-235-1-29:56:131 [0] NCCL INFO New proxy send connection 1 from local rank 0, transport 2
ip-10-235-1-29:56:56 [0] NCCL INFO Connected to proxy localRank 0 -> connection 0x7a17840211c8
ip-10-235-1-29:56:131 [0] NCCL INFO Could not get speed from /sys/class/net/ens5/speed. Defaulting to 10 Gbps.
ip-10-235-1-29:56:56 [0] NCCL INFO Channel 01/1 : 1[0] -> 0[0] [send] via NET/Socket/0/Shared
ip-10-235-1-29:56:56 [0] NCCL INFO Initialized NET plugin Socket
ip-10-235-1-29:56:56 [0] NCCL INFO Could not get speed from /sys/class/net/ens5/speed. Defaulting to 10 Gbps.
ip-10-235-1-29:56:56 [0] NCCL INFO Assigned NET plugin Socket to comm
ip-10-235-1-29:56:56 [0] NCCL INFO Failed to initialize any GIN plugin
ip-10-235-1-29:56:56 [0] NCCL INFO Using network Socket
ip-10-235-1-29:56:56 [0] NCCL INFO [Rank 1] ncclCommInitRankConfig comm 0x633309830440 rank 1 nranks 2 cudaDev 0 nvmlDev 0 busId 1e0 commId 0x490286b085c1192e - Init START
ip-10-235-1-29:56:56 [0] NCCL INFO Topology detection : could not read /sys/devices/pci0000:00/0000:00:1e.0/../max_link_speed, ignoring
ip-10-235-1-29:56:56 [0] NCCL INFO Topology detection : could not read /sys/devices/pci0000:00/0000:00:1e.0/../max_link_width, ignoring
ip-10-235-1-29:56:56 [0] NCCL INFO Topology detection : could not read /sys/devices/system/node/node-1/cpumap, ignoring
ip-10-235-1-29:56:56 [0] NCCL INFO TOPO/NET : Importing network plugins to topology
ip-10-235-1-29:56:56 [0] NCCL INFO Could not get speed from /sys/class/net/ens5/speed. Defaulting to 10 Gbps.
ip-10-235-1-29:56:56 [0] NCCL INFO Topology detection : could not read /sys/devices/pci0000:00/0000:00:05.0/../max_link_speed, ignoring
ip-10-235-1-29:56:56 [0] NCCL INFO Topology detection : could not read /sys/devices/pci0000:00/0000:00:05.0/../max_link_width, ignoring
ip-10-235-1-29:56:56 [0] NCCL INFO Topology detection : could not read /sys/devices/system/node/node-1/cpumap, ignoring
ip-10-235-1-29:56:56 [0] NCCL INFO NET/Socket : GPU Direct RDMA Disabled for HCA 0 'ens5'
ip-10-235-1-29:56:56 [0] NCCL INFO ncclTopoPopulateNics : Filled ens5 in topo with pciPath=/sys/devices/pci0000:00/0000:00:05.0 net=1 gin=(null) keep=1 coll=(null)
ip-10-235-1-29:56:56 [0] NCCL INFO KV Convert to int : could not find value of 'Unknown' in dictionary, falling back to 60
ip-10-235-1-29:56:56 [0] NCCL INFO === System : maxBw 1.2 totalBw 24.0 ===
ip-10-235-1-29:56:56 [0] NCCL INFO CPU/0-ffffffffffffff (1/2/-1)
ip-10-235-1-29:56:56 [0] NCCL INFO + PCI[24.0] - GPU/0-1e0 (1)
ip-10-235-1-29:56:56 [0] NCCL INFO + PCI[12.0] - NIC/0-50
ip-10-235-1-29:56:56 [0] NCCL INFO               + NET[1.2] - NET/0-0 (0/0/0/1.250000)
ip-10-235-1-29:56:56 [0] NCCL INFO ==========================================
ip-10-235-1-29:56:56 [0] NCCL INFO GPU/0-1e0 :GPU/0-1e0 (0/5000.0/LOC) CPU/0-ffffffffffffff (1/24.0/PHB) NET/0-0 (3/1.2/PHB) 
ip-10-235-1-29:56:56 [0] NCCL INFO NET/0-0 :GPU/0-1e0 (3/1.2/PHB) CPU/0-ffffffffffffff (2/1.2/PHB) NET/0-0 (0/5000.0/LOC) 
ip-10-235-1-29:56:56 [0] NCCL INFO ncclTopoGetCpuAffinity: Affinity for GPU 0 is empty, ignoring. (GPU affinity =  ; CPU affinity = 0-3).
ip-10-235-1-29:56:56 [0] NCCL INFO Pattern 4, crossNic 0, nChannels 1, bw 1.200000/1.200000, type LOC/PHB, sameChannels 1
ip-10-235-1-29:56:56 [0] NCCL INFO  0 : NET/0-0 GPU/0-1e0 NET/0-0
ip-10-235-1-29:56:56 [0] NCCL INFO Pattern 3, crossNic 0, nChannels 1, bw 2.400000/1.200000, type LOC/PHB, sameChannels 1
ip-10-235-1-29:56:56 [0] NCCL INFO  0 : NET/0-0 GPU/0-1e0 NET/0-0
ip-10-235-1-29:56:56 [0] NCCL INFO Could not get speed from /sys/class/net/ens5/speed. Defaulting to 10 Gbps.
ip-10-235-1-29:56:56 [0] NCCL INFO comm 0x633309830440 rank 1 nRanks 2 nNodes 2 localRanks 1 localRank 0 MNNVL 0
ip-10-235-1-29:56:56 [0] NCCL INFO Tree 0 : 0 -> 1 -> -1/-1/-1
ip-10-235-1-29:56:56 [0] NCCL INFO Tree 1 : -1 -> 1 -> 0/-1/-1
ip-10-235-1-29:56:56 [0] NCCL INFO Ring 00 : 0 -> 1 -> 0
ip-10-235-1-29:56:56 [0] NCCL INFO Ring 01 : 0 -> 1 -> 0
ip-10-235-1-29:56:56 [0] NCCL INFO Trees [0] -1/-1/-1->1->0 [1] 0/-1/-1->1->-1
ip-10-235-1-29:56:56 [0] NCCL INFO P2P Chunksize set to 131072
ip-10-235-1-29:56:56 [0] NCCL INFO Check P2P Type isAllDirectP2p 1 directMode 0 isAllCudaP2p 1
ip-10-235-1-29:56:139 [0] NCCL INFO [Proxy Service UDS] Device 0 CPU core 3
ip-10-235-1-29:56:138 [0] NCCL INFO [Proxy Service] Device 0 CPU core 0
ip-10-235-1-29:56:56 [0] NCCL INFO ncclP2pSchedule: group size used is 1
ip-10-235-1-29:56:56 [0] NCCL INFO threadThresholds 8/8/64 | 16/8/64 | 512 | 512
ip-10-235-1-29:56:56 [0] NCCL INFO 2 coll channels, 2 collnet channels, 0 nvls channels, 2 p2p channels, 1 p2p channels per peer
ip-10-235-1-29:56:56 [0] NCCL INFO Symmetric VA size=24GB
ip-10-235-1-29:56:56 [0] NCCL INFO Symmetric memory is not supported. cuMemEnable 1, globalGinSupport 0, globalNicFused 0 cuMemGdrSupport 1
ip-10-235-1-29:56:56 [0] NCCL INFO ncclCommInitRankConfig comm 0x633309830440 rank 1 nranks 2 cudaDev 0 nvmlDev 0 busId 1e0 commId 0x490286b085c1192e - Init COMPLETE
ip-10-235-1-29:56:56 [0] NCCL INFO Init timings - ncclCommInitRankConfig: rank 1 nranks 2 total 0.21 (kernels 0.00, alloc 0.00, bootstrap 0.14, allgathers 0.06, topo 0.00, graphs 0.00, connections 0.00, rest 0.00)
ip-10-235-1-29:56:138 [0] NCCL INFO New proxy recv connection 0 from local rank 0, transport 2
ip-10-235-1-29:56:140 [0] NCCL INFO [Proxy Progress] Device 0 CPU core 0
ip-10-235-1-29:56:56 [0] NCCL INFO Connected to proxy localRank 0 -> connection 0x7a179c0210e0
ip-10-235-1-29:56:138 [0] NCCL INFO Could not get speed from /sys/class/net/ens5/speed. Defaulting to 10 Gbps.
ip-10-235-1-29:56:138 [0] NCCL INFO NET/Socket: Using 2 threads and 8 sockets per thread
ip-10-235-1-29:56:56 [0] NCCL INFO Channel 01/1 : 0[0] -> 1[0] [receive] via NET/Socket/0/Shared
ip-10-235-1-29:56:138 [0] NCCL INFO New proxy send connection 1 from local rank 0, transport 2
ip-10-235-1-29:56:56 [0] NCCL INFO Connected to proxy localRank 0 -> connection 0x7a179c021168
ip-10-235-1-29:56:138 [0] NCCL INFO Could not get speed from /sys/class/net/ens5/speed. Defaulting to 10 Gbps.
ip-10-235-1-29:56:56 [0] NCCL INFO Channel 01/1 : 1[0] -> 0[0] [send] via NET/Socket/0/Shared
ip-10-235-1-29:56:56 [0] NCCL INFO Initialized NET plugin Socket
ip-10-235-1-29:56:56 [0] NCCL INFO Could not get speed from /sys/class/net/ens5/speed. Defaulting to 10 Gbps.
ip-10-235-1-29:56:56 [0] NCCL INFO Assigned NET plugin Socket to comm
ip-10-235-1-29:56:56 [0] NCCL INFO Failed to initialize any GIN plugin
ip-10-235-1-29:56:56 [0] NCCL INFO Using network Socket
ip-10-235-1-29:56:56 [0] NCCL INFO [Rank 0] ncclCommInitRankConfig comm 0x63330949c000 rank 0 nranks 2 cudaDev 0 nvmlDev 0 busId 1e0 commId 0xc41b045a728f9642 - Init START
ip-10-235-1-29:56:56 [0] NCCL INFO Topology detection : could not read /sys/devices/pci0000:00/0000:00:1e.0/../max_link_speed, ignoring
ip-10-235-1-29:56:56 [0] NCCL INFO Topology detection : could not read /sys/devices/pci0000:00/0000:00:1e.0/../max_link_width, ignoring
ip-10-235-1-29:56:56 [0] NCCL INFO Topology detection : could not read /sys/devices/system/node/node-1/cpumap, ignoring
ip-10-235-1-29:56:56 [0] NCCL INFO TOPO/NET : Importing network plugins to topology
ip-10-235-1-29:56:56 [0] NCCL INFO Could not get speed from /sys/class/net/ens5/speed. Defaulting to 10 Gbps.
ip-10-235-1-29:56:56 [0] NCCL INFO Topology detection : could not read /sys/devices/pci0000:00/0000:00:05.0/../max_link_speed, ignoring
ip-10-235-1-29:56:56 [0] NCCL INFO Topology detection : could not read /sys/devices/pci0000:00/0000:00:05.0/../max_link_width, ignoring
ip-10-235-1-29:56:56 [0] NCCL INFO Topology detection : could not read /sys/devices/system/node/node-1/cpumap, ignoring
ip-10-235-1-29:56:56 [0] NCCL INFO NET/Socket : GPU Direct RDMA Disabled for HCA 0 'ens5'
ip-10-235-1-29:56:56 [0] NCCL INFO ncclTopoPopulateNics : Filled ens5 in topo with pciPath=/sys/devices/pci0000:00/0000:00:05.0 net=1 gin=(null) keep=1 coll=(null)
ip-10-235-1-29:56:56 [0] NCCL INFO KV Convert to int : could not find value of 'Unknown' in dictionary, falling back to 60
ip-10-235-1-29:56:56 [0] NCCL INFO === System : maxBw 1.2 totalBw 24.0 ===
ip-10-235-1-29:56:56 [0] NCCL INFO CPU/0-ffffffffffffff (1/2/-1)
ip-10-235-1-29:56:56 [0] NCCL INFO + PCI[24.0] - GPU/0-1e0 (0)
ip-10-235-1-29:56:56 [0] NCCL INFO + PCI[12.0] - NIC/0-50
ip-10-235-1-29:56:56 [0] NCCL INFO               + NET[1.2] - NET/0-0 (0/0/0/1.250000)
ip-10-235-1-29:56:56 [0] NCCL INFO ==========================================
ip-10-235-1-29:56:56 [0] NCCL INFO GPU/0-1e0 :GPU/0-1e0 (0/5000.0/LOC) CPU/0-ffffffffffffff (1/24.0/PHB) NET/0-0 (3/1.2/PHB) 
ip-10-235-1-29:56:56 [0] NCCL INFO NET/0-0 :GPU/0-1e0 (3/1.2/PHB) CPU/0-ffffffffffffff (2/1.2/PHB) NET/0-0 (0/5000.0/LOC) 
ip-10-235-1-29:56:56 [0] NCCL INFO ncclTopoGetCpuAffinity: Affinity for GPU 0 is empty, ignoring. (GPU affinity =  ; CPU affinity = 0-3).
ip-10-235-1-29:56:56 [0] NCCL INFO Pattern 4, crossNic 0, nChannels 1, bw 1.200000/1.200000, type LOC/PHB, sameChannels 1
ip-10-235-1-29:56:56 [0] NCCL INFO  0 : NET/0-0 GPU/0-1e0 NET/0-0
ip-10-235-1-29:56:56 [0] NCCL INFO Pattern 3, crossNic 0, nChannels 1, bw 2.400000/1.200000, type LOC/PHB, sameChannels 1
ip-10-235-1-29:56:56 [0] NCCL INFO  0 : NET/0-0 GPU/0-1e0 NET/0-0
ip-10-235-1-29:56:56 [0] NCCL INFO Could not get speed from /sys/class/net/ens5/speed. Defaulting to 10 Gbps.
ip-10-235-1-29:56:56 [0] NCCL INFO comm 0x63330949c000 rank 0 nRanks 2 nNodes 2 localRanks 1 localRank 0 MNNVL 0
ip-10-235-1-29:56:56 [0] NCCL INFO Tree 0 : -1 -> 0 -> 1/-1/-1
ip-10-235-1-29:56:56 [0] NCCL INFO Tree 1 : 1 -> 0 -> -1/-1/-1
ip-10-235-1-29:56:56 [0] NCCL INFO Channel 00/02 : 0 1
ip-10-235-1-29:56:56 [0] NCCL INFO Channel 01/02 : 0 1
ip-10-235-1-29:56:56 [0] NCCL INFO Ring 00 : 1 -> 0 -> 1
ip-10-235-1-29:56:56 [0] NCCL INFO Ring 01 : 1 -> 0 -> 1
ip-10-235-1-29:56:56 [0] NCCL INFO Trees [0] 1/-1/-1->0->-1 [1] -1/-1/-1->0->1
ip-10-235-1-29:56:56 [0] NCCL INFO P2P Chunksize set to 131072
ip-10-235-1-29:56:56 [0] NCCL INFO Check P2P Type isAllDirectP2p 1 directMode 0 isAllCudaP2p 1
ip-10-235-1-29:56:146 [0] NCCL INFO [Proxy Service] Device 0 CPU core 1
ip-10-235-1-29:56:56 [0] NCCL INFO ncclP2pSchedule: group size used is 1
ip-10-235-1-29:56:147 [0] NCCL INFO [Proxy Service UDS] Device 0 CPU core 1
ip-10-235-1-29:56:56 [0] NCCL INFO threadThresholds 8/8/64 | 16/8/64 | 512 | 512
ip-10-235-1-29:56:56 [0] NCCL INFO 2 coll channels, 2 collnet channels, 0 nvls channels, 2 p2p channels, 1 p2p channels per peer
ip-10-235-1-29:56:56 [0] NCCL INFO Symmetric VA size=24GB
ip-10-235-1-29:56:56 [0] NCCL INFO Symmetric memory is not supported. cuMemEnable 1, globalGinSupport 0, globalNicFused 0 cuMemGdrSupport 1
ip-10-235-1-29:56:56 [0] NCCL INFO CC Off, workFifoBytes 1048576
ip-10-235-1-29:56:56 [0] NCCL INFO ncclCommInitRankConfig comm 0x63330949c000 rank 0 nranks 2 cudaDev 0 nvmlDev 0 busId 1e0 commId 0xc41b045a728f9642 - Init COMPLETE
ip-10-235-1-29:56:56 [0] NCCL INFO Init timings - ncclCommInitRankConfig: rank 0 nranks 2 total 1.90 (kernels 0.00, alloc 0.00, bootstrap 1.45, allgathers 0.44, topo 0.00, graphs 0.00, connections 0.00, rest 0.00)
ip-10-235-1-29:56:146 [0] NCCL INFO New proxy send connection 0 from local rank 0, transport 2
ip-10-235-1-29:56:148 [0] NCCL INFO [Proxy Progress] Device 0 CPU core 2
ip-10-235-1-29:56:56 [0] NCCL INFO Connected to proxy localRank 0 -> connection 0x7a17ec016510
ip-10-235-1-29:56:146 [0] NCCL INFO Could not get speed from /sys/class/net/ens5/speed. Defaulting to 10 Gbps.
ip-10-235-1-29:56:56 [0] NCCL INFO Channel 01/1 : 0[0] -> 1[0] [send] via NET/Socket/0/Shared
ip-10-235-1-29:56:146 [0] NCCL INFO New proxy recv connection 1 from local rank 0, transport 2
ip-10-235-1-29:56:56 [0] NCCL INFO Connected to proxy localRank 0 -> connection 0x7a17ec016598
ip-10-235-1-29:56:146 [0] NCCL INFO Could not get speed from /sys/class/net/ens5/speed. Defaulting to 10 Gbps.
ip-10-235-1-29:56:146 [0] NCCL INFO NET/Socket: Using 2 threads and 8 sockets per thread
ip-10-235-1-29:56:56 [0] NCCL INFO Channel 01/1 : 1[0] -> 0[0] [receive] via NET/Socket/0/Shared
ip-10-235-1-29:56:56 [0] NCCL INFO Initialized NET plugin Socket
ip-10-235-1-29:56:56 [0] NCCL INFO Could not get speed from /sys/class/net/ens5/speed. Defaulting to 10 Gbps.
ip-10-235-1-29:56:56 [0] NCCL INFO Assigned NET plugin Socket to comm
ip-10-235-1-29:56:56 [0] NCCL INFO Failed to initialize any GIN plugin
ip-10-235-1-29:56:56 [0] NCCL INFO Using network Socket
ip-10-235-1-29:56:56 [0] NCCL INFO [Rank 1] ncclCommInitRankConfig comm 0x6333095c0df0 rank 1 nranks 2 cudaDev 0 nvmlDev 0 busId 1e0 commId 0x1fa1aea36fcd17fb - Init START
ip-10-235-1-29:56:56 [0] NCCL INFO Topology detection : could not read /sys/devices/pci0000:00/0000:00:1e.0/../max_link_speed, ignoring
ip-10-235-1-29:56:56 [0] NCCL INFO Topology detection : could not read /sys/devices/pci0000:00/0000:00:1e.0/../max_link_width, ignoring
ip-10-235-1-29:56:56 [0] NCCL INFO Topology detection : could not read /sys/devices/system/node/node-1/cpumap, ignoring
ip-10-235-1-29:56:56 [0] NCCL INFO TOPO/NET : Importing network plugins to topology
ip-10-235-1-29:56:56 [0] NCCL INFO Could not get speed from /sys/class/net/ens5/speed. Defaulting to 10 Gbps.
ip-10-235-1-29:56:56 [0] NCCL INFO Topology detection : could not read /sys/devices/pci0000:00/0000:00:05.0/../max_link_speed, ignoring
ip-10-235-1-29:56:56 [0] NCCL INFO Topology detection : could not read /sys/devices/pci0000:00/0000:00:05.0/../max_link_width, ignoring
ip-10-235-1-29:56:56 [0] NCCL INFO Topology detection : could not read /sys/devices/system/node/node-1/cpumap, ignoring
ip-10-235-1-29:56:56 [0] NCCL INFO NET/Socket : GPU Direct RDMA Disabled for HCA 0 'ens5'
ip-10-235-1-29:56:56 [0] NCCL INFO ncclTopoPopulateNics : Filled ens5 in topo with pciPath=/sys/devices/pci0000:00/0000:00:05.0 net=1 gin=(null) keep=1 coll=(null)
ip-10-235-1-29:56:56 [0] NCCL INFO KV Convert to int : could not find value of 'Unknown' in dictionary, falling back to 60
ip-10-235-1-29:56:56 [0] NCCL INFO === System : maxBw 1.2 totalBw 24.0 ===
ip-10-235-1-29:56:56 [0] NCCL INFO CPU/0-ffffffffffffff (1/2/-1)
ip-10-235-1-29:56:56 [0] NCCL INFO + PCI[24.0] - GPU/0-1e0 (1)
ip-10-235-1-29:56:56 [0] NCCL INFO + PCI[12.0] - NIC/0-50
ip-10-235-1-29:56:56 [0] NCCL INFO               + NET[1.2] - NET/0-0 (0/0/0/1.250000)
ip-10-235-1-29:56:56 [0] NCCL INFO ==========================================
ip-10-235-1-29:56:56 [0] NCCL INFO GPU/0-1e0 :GPU/0-1e0 (0/5000.0/LOC) CPU/0-ffffffffffffff (1/24.0/PHB) NET/0-0 (3/1.2/PHB) 
ip-10-235-1-29:56:56 [0] NCCL INFO NET/0-0 :GPU/0-1e0 (3/1.2/PHB) CPU/0-ffffffffffffff (2/1.2/PHB) NET/0-0 (0/5000.0/LOC) 
ip-10-235-1-29:56:56 [0] NCCL INFO ncclTopoGetCpuAffinity: Affinity for GPU 0 is empty, ignoring. (GPU affinity =  ; CPU affinity = 0-3).
ip-10-235-1-29:56:56 [0] NCCL INFO Pattern 4, crossNic 0, nChannels 1, bw 1.200000/1.200000, type LOC/PHB, sameChannels 1
ip-10-235-1-29:56:56 [0] NCCL INFO  0 : NET/0-0 GPU/0-1e0 NET/0-0
ip-10-235-1-29:56:56 [0] NCCL INFO Pattern 3, crossNic 0, nChannels 1, bw 2.400000/1.200000, type LOC/PHB, sameChannels 1
ip-10-235-1-29:56:56 [0] NCCL INFO  0 : NET/0-0 GPU/0-1e0 NET/0-0
ip-10-235-1-29:56:56 [0] NCCL INFO Could not get speed from /sys/class/net/ens5/speed. Defaulting to 10 Gbps.
ip-10-235-1-29:56:56 [0] NCCL INFO comm 0x6333095c0df0 rank 1 nRanks 2 nNodes 2 localRanks 1 localRank 0 MNNVL 0
ip-10-235-1-29:56:56 [0] NCCL INFO Tree 0 : 0 -> 1 -> -1/-1/-1
ip-10-235-1-29:56:56 [0] NCCL INFO Tree 1 : -1 -> 1 -> 0/-1/-1
ip-10-235-1-29:56:56 [0] NCCL INFO Ring 00 : 0 -> 1 -> 0
ip-10-235-1-29:56:56 [0] NCCL INFO Ring 01 : 0 -> 1 -> 0
ip-10-235-1-29:56:56 [0] NCCL INFO Trees [0] -1/-1/-1->1->0 [1] 0/-1/-1->1->-1
ip-10-235-1-29:56:56 [0] NCCL INFO P2P Chunksize set to 131072
ip-10-235-1-29:56:56 [0] NCCL INFO Check P2P Type isAllDirectP2p 1 directMode 0 isAllCudaP2p 1
ip-10-235-1-29:56:56 [0] NCCL INFO ncclP2pSchedule: group size used is 1
ip-10-235-1-29:56:153 [0] NCCL INFO [Proxy Service] Device 0 CPU core 3
ip-10-235-1-29:56:154 [0] NCCL INFO [Proxy Service UDS] Device 0 CPU core 3
ip-10-235-1-29:56:56 [0] NCCL INFO threadThresholds 8/8/64 | 16/8/64 | 512 | 512
ip-10-235-1-29:56:56 [0] NCCL INFO 2 coll channels, 2 collnet channels, 0 nvls channels, 2 p2p channels, 1 p2p channels per peer
ip-10-235-1-29:56:56 [0] NCCL INFO Symmetric VA size=24GB
ip-10-235-1-29:56:56 [0] NCCL INFO Symmetric memory is not supported. cuMemEnable 1, globalGinSupport 0, globalNicFused 0 cuMemGdrSupport 1
ip-10-235-1-29:56:56 [0] NCCL INFO ncclCommInitRankConfig comm 0x6333095c0df0 rank 1 nranks 2 cudaDev 0 nvmlDev 0 busId 1e0 commId 0x1fa1aea36fcd17fb - Init COMPLETE
ip-10-235-1-29:56:56 [0] NCCL INFO Init timings - ncclCommInitRankConfig: rank 1 nranks 2 total 0.80 (kernels 0.00, alloc 0.00, bootstrap 0.57, allgathers 0.22, topo 0.00, graphs 0.00, connections 0.00, rest 0.00)
ip-10-235-1-29:56:153 [0] NCCL INFO New proxy recv connection 0 from local rank 0, transport 2
ip-10-235-1-29:56:155 [0] NCCL INFO [Proxy Progress] Device 0 CPU core 0
ip-10-235-1-29:56:56 [0] NCCL INFO Connected to proxy localRank 0 -> connection 0x7a18040072f0
ip-10-235-1-29:56:153 [0] NCCL INFO Could not get speed from /sys/class/net/ens5/speed. Defaulting to 10 Gbps.
ip-10-235-1-29:56:153 [0] NCCL INFO NET/Socket: Using 2 threads and 8 sockets per thread
ip-10-235-1-29:56:56 [0] NCCL INFO Channel 01/1 : 0[0] -> 1[0] [receive] via NET/Socket/0/Shared
ip-10-235-1-29:56:153 [0] NCCL INFO New proxy send connection 1 from local rank 0, transport 2
ip-10-235-1-29:56:56 [0] NCCL INFO Connected to proxy localRank 0 -> connection 0x7a1804007378
ip-10-235-1-29:56:153 [0] NCCL INFO Could not get speed from /sys/class/net/ens5/speed. Defaulting to 10 Gbps.
ip-10-235-1-29:56:56 [0] NCCL INFO Channel 01/1 : 1[0] -> 0[0] [send] via NET/Socket/0/Shared
ip-10-235-1-29:56:56 [0] NCCL INFO Initialized NET plugin Socket
ip-10-235-1-29:56:56 [0] NCCL INFO Could not get speed from /sys/class/net/ens5/speed. Defaulting to 10 Gbps.
ip-10-235-1-29:56:56 [0] NCCL INFO Assigned NET plugin Socket to comm
ip-10-235-1-29:56:56 [0] NCCL INFO Failed to initialize any GIN plugin
ip-10-235-1-29:56:56 [0] NCCL INFO Using network Socket
ip-10-235-1-29:56:56 [0] NCCL INFO [Rank 0] ncclCommInitRankConfig comm 0x6333096e6d50 rank 0 nranks 2 cudaDev 0 nvmlDev 0 busId 1e0 commId 0x64144658dfb54524 - Init START
ip-10-235-1-29:56:56 [0] NCCL INFO Topology detection : could not read /sys/devices/pci0000:00/0000:00:1e.0/../max_link_speed, ignoring
ip-10-235-1-29:56:56 [0] NCCL INFO Topology detection : could not read /sys/devices/pci0000:00/0000:00:1e.0/../max_link_width, ignoring
ip-10-235-1-29:56:56 [0] NCCL INFO Topology detection : could not read /sys/devices/system/node/node-1/cpumap, ignoring
ip-10-235-1-29:56:56 [0] NCCL INFO TOPO/NET : Importing network plugins to topology
ip-10-235-1-29:56:56 [0] NCCL INFO Could not get speed from /sys/class/net/ens5/speed. Defaulting to 10 Gbps.
ip-10-235-1-29:56:56 [0] NCCL INFO Topology detection : could not read /sys/devices/pci0000:00/0000:00:05.0/../max_link_speed, ignoring
ip-10-235-1-29:56:56 [0] NCCL INFO Topology detection : could not read /sys/devices/pci0000:00/0000:00:05.0/../max_link_width, ignoring
ip-10-235-1-29:56:56 [0] NCCL INFO Topology detection : could not read /sys/devices/system/node/node-1/cpumap, ignoring
ip-10-235-1-29:56:56 [0] NCCL INFO NET/Socket : GPU Direct RDMA Disabled for HCA 0 'ens5'
ip-10-235-1-29:56:56 [0] NCCL INFO ncclTopoPopulateNics : Filled ens5 in topo with pciPath=/sys/devices/pci0000:00/0000:00:05.0 net=1 gin=(null) keep=1 coll=(null)
ip-10-235-1-29:56:56 [0] NCCL INFO KV Convert to int : could not find value of 'Unknown' in dictionary, falling back to 60
ip-10-235-1-29:56:56 [0] NCCL INFO === System : maxBw 1.2 totalBw 24.0 ===
ip-10-235-1-29:56:56 [0] NCCL INFO CPU/0-ffffffffffffff (1/2/-1)
ip-10-235-1-29:56:56 [0] NCCL INFO + PCI[24.0] - GPU/0-1e0 (0)
ip-10-235-1-29:56:56 [0] NCCL INFO + PCI[12.0] - NIC/0-50
ip-10-235-1-29:56:56 [0] NCCL INFO               + NET[1.2] - NET/0-0 (0/0/0/1.250000)
ip-10-235-1-29:56:56 [0] NCCL INFO ==========================================
ip-10-235-1-29:56:56 [0] NCCL INFO GPU/0-1e0 :GPU/0-1e0 (0/5000.0/LOC) CPU/0-ffffffffffffff (1/24.0/PHB) NET/0-0 (3/1.2/PHB) 
ip-10-235-1-29:56:56 [0] NCCL INFO NET/0-0 :GPU/0-1e0 (3/1.2/PHB) CPU/0-ffffffffffffff (2/1.2/PHB) NET/0-0 (0/5000.0/LOC) 
ip-10-235-1-29:56:56 [0] NCCL INFO ncclTopoGetCpuAffinity: Affinity for GPU 0 is empty, ignoring. (GPU affinity =  ; CPU affinity = 0-3).
ip-10-235-1-29:56:56 [0] NCCL INFO Pattern 4, crossNic 0, nChannels 1, bw 1.200000/1.200000, type LOC/PHB, sameChannels 1
ip-10-235-1-29:56:56 [0] NCCL INFO  0 : NET/0-0 GPU/0-1e0 NET/0-0
ip-10-235-1-29:56:56 [0] NCCL INFO Pattern 3, crossNic 0, nChannels 1, bw 2.400000/1.200000, type LOC/PHB, sameChannels 1
ip-10-235-1-29:56:56 [0] NCCL INFO  0 : NET/0-0 GPU/0-1e0 NET/0-0
ip-10-235-1-29:56:56 [0] NCCL INFO Could not get speed from /sys/class/net/ens5/speed. Defaulting to 10 Gbps.
ip-10-235-1-29:56:56 [0] NCCL INFO comm 0x6333096e6d50 rank 0 nRanks 2 nNodes 2 localRanks 1 localRank 0 MNNVL 0
ip-10-235-1-29:56:56 [0] NCCL INFO Tree 0 : -1 -> 0 -> 1/-1/-1
ip-10-235-1-29:56:56 [0] NCCL INFO Tree 1 : 1 -> 0 -> -1/-1/-1
ip-10-235-1-29:56:56 [0] NCCL INFO Channel 00/02 : 0 1
ip-10-235-1-29:56:56 [0] NCCL INFO Channel 01/02 : 0 1
ip-10-235-1-29:56:56 [0] NCCL INFO Ring 00 : 1 -> 0 -> 1
ip-10-235-1-29:56:56 [0] NCCL INFO Ring 01 : 1 -> 0 -> 1
ip-10-235-1-29:56:56 [0] NCCL INFO Trees [0] 1/-1/-1->0->-1 [1] -1/-1/-1->0->1
ip-10-235-1-29:56:56 [0] NCCL INFO P2P Chunksize set to 131072
ip-10-235-1-29:56:56 [0] NCCL INFO Check P2P Type isAllDirectP2p 1 directMode 0 isAllCudaP2p 1
ip-10-235-1-29:56:56 [0] NCCL INFO ncclP2pSchedule: group size used is 1
ip-10-235-1-29:56:161 [0] NCCL INFO [Proxy Service] Device 0 CPU core 2
ip-10-235-1-29:56:162 [0] NCCL INFO [Proxy Service UDS] Device 0 CPU core 3
ip-10-235-1-29:56:56 [0] NCCL INFO threadThresholds 8/8/64 | 16/8/64 | 512 | 512
ip-10-235-1-29:56:56 [0] NCCL INFO 2 coll channels, 2 collnet channels, 0 nvls channels, 2 p2p channels, 1 p2p channels per peer
ip-10-235-1-29:56:56 [0] NCCL INFO Symmetric VA size=24GB
ip-10-235-1-29:56:56 [0] NCCL INFO Symmetric memory is not supported. cuMemEnable 1, globalGinSupport 0, globalNicFused 0 cuMemGdrSupport 1
ip-10-235-1-29:56:56 [0] NCCL INFO CC Off, workFifoBytes 1048576
ip-10-235-1-29:56:56 [0] NCCL INFO ncclCommInitRankConfig comm 0x6333096e6d50 rank 0 nranks 2 cudaDev 0 nvmlDev 0 busId 1e0 commId 0x64144658dfb54524 - Init COMPLETE
ip-10-235-1-29:56:56 [0] NCCL INFO Init timings - ncclCommInitRankConfig: rank 0 nranks 2 total 1.89 (kernels 0.00, alloc 0.00, bootstrap 1.44, allgathers 0.44, topo 0.00, graphs 0.00, connections 0.00, rest 0.00)
ip-10-235-1-29:56:161 [0] NCCL INFO New proxy send connection 0 from local rank 0, transport 2
ip-10-235-1-29:56:163 [0] NCCL INFO [Proxy Progress] Device 0 CPU core 0
ip-10-235-1-29:56:56 [0] NCCL INFO Connected to proxy localRank 0 -> connection 0x7a189c0091a0
ip-10-235-1-29:56:161 [0] NCCL INFO Could not get speed from /sys/class/net/ens5/speed. Defaulting to 10 Gbps.
ip-10-235-1-29:56:56 [0] NCCL INFO Channel 01/1 : 0[0] -> 1[0] [send] via NET/Socket/0/Shared
ip-10-235-1-29:56:161 [0] NCCL INFO New proxy recv connection 1 from local rank 0, transport 2
ip-10-235-1-29:56:56 [0] NCCL INFO Connected to proxy localRank 0 -> connection 0x7a189c009228
ip-10-235-1-29:56:161 [0] NCCL INFO Could not get speed from /sys/class/net/ens5/speed. Defaulting to 10 Gbps.
ip-10-235-1-29:56:161 [0] NCCL INFO NET/Socket: Using 2 threads and 8 sockets per thread
ip-10-235-1-29:56:56 [0] NCCL INFO Channel 01/1 : 1[0] -> 0[0] [receive] via NET/Socket/0/Shared
ip-10-235-1-29:56:56 [0] NCCL INFO Initialized NET plugin Socket
ip-10-235-1-29:56:56 [0] NCCL INFO Could not get speed from /sys/class/net/ens5/speed. Defaulting to 10 Gbps.
ip-10-235-1-29:56:56 [0] NCCL INFO Assigned NET plugin Socket to comm
ip-10-235-1-29:56:56 [0] NCCL INFO Failed to initialize any GIN plugin
ip-10-235-1-29:56:56 [0] NCCL INFO Using network Socket
ip-10-235-1-29:56:56 [0] NCCL INFO [Rank 1] ncclCommInitRankConfig comm 0x63330ac71000 rank 1 nranks 2 cudaDev 0 nvmlDev 0 busId 1e0 commId 0xd2559093c941223a - Init START
ip-10-235-1-29:56:56 [0] NCCL INFO Topology detection : could not read /sys/devices/pci0000:00/0000:00:1e.0/../max_link_speed, ignoring
ip-10-235-1-29:56:56 [0] NCCL INFO Topology detection : could not read /sys/devices/pci0000:00/0000:00:1e.0/../max_link_width, ignoring
ip-10-235-1-29:56:56 [0] NCCL INFO Topology detection : could not read /sys/devices/system/node/node-1/cpumap, ignoring
ip-10-235-1-29:56:56 [0] NCCL INFO TOPO/NET : Importing network plugins to topology
ip-10-235-1-29:56:56 [0] NCCL INFO Could not get speed from /sys/class/net/ens5/speed. Defaulting to 10 Gbps.
ip-10-235-1-29:56:56 [0] NCCL INFO Topology detection : could not read /sys/devices/pci0000:00/0000:00:05.0/../max_link_speed, ignoring
ip-10-235-1-29:56:56 [0] NCCL INFO Topology detection : could not read /sys/devices/pci0000:00/0000:00:05.0/../max_link_width, ignoring
ip-10-235-1-29:56:56 [0] NCCL INFO Topology detection : could not read /sys/devices/system/node/node-1/cpumap, ignoring
ip-10-235-1-29:56:56 [0] NCCL INFO NET/Socket : GPU Direct RDMA Disabled for HCA 0 'ens5'
ip-10-235-1-29:56:56 [0] NCCL INFO ncclTopoPopulateNics : Filled ens5 in topo with pciPath=/sys/devices/pci0000:00/0000:00:05.0 net=1 gin=(null) keep=1 coll=(null)
ip-10-235-1-29:56:56 [0] NCCL INFO KV Convert to int : could not find value of 'Unknown' in dictionary, falling back to 60
ip-10-235-1-29:56:56 [0] NCCL INFO === System : maxBw 1.2 totalBw 24.0 ===
ip-10-235-1-29:56:56 [0] NCCL INFO CPU/0-ffffffffffffff (1/2/-1)
ip-10-235-1-29:56:56 [0] NCCL INFO + PCI[24.0] - GPU/0-1e0 (1)
ip-10-235-1-29:56:56 [0] NCCL INFO + PCI[12.0] - NIC/0-50
ip-10-235-1-29:56:56 [0] NCCL INFO               + NET[1.2] - NET/0-0 (0/0/0/1.250000)
ip-10-235-1-29:56:56 [0] NCCL INFO ==========================================
ip-10-235-1-29:56:56 [0] NCCL INFO GPU/0-1e0 :GPU/0-1e0 (0/5000.0/LOC) CPU/0-ffffffffffffff (1/24.0/PHB) NET/0-0 (3/1.2/PHB) 
ip-10-235-1-29:56:56 [0] NCCL INFO NET/0-0 :GPU/0-1e0 (3/1.2/PHB) CPU/0-ffffffffffffff (2/1.2/PHB) NET/0-0 (0/5000.0/LOC) 
ip-10-235-1-29:56:56 [0] NCCL INFO ncclTopoGetCpuAffinity: Affinity for GPU 0 is empty, ignoring. (GPU affinity =  ; CPU affinity = 0-3).
ip-10-235-1-29:56:56 [0] NCCL INFO Pattern 4, crossNic 0, nChannels 1, bw 1.200000/1.200000, type LOC/PHB, sameChannels 1
ip-10-235-1-29:56:56 [0] NCCL INFO  0 : NET/0-0 GPU/0-1e0 NET/0-0
ip-10-235-1-29:56:56 [0] NCCL INFO Pattern 3, crossNic 0, nChannels 1, bw 2.400000/1.200000, type LOC/PHB, sameChannels 1
ip-10-235-1-29:56:56 [0] NCCL INFO  0 : NET/0-0 GPU/0-1e0 NET/0-0
ip-10-235-1-29:56:56 [0] NCCL INFO Could not get speed from /sys/class/net/ens5/speed. Defaulting to 10 Gbps.
ip-10-235-1-29:56:56 [0] NCCL INFO comm 0x63330ac71000 rank 1 nRanks 2 nNodes 2 localRanks 1 localRank 0 MNNVL 0
ip-10-235-1-29:56:56 [0] NCCL INFO Tree 0 : 0 -> 1 -> -1/-1/-1
ip-10-235-1-29:56:56 [0] NCCL INFO Tree 1 : -1 -> 1 -> 0/-1/-1
ip-10-235-1-29:56:56 [0] NCCL INFO Ring 00 : 0 -> 1 -> 0
ip-10-235-1-29:56:56 [0] NCCL INFO Ring 01 : 0 -> 1 -> 0
ip-10-235-1-29:56:56 [0] NCCL INFO Trees [0] -1/-1/-1->1->0 [1] 0/-1/-1->1->-1
ip-10-235-1-29:56:56 [0] NCCL INFO P2P Chunksize set to 131072
ip-10-235-1-29:56:56 [0] NCCL INFO Check P2P Type isAllDirectP2p 1 directMode 0 isAllCudaP2p 1
ip-10-235-1-29:56:56 [0] NCCL INFO ncclP2pSchedule: group size used is 1
ip-10-235-1-29:56:169 [0] NCCL INFO [Proxy Service UDS] Device 0 CPU core 3
ip-10-235-1-29:56:168 [0] NCCL INFO [Proxy Service] Device 0 CPU core 1
ip-10-235-1-29:56:56 [0] NCCL INFO threadThresholds 8/8/64 | 16/8/64 | 512 | 512
ip-10-235-1-29:56:56 [0] NCCL INFO 2 coll channels, 2 collnet channels, 0 nvls channels, 2 p2p channels, 1 p2p channels per peer
ip-10-235-1-29:56:56 [0] NCCL INFO Symmetric VA size=24GB
ip-10-235-1-29:56:56 [0] NCCL INFO Symmetric memory is not supported. cuMemEnable 1, globalGinSupport 0, globalNicFused 0 cuMemGdrSupport 1
ip-10-235-1-29:56:56 [0] NCCL INFO ncclCommInitRankConfig comm 0x63330ac71000 rank 1 nranks 2 cudaDev 0 nvmlDev 0 busId 1e0 commId 0xd2559093c941223a - Init COMPLETE
ip-10-235-1-29:56:56 [0] NCCL INFO Init timings - ncclCommInitRankConfig: rank 1 nranks 2 total 0.21 (kernels 0.00, alloc 0.00, bootstrap 0.15, allgathers 0.06, topo 0.00, graphs 0.00, connections 0.00, rest 0.00)
ip-10-235-1-29:56:168 [0] NCCL INFO New proxy recv connection 0 from local rank 0, transport 2
ip-10-235-1-29:56:170 [0] NCCL INFO [Proxy Progress] Device 0 CPU core 2
ip-10-235-1-29:56:56 [0] NCCL INFO Connected to proxy localRank 0 -> connection 0x7a18ac054c70
ip-10-235-1-29:56:168 [0] NCCL INFO Could not get speed from /sys/class/net/ens5/speed. Defaulting to 10 Gbps.
ip-10-235-1-29:56:168 [0] NCCL INFO NET/Socket: Using 2 threads and 8 sockets per thread
ip-10-235-1-29:56:56 [0] NCCL INFO Channel 01/1 : 0[0] -> 1[0] [receive] via NET/Socket/0/Shared
ip-10-235-1-29:56:168 [0] NCCL INFO New proxy send connection 1 from local rank 0, transport 2
ip-10-235-1-29:56:56 [0] NCCL INFO Connected to proxy localRank 0 -> connection 0x7a18ac054cf8
ip-10-235-1-29:56:168 [0] NCCL INFO Could not get speed from /sys/class/net/ens5/speed. Defaulting to 10 Gbps.
ip-10-235-1-29:56:56 [0] NCCL INFO Channel 01/1 : 1[0] -> 0[0] [send] via NET/Socket/0/Shared
ip-10-235-1-29:56:56 [0] NCCL INFO Initialized NET plugin Socket
ip-10-235-1-29:56:56 [0] NCCL INFO Could not get speed from /sys/class/net/ens5/speed. Defaulting to 10 Gbps.
ip-10-235-1-29:56:56 [0] NCCL INFO Assigned NET plugin Socket to comm
ip-10-235-1-29:56:56 [0] NCCL INFO Failed to initialize any GIN plugin
ip-10-235-1-29:56:56 [0] NCCL INFO Using network Socket
ip-10-235-1-29:56:56 [0] NCCL INFO [Rank 1] ncclCommInitRankConfig comm 0x63330aeac0e0 rank 1 nranks 2 cudaDev 0 nvmlDev 0 busId 1e0 commId 0x8a39a2ab907761f2 - Init START
ip-10-235-1-29:56:56 [0] NCCL INFO Topology detection : could not read /sys/devices/pci0000:00/0000:00:1e.0/../max_link_speed, ignoring
ip-10-235-1-29:56:56 [0] NCCL INFO Topology detection : could not read /sys/devices/pci0000:00/0000:00:1e.0/../max_link_width, ignoring
ip-10-235-1-29:56:56 [0] NCCL INFO Topology detection : could not read /sys/devices/system/node/node-1/cpumap, ignoring
ip-10-235-1-29:56:56 [0] NCCL INFO TOPO/NET : Importing network plugins to topology
ip-10-235-1-29:56:56 [0] NCCL INFO Could not get speed from /sys/class/net/ens5/speed. Defaulting to 10 Gbps.
ip-10-235-1-29:56:56 [0] NCCL INFO Topology detection : could not read /sys/devices/pci0000:00/0000:00:05.0/../max_link_speed, ignoring
ip-10-235-1-29:56:56 [0] NCCL INFO Topology detection : could not read /sys/devices/pci0000:00/0000:00:05.0/../max_link_width, ignoring
ip-10-235-1-29:56:56 [0] NCCL INFO Topology detection : could not read /sys/devices/system/node/node-1/cpumap, ignoring
ip-10-235-1-29:56:56 [0] NCCL INFO NET/Socket : GPU Direct RDMA Disabled for HCA 0 'ens5'
ip-10-235-1-29:56:56 [0] NCCL INFO ncclTopoPopulateNics : Filled ens5 in topo with pciPath=/sys/devices/pci0000:00/0000:00:05.0 net=1 gin=(null) keep=1 coll=(null)
ip-10-235-1-29:56:56 [0] NCCL INFO KV Convert to int : could not find value of 'Unknown' in dictionary, falling back to 60
ip-10-235-1-29:56:56 [0] NCCL INFO === System : maxBw 1.2 totalBw 24.0 ===
ip-10-235-1-29:56:56 [0] NCCL INFO CPU/0-ffffffffffffff (1/2/-1)
ip-10-235-1-29:56:56 [0] NCCL INFO + PCI[24.0] - GPU/0-1e0 (1)
ip-10-235-1-29:56:56 [0] NCCL INFO + PCI[12.0] - NIC/0-50
ip-10-235-1-29:56:56 [0] NCCL INFO               + NET[1.2] - NET/0-0 (0/0/0/1.250000)
ip-10-235-1-29:56:56 [0] NCCL INFO ==========================================
ip-10-235-1-29:56:56 [0] NCCL INFO GPU/0-1e0 :GPU/0-1e0 (0/5000.0/LOC) CPU/0-ffffffffffffff (1/24.0/PHB) NET/0-0 (3/1.2/PHB) 
ip-10-235-1-29:56:56 [0] NCCL INFO NET/0-0 :GPU/0-1e0 (3/1.2/PHB) CPU/0-ffffffffffffff (2/1.2/PHB) NET/0-0 (0/5000.0/LOC) 
ip-10-235-1-29:56:56 [0] NCCL INFO ncclTopoGetCpuAffinity: Affinity for GPU 0 is empty, ignoring. (GPU affinity =  ; CPU affinity = 0-3).
ip-10-235-1-29:56:56 [0] NCCL INFO Pattern 4, crossNic 0, nChannels 1, bw 1.200000/1.200000, type LOC/PHB, sameChannels 1
ip-10-235-1-29:56:56 [0] NCCL INFO  0 : NET/0-0 GPU/0-1e0 NET/0-0
ip-10-235-1-29:56:56 [0] NCCL INFO Pattern 3, crossNic 0, nChannels 1, bw 2.400000/1.200000, type LOC/PHB, sameChannels 1
ip-10-235-1-29:56:56 [0] NCCL INFO  0 : NET/0-0 GPU/0-1e0 NET/0-0
ip-10-235-1-29:56:56 [0] NCCL INFO Could not get speed from /sys/class/net/ens5/speed. Defaulting to 10 Gbps.
ip-10-235-1-29:56:56 [0] NCCL INFO comm 0x63330aeac0e0 rank 1 nRanks 2 nNodes 2 localRanks 1 localRank 0 MNNVL 0
ip-10-235-1-29:56:56 [0] NCCL INFO Tree 0 : 0 -> 1 -> -1/-1/-1
ip-10-235-1-29:56:56 [0] NCCL INFO Tree 1 : -1 -> 1 -> 0/-1/-1
ip-10-235-1-29:56:56 [0] NCCL INFO Ring 00 : 0 -> 1 -> 0
ip-10-235-1-29:56:56 [0] NCCL INFO Ring 01 : 0 -> 1 -> 0
ip-10-235-1-29:56:56 [0] NCCL INFO Trees [0] -1/-1/-1->1->0 [1] 0/-1/-1->1->-1
ip-10-235-1-29:56:56 [0] NCCL INFO P2P Chunksize set to 131072
ip-10-235-1-29:56:56 [0] NCCL INFO Check P2P Type isAllDirectP2p 1 directMode 0 isAllCudaP2p 1
ip-10-235-1-29:56:56 [0] NCCL INFO ncclP2pSchedule: group size used is 1
ip-10-235-1-29:56:175 [0] NCCL INFO [Proxy Service] Device 0 CPU core 0
ip-10-235-1-29:56:176 [0] NCCL INFO [Proxy Service UDS] Device 0 CPU core 1
ip-10-235-1-29:56:56 [0] NCCL INFO threadThresholds 8/8/64 | 16/8/64 | 512 | 512
ip-10-235-1-29:56:56 [0] NCCL INFO 2 coll channels, 2 collnet channels, 0 nvls channels, 2 p2p channels, 1 p2p channels per peer
ip-10-235-1-29:56:56 [0] NCCL INFO Symmetric VA size=24GB
ip-10-235-1-29:56:56 [0] NCCL INFO Symmetric memory is not supported. cuMemEnable 1, globalGinSupport 0, globalNicFused 0 cuMemGdrSupport 1
ip-10-235-1-29:56:56 [0] NCCL INFO ncclCommInitRankConfig comm 0x63330aeac0e0 rank 1 nranks 2 cudaDev 0 nvmlDev 0 busId 1e0 commId 0x8a39a2ab907761f2 - Init COMPLETE
ip-10-235-1-29:56:56 [0] NCCL INFO Init timings - ncclCommInitRankConfig: rank 1 nranks 2 total 0.21 (kernels 0.00, alloc 0.00, bootstrap 0.15, allgathers 0.06, topo 0.00, graphs 0.00, connections 0.00, rest 0.00)
ip-10-235-1-29:56:175 [0] NCCL INFO New proxy recv connection 0 from local rank 0, transport 2
ip-10-235-1-29:56:177 [0] NCCL INFO [Proxy Progress] Device 0 CPU core 3
ip-10-235-1-29:56:56 [0] NCCL INFO Connected to proxy localRank 0 -> connection 0x7a18b80d61e0
ip-10-235-1-29:56:175 [0] NCCL INFO Could not get speed from /sys/class/net/ens5/speed. Defaulting to 10 Gbps.
ip-10-235-1-29:56:175 [0] NCCL INFO NET/Socket: Using 2 threads and 8 sockets per thread
ip-10-235-1-29:56:56 [0] NCCL INFO Channel 01/1 : 0[0] -> 1[0] [receive] via NET/Socket/0/Shared
ip-10-235-1-29:56:175 [0] NCCL INFO New proxy send connection 1 from local rank 0, transport 2
ip-10-235-1-29:56:56 [0] NCCL INFO Connected to proxy localRank 0 -> connection 0x7a18b80d6268
ip-10-235-1-29:56:175 [0] NCCL INFO Could not get speed from /sys/class/net/ens5/speed. Defaulting to 10 Gbps.
ip-10-235-1-29:56:56 [0] NCCL INFO Channel 01/1 : 1[0] -> 0[0] [send] via NET/Socket/0/Shared
ip-10-235-1-29:56:56 [0] NCCL INFO Initialized NET plugin Socket
ip-10-235-1-29:56:56 [0] NCCL INFO Could not get speed from /sys/class/net/ens5/speed. Defaulting to 10 Gbps.
ip-10-235-1-29:56:56 [0] NCCL INFO Assigned NET plugin Socket to comm
ip-10-235-1-29:56:56 [0] NCCL INFO Failed to initialize any GIN plugin
ip-10-235-1-29:56:56 [0] NCCL INFO Using network Socket
ip-10-235-1-29:56:56 [0] NCCL INFO [Rank 1] ncclCommInitRankConfig comm 0x63330b08fea0 rank 1 nranks 2 cudaDev 0 nvmlDev 0 busId 1e0 commId 0x4f7991a25959318e - Init START
ip-10-235-1-29:56:56 [0] NCCL INFO Topology detection : could not read /sys/devices/pci0000:00/0000:00:1e.0/../max_link_speed, ignoring
ip-10-235-1-29:56:56 [0] NCCL INFO Topology detection : could not read /sys/devices/pci0000:00/0000:00:1e.0/../max_link_width, ignoring
ip-10-235-1-29:56:56 [0] NCCL INFO Topology detection : could not read /sys/devices/system/node/node-1/cpumap, ignoring
ip-10-235-1-29:56:56 [0] NCCL INFO TOPO/NET : Importing network plugins to topology
ip-10-235-1-29:56:56 [0] NCCL INFO Could not get speed from /sys/class/net/ens5/speed. Defaulting to 10 Gbps.
ip-10-235-1-29:56:56 [0] NCCL INFO Topology detection : could not read /sys/devices/pci0000:00/0000:00:05.0/../max_link_speed, ignoring
ip-10-235-1-29:56:56 [0] NCCL INFO Topology detection : could not read /sys/devices/pci0000:00/0000:00:05.0/../max_link_width, ignoring
ip-10-235-1-29:56:56 [0] NCCL INFO Topology detection : could not read /sys/devices/system/node/node-1/cpumap, ignoring
ip-10-235-1-29:56:56 [0] NCCL INFO NET/Socket : GPU Direct RDMA Disabled for HCA 0 'ens5'
ip-10-235-1-29:56:56 [0] NCCL INFO ncclTopoPopulateNics : Filled ens5 in topo with pciPath=/sys/devices/pci0000:00/0000:00:05.0 net=1 gin=(null) keep=1 coll=(null)
ip-10-235-1-29:56:56 [0] NCCL INFO KV Convert to int : could not find value of 'Unknown' in dictionary, falling back to 60
ip-10-235-1-29:56:56 [0] NCCL INFO === System : maxBw 1.2 totalBw 24.0 ===
ip-10-235-1-29:56:56 [0] NCCL INFO CPU/0-ffffffffffffff (1/2/-1)
ip-10-235-1-29:56:56 [0] NCCL INFO + PCI[24.0] - GPU/0-1e0 (1)
ip-10-235-1-29:56:56 [0] NCCL INFO + PCI[12.0] - NIC/0-50
ip-10-235-1-29:56:56 [0] NCCL INFO               + NET[1.2] - NET/0-0 (0/0/0/1.250000)
ip-10-235-1-29:56:56 [0] NCCL INFO ==========================================
ip-10-235-1-29:56:56 [0] NCCL INFO GPU/0-1e0 :GPU/0-1e0 (0/5000.0/LOC) CPU/0-ffffffffffffff (1/24.0/PHB) NET/0-0 (3/1.2/PHB) 
ip-10-235-1-29:56:56 [0] NCCL INFO NET/0-0 :GPU/0-1e0 (3/1.2/PHB) CPU/0-ffffffffffffff (2/1.2/PHB) NET/0-0 (0/5000.0/LOC) 
ip-10-235-1-29:56:56 [0] NCCL INFO ncclTopoGetCpuAffinity: Affinity for GPU 0 is empty, ignoring. (GPU affinity =  ; CPU affinity = 0-3).
ip-10-235-1-29:56:56 [0] NCCL INFO Pattern 4, crossNic 0, nChannels 1, bw 1.200000/1.200000, type LOC/PHB, sameChannels 1
ip-10-235-1-29:56:56 [0] NCCL INFO  0 : NET/0-0 GPU/0-1e0 NET/0-0
ip-10-235-1-29:56:56 [0] NCCL INFO Pattern 3, crossNic 0, nChannels 1, bw 2.400000/1.200000, type LOC/PHB, sameChannels 1
ip-10-235-1-29:56:56 [0] NCCL INFO  0 : NET/0-0 GPU/0-1e0 NET/0-0
ip-10-235-1-29:56:56 [0] NCCL INFO Could not get speed from /sys/class/net/ens5/speed. Defaulting to 10 Gbps.
ip-10-235-1-29:56:56 [0] NCCL INFO comm 0x63330b08fea0 rank 1 nRanks 2 nNodes 2 localRanks 1 localRank 0 MNNVL 0
ip-10-235-1-29:56:56 [0] NCCL INFO Tree 0 : 0 -> 1 -> -1/-1/-1
ip-10-235-1-29:56:56 [0] NCCL INFO Tree 1 : -1 -> 1 -> 0/-1/-1
ip-10-235-1-29:56:56 [0] NCCL INFO Ring 00 : 0 -> 1 -> 0
ip-10-235-1-29:56:56 [0] NCCL INFO Ring 01 : 0 -> 1 -> 0
ip-10-235-1-29:56:56 [0] NCCL INFO Trees [0] -1/-1/-1->1->0 [1] 0/-1/-1->1->-1
ip-10-235-1-29:56:56 [0] NCCL INFO P2P Chunksize set to 131072
ip-10-235-1-29:56:56 [0] NCCL INFO Check P2P Type isAllDirectP2p 1 directMode 0 isAllCudaP2p 1
ip-10-235-1-29:56:56 [0] NCCL INFO ncclP2pSchedule: group size used is 1
ip-10-235-1-29:56:182 [0] NCCL INFO [Proxy Service] Device 0 CPU core 3
ip-10-235-1-29:56:183 [0] NCCL INFO [Proxy Service UDS] Device 0 CPU core 3
ip-10-235-1-29:56:56 [0] NCCL INFO threadThresholds 8/8/64 | 16/8/64 | 512 | 512
ip-10-235-1-29:56:56 [0] NCCL INFO 2 coll channels, 2 collnet channels, 0 nvls channels, 2 p2p channels, 1 p2p channels per peer
ip-10-235-1-29:56:56 [0] NCCL INFO Symmetric VA size=24GB
ip-10-235-1-29:56:56 [0] NCCL INFO Symmetric memory is not supported. cuMemEnable 1, globalGinSupport 0, globalNicFused 0 cuMemGdrSupport 1
ip-10-235-1-29:56:56 [0] NCCL INFO ncclCommInitRankConfig comm 0x63330b08fea0 rank 1 nranks 2 cudaDev 0 nvmlDev 0 busId 1e0 commId 0x4f7991a25959318e - Init COMPLETE
ip-10-235-1-29:56:56 [0] NCCL INFO Init timings - ncclCommInitRankConfig: rank 1 nranks 2 total 0.84 (kernels 0.00, alloc 0.00, bootstrap 0.60, allgathers 0.23, topo 0.00, graphs 0.00, connections 0.00, rest 0.00)
ip-10-235-1-29:56:182 [0] NCCL INFO New proxy recv connection 0 from local rank 0, transport 2
ip-10-235-1-29:56:184 [0] NCCL INFO [Proxy Progress] Device 0 CPU core 1
ip-10-235-1-29:56:56 [0] NCCL INFO Connected to proxy localRank 0 -> connection 0x7a18c8005260
ip-10-235-1-29:56:182 [0] NCCL INFO Could not get speed from /sys/class/net/ens5/speed. Defaulting to 10 Gbps.
ip-10-235-1-29:56:182 [0] NCCL INFO NET/Socket: Using 2 threads and 8 sockets per thread
ip-10-235-1-29:56:56 [0] NCCL INFO Channel 01/1 : 0[0] -> 1[0] [receive] via NET/Socket/0/Shared
ip-10-235-1-29:56:182 [0] NCCL INFO New proxy send connection 1 from local rank 0, transport 2
ip-10-235-1-29:56:56 [0] NCCL INFO Connected to proxy localRank 0 -> connection 0x7a18c80052e8
ip-10-235-1-29:56:182 [0] NCCL INFO Could not get speed from /sys/class/net/ens5/speed. Defaulting to 10 Gbps.
ip-10-235-1-29:56:56 [0] NCCL INFO Channel 01/1 : 1[0] -> 0[0] [send] via NET/Socket/0/Shared
ip-10-235-1-29:56:56 [0] NCCL INFO Initialized NET plugin Socket
ip-10-235-1-29:56:56 [0] NCCL INFO Could not get speed from /sys/class/net/ens5/speed. Defaulting to 10 Gbps.
ip-10-235-1-29:56:56 [0] NCCL INFO Assigned NET plugin Socket to comm
ip-10-235-1-29:56:56 [0] NCCL INFO Failed to initialize any GIN plugin
ip-10-235-1-29:56:56 [0] NCCL INFO Using network Socket
ip-10-235-1-29:56:56 [0] NCCL INFO [Rank 1] ncclCommInitRankConfig comm 0x63330f68f700 rank 1 nranks 2 cudaDev 0 nvmlDev 0 busId 1e0 commId 0xa46507d8f076f78a - Init START
ip-10-235-1-29:56:56 [0] NCCL INFO Topology detection : could not read /sys/devices/pci0000:00/0000:00:1e.0/../max_link_speed, ignoring
ip-10-235-1-29:56:56 [0] NCCL INFO Topology detection : could not read /sys/devices/pci0000:00/0000:00:1e.0/../max_link_width, ignoring
ip-10-235-1-29:56:56 [0] NCCL INFO Topology detection : could not read /sys/devices/system/node/node-1/cpumap, ignoring
ip-10-235-1-29:56:56 [0] NCCL INFO TOPO/NET : Importing network plugins to topology
ip-10-235-1-29:56:56 [0] NCCL INFO Could not get speed from /sys/class/net/ens5/speed. Defaulting to 10 Gbps.
ip-10-235-1-29:56:56 [0] NCCL INFO Topology detection : could not read /sys/devices/pci0000:00/0000:00:05.0/../max_link_speed, ignoring
ip-10-235-1-29:56:56 [0] NCCL INFO Topology detection : could not read /sys/devices/pci0000:00/0000:00:05.0/../max_link_width, ignoring
ip-10-235-1-29:56:56 [0] NCCL INFO Topology detection : could not read /sys/devices/system/node/node-1/cpumap, ignoring
ip-10-235-1-29:56:56 [0] NCCL INFO NET/Socket : GPU Direct RDMA Disabled for HCA 0 'ens5'
ip-10-235-1-29:56:56 [0] NCCL INFO ncclTopoPopulateNics : Filled ens5 in topo with pciPath=/sys/devices/pci0000:00/0000:00:05.0 net=1 gin=(null) keep=1 coll=(null)
ip-10-235-1-29:56:56 [0] NCCL INFO KV Convert to int : could not find value of 'Unknown' in dictionary, falling back to 60
ip-10-235-1-29:56:56 [0] NCCL INFO === System : maxBw 1.2 totalBw 24.0 ===
ip-10-235-1-29:56:56 [0] NCCL INFO CPU/0-ffffffffffffff (1/2/-1)
ip-10-235-1-29:56:56 [0] NCCL INFO + PCI[24.0] - GPU/0-1e0 (1)
ip-10-235-1-29:56:56 [0] NCCL INFO + PCI[12.0] - NIC/0-50
ip-10-235-1-29:56:56 [0] NCCL INFO               + NET[1.2] - NET/0-0 (0/0/0/1.250000)
ip-10-235-1-29:56:56 [0] NCCL INFO ==========================================
ip-10-235-1-29:56:56 [0] NCCL INFO GPU/0-1e0 :GPU/0-1e0 (0/5000.0/LOC) CPU/0-ffffffffffffff (1/24.0/PHB) NET/0-0 (3/1.2/PHB) 
ip-10-235-1-29:56:56 [0] NCCL INFO NET/0-0 :GPU/0-1e0 (3/1.2/PHB) CPU/0-ffffffffffffff (2/1.2/PHB) NET/0-0 (0/5000.0/LOC) 
ip-10-235-1-29:56:56 [0] NCCL INFO ncclTopoGetCpuAffinity: Affinity for GPU 0 is empty, ignoring. (GPU affinity =  ; CPU affinity = 0-3).
ip-10-235-1-29:56:56 [0] NCCL INFO Pattern 4, crossNic 0, nChannels 1, bw 1.200000/1.200000, type LOC/PHB, sameChannels 1
ip-10-235-1-29:56:56 [0] NCCL INFO  0 : NET/0-0 GPU/0-1e0 NET/0-0
ip-10-235-1-29:56:56 [0] NCCL INFO Pattern 3, crossNic 0, nChannels 1, bw 2.400000/1.200000, type LOC/PHB, sameChannels 1
ip-10-235-1-29:56:56 [0] NCCL INFO  0 : NET/0-0 GPU/0-1e0 NET/0-0
ip-10-235-1-29:56:56 [0] NCCL INFO Could not get speed from /sys/class/net/ens5/speed. Defaulting to 10 Gbps.
ip-10-235-1-29:56:56 [0] NCCL INFO comm 0x63330f68f700 rank 1 nRanks 2 nNodes 2 localRanks 1 localRank 0 MNNVL 0
ip-10-235-1-29:56:56 [0] NCCL INFO Tree 0 : 0 -> 1 -> -1/-1/-1
ip-10-235-1-29:56:56 [0] NCCL INFO Tree 1 : -1 -> 1 -> 0/-1/-1
ip-10-235-1-29:56:56 [0] NCCL INFO Ring 00 : 0 -> 1 -> 0
ip-10-235-1-29:56:56 [0] NCCL INFO Ring 01 : 0 -> 1 -> 0
ip-10-235-1-29:56:56 [0] NCCL INFO Trees [0] -1/-1/-1->1->0 [1] 0/-1/-1->1->-1
ip-10-235-1-29:56:56 [0] NCCL INFO P2P Chunksize set to 131072
ip-10-235-1-29:56:56 [0] NCCL INFO Check P2P Type isAllDirectP2p 1 directMode 0 isAllCudaP2p 1
ip-10-235-1-29:56:189 [0] NCCL INFO [Proxy Service] Device 0 CPU core 2
ip-10-235-1-29:56:56 [0] NCCL INFO ncclP2pSchedule: group size used is 1
ip-10-235-1-29:56:190 [0] NCCL INFO [Proxy Service UDS] Device 0 CPU core 1
ip-10-235-1-29:56:56 [0] NCCL INFO threadThresholds 8/8/64 | 16/8/64 | 512 | 512
ip-10-235-1-29:56:56 [0] NCCL INFO 2 coll channels, 2 collnet channels, 0 nvls channels, 2 p2p channels, 1 p2p channels per peer
ip-10-235-1-29:56:56 [0] NCCL INFO Symmetric VA size=24GB
ip-10-235-1-29:56:56 [0] NCCL INFO Symmetric memory is not supported. cuMemEnable 1, globalGinSupport 0, globalNicFused 0 cuMemGdrSupport 1
ip-10-235-1-29:56:56 [0] NCCL INFO ncclCommInitRankConfig comm 0x63330f68f700 rank 1 nranks 2 cudaDev 0 nvmlDev 0 busId 1e0 commId 0xa46507d8f076f78a - Init COMPLETE
ip-10-235-1-29:56:56 [0] NCCL INFO Init timings - ncclCommInitRankConfig: rank 1 nranks 2 total 0.85 (kernels 0.00, alloc 0.00, bootstrap 0.61, allgathers 0.24, topo 0.00, graphs 0.00, connections 0.00, rest 0.00)
ip-10-235-1-29:56:189 [0] NCCL INFO New proxy recv connection 0 from local rank 0, transport 2
ip-10-235-1-29:56:191 [0] NCCL INFO [Proxy Progress] Device 0 CPU core 0
ip-10-235-1-29:56:56 [0] NCCL INFO Connected to proxy localRank 0 -> connection 0x7a18e4005310
ip-10-235-1-29:56:189 [0] NCCL INFO Could not get speed from /sys/class/net/ens5/speed. Defaulting to 10 Gbps.
ip-10-235-1-29:56:189 [0] NCCL INFO NET/Socket: Using 2 threads and 8 sockets per thread
ip-10-235-1-29:56:56 [0] NCCL INFO Channel 01/1 : 0[0] -> 1[0] [receive] via NET/Socket/0/Shared
ip-10-235-1-29:56:189 [0] NCCL INFO New proxy send connection 1 from local rank 0, transport 2
ip-10-235-1-29:56:56 [0] NCCL INFO Connected to proxy localRank 0 -> connection 0x7a18e4005398
ip-10-235-1-29:56:189 [0] NCCL INFO Could not get speed from /sys/class/net/ens5/speed. Defaulting to 10 Gbps.
ip-10-235-1-29:56:56 [0] NCCL INFO Channel 01/1 : 1[0] -> 0[0] [send] via NET/Socket/0/Shared
ip-10-235-1-29:56:56 [0] NCCL INFO Initialized NET plugin Socket
ip-10-235-1-29:56:56 [0] NCCL INFO Could not get speed from /sys/class/net/ens5/speed. Defaulting to 10 Gbps.
ip-10-235-1-29:56:56 [0] NCCL INFO Assigned NET plugin Socket to comm
ip-10-235-1-29:56:56 [0] NCCL INFO Failed to initialize any GIN plugin
ip-10-235-1-29:56:56 [0] NCCL INFO Using network Socket
ip-10-235-1-29:56:56 [0] NCCL INFO [Rank 1] ncclCommInitRankConfig comm 0x63330ed8f680 rank 1 nranks 2 cudaDev 0 nvmlDev 0 busId 1e0 commId 0x84cc495a679c8298 - Init START
ip-10-235-1-29:56:56 [0] NCCL INFO Topology detection : could not read /sys/devices/pci0000:00/0000:00:1e.0/../max_link_speed, ignoring
ip-10-235-1-29:56:56 [0] NCCL INFO Topology detection : could not read /sys/devices/pci0000:00/0000:00:1e.0/../max_link_width, ignoring
ip-10-235-1-29:56:56 [0] NCCL INFO Topology detection : could not read /sys/devices/system/node/node-1/cpumap, ignoring
ip-10-235-1-29:56:56 [0] NCCL INFO TOPO/NET : Importing network plugins to topology
ip-10-235-1-29:56:56 [0] NCCL INFO Could not get speed from /sys/class/net/ens5/speed. Defaulting to 10 Gbps.
ip-10-235-1-29:56:56 [0] NCCL INFO Topology detection : could not read /sys/devices/pci0000:00/0000:00:05.0/../max_link_speed, ignoring
ip-10-235-1-29:56:56 [0] NCCL INFO Topology detection : could not read /sys/devices/pci0000:00/0000:00:05.0/../max_link_width, ignoring
ip-10-235-1-29:56:56 [0] NCCL INFO Topology detection : could not read /sys/devices/system/node/node-1/cpumap, ignoring
ip-10-235-1-29:56:56 [0] NCCL INFO NET/Socket : GPU Direct RDMA Disabled for HCA 0 'ens5'
ip-10-235-1-29:56:56 [0] NCCL INFO ncclTopoPopulateNics : Filled ens5 in topo with pciPath=/sys/devices/pci0000:00/0000:00:05.0 net=1 gin=(null) keep=1 coll=(null)
ip-10-235-1-29:56:56 [0] NCCL INFO KV Convert to int : could not find value of 'Unknown' in dictionary, falling back to 60
ip-10-235-1-29:56:56 [0] NCCL INFO === System : maxBw 1.2 totalBw 24.0 ===
ip-10-235-1-29:56:56 [0] NCCL INFO CPU/0-ffffffffffffff (1/2/-1)
ip-10-235-1-29:56:56 [0] NCCL INFO + PCI[24.0] - GPU/0-1e0 (1)
ip-10-235-1-29:56:56 [0] NCCL INFO + PCI[12.0] - NIC/0-50
ip-10-235-1-29:56:56 [0] NCCL INFO               + NET[1.2] - NET/0-0 (0/0/0/1.250000)
ip-10-235-1-29:56:56 [0] NCCL INFO ==========================================
ip-10-235-1-29:56:56 [0] NCCL INFO GPU/0-1e0 :GPU/0-1e0 (0/5000.0/LOC) CPU/0-ffffffffffffff (1/24.0/PHB) NET/0-0 (3/1.2/PHB) 
ip-10-235-1-29:56:56 [0] NCCL INFO NET/0-0 :GPU/0-1e0 (3/1.2/PHB) CPU/0-ffffffffffffff (2/1.2/PHB) NET/0-0 (0/5000.0/LOC) 
ip-10-235-1-29:56:56 [0] NCCL INFO ncclTopoGetCpuAffinity: Affinity for GPU 0 is empty, ignoring. (GPU affinity =  ; CPU affinity = 0-3).
ip-10-235-1-29:56:56 [0] NCCL INFO Pattern 4, crossNic 0, nChannels 1, bw 1.200000/1.200000, type LOC/PHB, sameChannels 1
ip-10-235-1-29:56:56 [0] NCCL INFO  0 : NET/0-0 GPU/0-1e0 NET/0-0
ip-10-235-1-29:56:56 [0] NCCL INFO Pattern 3, crossNic 0, nChannels 1, bw 2.400000/1.200000, type LOC/PHB, sameChannels 1
ip-10-235-1-29:56:56 [0] NCCL INFO  0 : NET/0-0 GPU/0-1e0 NET/0-0
ip-10-235-1-29:56:56 [0] NCCL INFO Could not get speed from /sys/class/net/ens5/speed. Defaulting to 10 Gbps.
ip-10-235-1-29:56:56 [0] NCCL INFO comm 0x63330ed8f680 rank 1 nRanks 2 nNodes 2 localRanks 1 localRank 0 MNNVL 0
ip-10-235-1-29:56:56 [0] NCCL INFO Tree 0 : 0 -> 1 -> -1/-1/-1
ip-10-235-1-29:56:56 [0] NCCL INFO Tree 1 : -1 -> 1 -> 0/-1/-1
ip-10-235-1-29:56:56 [0] NCCL INFO Ring 00 : 0 -> 1 -> 0
ip-10-235-1-29:56:56 [0] NCCL INFO Ring 01 : 0 -> 1 -> 0
ip-10-235-1-29:56:56 [0] NCCL INFO Trees [0] -1/-1/-1->1->0 [1] 0/-1/-1->1->-1
ip-10-235-1-29:56:56 [0] NCCL INFO P2P Chunksize set to 131072
ip-10-235-1-29:56:56 [0] NCCL INFO Check P2P Type isAllDirectP2p 1 directMode 0 isAllCudaP2p 1
ip-10-235-1-29:56:56 [0] NCCL INFO ncclP2pSchedule: group size used is 1
ip-10-235-1-29:56:197 [0] NCCL INFO [Proxy Service UDS] Device 0 CPU core 1
ip-10-235-1-29:56:196 [0] NCCL INFO [Proxy Service] Device 0 CPU core 2
ip-10-235-1-29:56:56 [0] NCCL INFO threadThresholds 8/8/64 | 16/8/64 | 512 | 512
ip-10-235-1-29:56:56 [0] NCCL INFO 2 coll channels, 2 collnet channels, 0 nvls channels, 2 p2p channels, 1 p2p channels per peer
ip-10-235-1-29:56:56 [0] NCCL INFO Symmetric VA size=24GB
ip-10-235-1-29:56:56 [0] NCCL INFO Symmetric memory is not supported. cuMemEnable 1, globalGinSupport 0, globalNicFused 0 cuMemGdrSupport 1
ip-10-235-1-29:56:56 [0] NCCL INFO ncclCommInitRankConfig comm 0x63330ed8f680 rank 1 nranks 2 cudaDev 0 nvmlDev 0 busId 1e0 commId 0x84cc495a679c8298 - Init COMPLETE
ip-10-235-1-29:56:56 [0] NCCL INFO Init timings - ncclCommInitRankConfig: rank 1 nranks 2 total 0.79 (kernels 0.00, alloc 0.00, bootstrap 0.56, allgathers 0.22, topo 0.00, graphs 0.00, connections 0.00, rest 0.00)
ip-10-235-1-29:56:196 [0] NCCL INFO New proxy recv connection 0 from local rank 0, transport 2
ip-10-235-1-29:56:198 [0] NCCL INFO [Proxy Progress] Device 0 CPU core 0
ip-10-235-1-29:56:56 [0] NCCL INFO Connected to proxy localRank 0 -> connection 0x7a1778032620
ip-10-235-1-29:56:196 [0] NCCL INFO Could not get speed from /sys/class/net/ens5/speed. Defaulting to 10 Gbps.
ip-10-235-1-29:56:196 [0] NCCL INFO NET/Socket: Using 2 threads and 8 sockets per thread
ip-10-235-1-29:56:56 [0] NCCL INFO Channel 01/1 : 0[0] -> 1[0] [receive] via NET/Socket/0/Shared
ip-10-235-1-29:56:196 [0] NCCL INFO New proxy send connection 1 from local rank 0, transport 2
ip-10-235-1-29:56:56 [0] NCCL INFO Connected to proxy localRank 0 -> connection 0x7a17780326a8
ip-10-235-1-29:56:196 [0] NCCL INFO Could not get speed from /sys/class/net/ens5/speed. Defaulting to 10 Gbps.
ip-10-235-1-29:56:56 [0] NCCL INFO Channel 01/1 : 1[0] -> 0[0] [send] via NET/Socket/0/Shared
ip-10-235-1-29:56:56 [0] NCCL INFO Initialized NET plugin Socket
ip-10-235-1-29:56:56 [0] NCCL INFO Could not get speed from /sys/class/net/ens5/speed. Defaulting to 10 Gbps.
ip-10-235-1-29:56:56 [0] NCCL INFO Assigned NET plugin Socket to comm
ip-10-235-1-29:56:56 [0] NCCL INFO Failed to initialize any GIN plugin
ip-10-235-1-29:56:56 [0] NCCL INFO Using network Socket
ip-10-235-1-29:56:56 [0] NCCL INFO [Rank 1] ncclCommInitRankConfig comm 0x63330ef007e0 rank 1 nranks 2 cudaDev 0 nvmlDev 0 busId 1e0 commId 0x9bc2dfc843a032ee - Init START
ip-10-235-1-29:56:56 [0] NCCL INFO Topology detection : could not read /sys/devices/pci0000:00/0000:00:1e.0/../max_link_speed, ignoring
ip-10-235-1-29:56:56 [0] NCCL INFO Topology detection : could not read /sys/devices/pci0000:00/0000:00:1e.0/../max_link_width, ignoring
ip-10-235-1-29:56:56 [0] NCCL INFO Topology detection : could not read /sys/devices/system/node/node-1/cpumap, ignoring
ip-10-235-1-29:56:56 [0] NCCL INFO TOPO/NET : Importing network plugins to topology
ip-10-235-1-29:56:56 [0] NCCL INFO Could not get speed from /sys/class/net/ens5/speed. Defaulting to 10 Gbps.
ip-10-235-1-29:56:56 [0] NCCL INFO Topology detection : could not read /sys/devices/pci0000:00/0000:00:05.0/../max_link_speed, ignoring
ip-10-235-1-29:56:56 [0] NCCL INFO Topology detection : could not read /sys/devices/pci0000:00/0000:00:05.0/../max_link_width, ignoring
ip-10-235-1-29:56:56 [0] NCCL INFO Topology detection : could not read /sys/devices/system/node/node-1/cpumap, ignoring
ip-10-235-1-29:56:56 [0] NCCL INFO NET/Socket : GPU Direct RDMA Disabled for HCA 0 'ens5'
ip-10-235-1-29:56:56 [0] NCCL INFO ncclTopoPopulateNics : Filled ens5 in topo with pciPath=/sys/devices/pci0000:00/0000:00:05.0 net=1 gin=(null) keep=1 coll=(null)
ip-10-235-1-29:56:56 [0] NCCL INFO KV Convert to int : could not find value of 'Unknown' in dictionary, falling back to 60
ip-10-235-1-29:56:56 [0] NCCL INFO === System : maxBw 1.2 totalBw 24.0 ===
ip-10-235-1-29:56:56 [0] NCCL INFO CPU/0-ffffffffffffff (1/2/-1)
ip-10-235-1-29:56:56 [0] NCCL INFO + PCI[24.0] - GPU/0-1e0 (1)
ip-10-235-1-29:56:56 [0] NCCL INFO + PCI[12.0] - NIC/0-50
ip-10-235-1-29:56:56 [0] NCCL INFO               + NET[1.2] - NET/0-0 (0/0/0/1.250000)
ip-10-235-1-29:56:56 [0] NCCL INFO ==========================================
ip-10-235-1-29:56:56 [0] NCCL INFO GPU/0-1e0 :GPU/0-1e0 (0/5000.0/LOC) CPU/0-ffffffffffffff (1/24.0/PHB) NET/0-0 (3/1.2/PHB) 
ip-10-235-1-29:56:56 [0] NCCL INFO NET/0-0 :GPU/0-1e0 (3/1.2/PHB) CPU/0-ffffffffffffff (2/1.2/PHB) NET/0-0 (0/5000.0/LOC) 
ip-10-235-1-29:56:56 [0] NCCL INFO ncclTopoGetCpuAffinity: Affinity for GPU 0 is empty, ignoring. (GPU affinity =  ; CPU affinity = 0-3).
ip-10-235-1-29:56:56 [0] NCCL INFO Pattern 4, crossNic 0, nChannels 1, bw 1.200000/1.200000, type LOC/PHB, sameChannels 1
ip-10-235-1-29:56:56 [0] NCCL INFO  0 : NET/0-0 GPU/0-1e0 NET/0-0
ip-10-235-1-29:56:56 [0] NCCL INFO Pattern 3, crossNic 0, nChannels 1, bw 2.400000/1.200000, type LOC/PHB, sameChannels 1
ip-10-235-1-29:56:56 [0] NCCL INFO  0 : NET/0-0 GPU/0-1e0 NET/0-0
ip-10-235-1-29:56:56 [0] NCCL INFO Could not get speed from /sys/class/net/ens5/speed. Defaulting to 10 Gbps.
ip-10-235-1-29:56:56 [0] NCCL INFO comm 0x63330ef007e0 rank 1 nRanks 2 nNodes 2 localRanks 1 localRank 0 MNNVL 0
ip-10-235-1-29:56:56 [0] NCCL INFO Tree 0 : 0 -> 1 -> -1/-1/-1
ip-10-235-1-29:56:56 [0] NCCL INFO Tree 1 : -1 -> 1 -> 0/-1/-1
ip-10-235-1-29:56:56 [0] NCCL INFO Ring 00 : 0 -> 1 -> 0
ip-10-235-1-29:56:56 [0] NCCL INFO Ring 01 : 0 -> 1 -> 0
ip-10-235-1-29:56:56 [0] NCCL INFO Trees [0] -1/-1/-1->1->0 [1] 0/-1/-1->1->-1
ip-10-235-1-29:56:56 [0] NCCL INFO P2P Chunksize set to 131072
ip-10-235-1-29:56:56 [0] NCCL INFO Check P2P Type isAllDirectP2p 1 directMode 0 isAllCudaP2p 1
ip-10-235-1-29:56:203 [0] NCCL INFO [Proxy Service] Device 0 CPU core 2
ip-10-235-1-29:56:56 [0] NCCL INFO ncclP2pSchedule: group size used is 1
ip-10-235-1-29:56:56 [0] NCCL INFO threadThresholds 8/8/64 | 16/8/64 | 512 | 512
ip-10-235-1-29:56:56 [0] NCCL INFO 2 coll channels, 2 collnet channels, 0 nvls channels, 2 p2p channels, 1 p2p channels per peer
ip-10-235-1-29:56:56 [0] NCCL INFO Symmetric VA size=24GB
ip-10-235-1-29:56:56 [0] NCCL INFO Symmetric memory is not supported. cuMemEnable 1, globalGinSupport 0, globalNicFused 0 cuMemGdrSupport 1
ip-10-235-1-29:56:204 [0] NCCL INFO [Proxy Service UDS] Device 0 CPU core 1
ip-10-235-1-29:56:56 [0] NCCL INFO ncclCommInitRankConfig comm 0x63330ef007e0 rank 1 nranks 2 cudaDev 0 nvmlDev 0 busId 1e0 commId 0x9bc2dfc843a032ee - Init COMPLETE
ip-10-235-1-29:56:56 [0] NCCL INFO Init timings - ncclCommInitRankConfig: rank 1 nranks 2 total 0.01 (kernels 0.00, alloc 0.00, bootstrap 0.00, allgathers 0.00, topo 0.00, graphs 0.00, connections 0.00, rest 0.00)
ip-10-235-1-29:56:203 [0] NCCL INFO New proxy recv connection 0 from local rank 0, transport 2
ip-10-235-1-29:56:205 [0] NCCL INFO [Proxy Progress] Device 0 CPU core 1
ip-10-235-1-29:56:56 [0] NCCL INFO Connected to proxy localRank 0 -> connection 0x7a178403d270
ip-10-235-1-29:56:203 [0] NCCL INFO Could not get speed from /sys/class/net/ens5/speed. Defaulting to 10 Gbps.
ip-10-235-1-29:56:203 [0] NCCL INFO NET/Socket: Using 2 threads and 8 sockets per thread
ip-10-235-1-29:56:56 [0] NCCL INFO Channel 01/1 : 0[0] -> 1[0] [receive] via NET/Socket/0/Shared
ip-10-235-1-29:56:203 [0] NCCL INFO New proxy send connection 1 from local rank 0, transport 2
ip-10-235-1-29:56:56 [0] NCCL INFO Connected to proxy localRank 0 -> connection 0x7a178403d2f8
ip-10-235-1-29:56:203 [0] NCCL INFO Could not get speed from /sys/class/net/ens5/speed. Defaulting to 10 Gbps.
ip-10-235-1-29:56:56 [0] NCCL INFO Channel 01/1 : 1[0] -> 0[0] [send] via NET/Socket/0/Shared
ip-10-235-1-29:56:56 [0] NCCL INFO comm 0x63330ef007e0 rank 1 nranks 2 cudaDev 0 busId 1e0 - Destroy COMPLETE
ip-10-235-1-29:56:56 [0] NCCL INFO comm 0x63330f68f700 rank 1 nranks 2 cudaDev 0 busId 1e0 - Destroy COMPLETE
ip-10-235-1-29:56:56 [0] NCCL INFO comm 0x6332fd552320 rank 13 nranks 16 cudaDev 0 busId 1e0 - Destroy COMPLETE
ip-10-235-1-29:56:56 [0] NCCL INFO comm 0x63330ac71000 rank 1 nranks 2 cudaDev 0 busId 1e0 - Destroy COMPLETE
ip-10-235-1-29:56:56 [0] NCCL INFO comm 0x6332fd9c1d00 rank 1 nranks 2 cudaDev 0 busId 1e0 - Destroy COMPLETE
ip-10-235-1-29:56:56 [0] NCCL INFO comm 0x63330aeac0e0 rank 1 nranks 2 cudaDev 0 busId 1e0 - Destroy COMPLETE
ip-10-235-1-29:56:56 [0] NCCL INFO comm 0x63330ed8f680 rank 1 nranks 2 cudaDev 0 busId 1e0 - Destroy COMPLETE
ip-10-235-1-29:56:56 [0] NCCL INFO comm 0x6332fdae6af0 rank 1 nranks 2 cudaDev 0 busId 1e0 - Destroy COMPLETE
ip-10-235-1-29:56:56 [0] NCCL INFO comm 0x6333096e6d50 rank 0 nranks 2 cudaDev 0 busId 1e0 - Destroy COMPLETE
ip-10-235-1-29:56:56 [0] NCCL INFO comm 0x6332fdc57330 rank 1 nranks 2 cudaDev 0 busId 1e0 - Destroy COMPLETE
ip-10-235-1-29:56:56 [0] NCCL INFO comm 0x6332fdde0e00 rank 1 nranks 2 cudaDev 0 busId 1e0 - Destroy COMPLETE
ip-10-235-1-29:56:56 [0] NCCL INFO comm 0x633309830440 rank 1 nranks 2 cudaDev 0 busId 1e0 - Destroy COMPLETE
ip-10-235-1-29:56:56 [0] NCCL INFO comm 0x63330949c000 rank 0 nranks 2 cudaDev 0 busId 1e0 - Destroy COMPLETE
ip-10-235-1-29:56:56 [0] NCCL INFO comm 0x6333095c0df0 rank 1 nranks 2 cudaDev 0 busId 1e0 - Destroy COMPLETE
ip-10-235-1-29:56:56 [0] NCCL INFO comm 0x6332f93dddb0 rank 1 nranks 2 cudaDev 0 busId 1e0 - Destroy COMPLETE
ip-10-235-1-29:56:56 [0] NCCL INFO comm 0x63330b08fea0 rank 1 nranks 2 cudaDev 0 busId 1e0 - Destroy COMPLETE
ip-10-235-1-29:56:56 [0] NCCL INFO ENV/Plugin: Closing env plugin ncclEnvDefault
