Warning: You are sending unauthenticated requests to the HF Hub. Please set a HF_TOKEN to enable higher rate limits and faster downloads.
Generating train split:   0%|          | 0/50000 [00:00<?, ? examples/s]Generating train split:  30%|███       | 15100/50000 [00:00<00:00, 150089.79 examples/s]Generating train split:  74%|███████▍  | 37100/50000 [00:00<00:00, 119236.36 examples/s]Generating train split: 100%|██████████| 50000/50000 [00:00<00:00, 138744.85 examples/s]
Generating test split:   0%|          | 0/10000 [00:00<?, ? examples/s]Generating test split: 100%|██████████| 10000/10000 [00:00<00:00, 262140.72 examples/s]
[W909 18:14:57.407783905 Utils.hpp:166] Warning: Environment variable NCCL_BLOCKING_WAIT is deprecated; use TORCH_NCCL_BLOCKING_WAIT instead (function operator())
[W909 18:14:57.407806336 Utils.hpp:137] Warning: Environment variable NCCL_ASYNC_ERROR_HANDLING is deprecated; use TORCH_NCCL_ASYNC_ERROR_HANDLING instead (function operator())
[rank0]:[W909 18:15:07.466548689 ProcessGroupNCCL.cpp:4215] Warning: An unbatched P2P op (send/recv) was called on this ProcessGroup with size 4.  In lazy initialization mode, this will result in a new 2-rank NCCL communicator to be created. (function operator())
ip-10-247-1-214:58:58 [0] NCCL INFO ENV/Plugin: Could not find: libnccl-env.so
ip-10-247-1-214:58:58 [0] NCCL INFO NCCL_SOCKET_IFNAME set to ens5
ip-10-247-1-214:58:58 [0] NCCL INFO cudaDriverVersion 13020
ip-10-247-1-214:58:58 [0] NCCL INFO NCCL version 2.29.7+cuda13.2
ip-10-247-1-214:58:58 [0] NCCL INFO NCCL git version stable b81d6a5a3
ip-10-247-1-214:58:58 [0] NCCL INFO NET/Plugin: Could not find: libnccl-net.so
ip-10-247-1-214:58:58 [0] NCCL INFO NET/Socket : Using [0]ens5:10.247.1.214<0>
ip-10-247-1-214:58:58 [0] NCCL INFO Initialized NET plugin Socket
ip-10-247-1-214:58:58 [0] NCCL INFO Could not get speed from /sys/class/net/ens5/speed. Defaulting to 10 Gbps.
ip-10-247-1-214:58:58 [0] NCCL INFO Assigned NET plugin Socket to comm
ip-10-247-1-214:58:58 [0] NCCL INFO GIN/Plugin: Could not find: libnccl-gin.so
ip-10-247-1-214:58:58 [0] NCCL INFO transport/net_ib/gin.cc:76 -> 3

[2026-09-09 18:15:08] ip-10-247-1-214:58:58 [0] misc/ibvwrap.cc:173 NCCL WARN lib wrapper not initialized.
ip-10-247-1-214:58:58 [0] NCCL INFO transport/net_ib/gdr.cc:56 -> 3
ip-10-247-1-214:58:58 [0] NCCL INFO Unable to use GIN: Peermem is not supported, nor DMA-BUF.
ip-10-247-1-214:58:58 [0] NCCL INFO Failed to initialize any GIN plugin
ip-10-247-1-214:58:58 [0] NCCL INFO Using network Socket
ip-10-247-1-214:58:58 [0] NCCL INFO [Rank 0] ncclCommInitRankConfig comm 0x6060d455e280 rank 0 nranks 2 cudaDev 0 nvmlDev 0 busId 1e0 commId 0x244487ede5641d1a - Init START
ip-10-247-1-214:58:58 [0] NCCL INFO RAS client listening socket at 127.0.0.1<28028>
ip-10-247-1-214:58:58 [0] NCCL INFO NCCL_P2P_DISABLE set by environment to 1
ip-10-247-1-214:58:58 [0] NCCL INFO Topology detection : could not read /sys/devices/pci0000:00/0000:00:1e.0/../max_link_speed, ignoring
ip-10-247-1-214:58:58 [0] NCCL INFO Topology detection : could not read /sys/devices/pci0000:00/0000:00:1e.0/../max_link_width, ignoring
ip-10-247-1-214:58:58 [0] NCCL INFO Topology detection : could not read /sys/devices/system/node/node-1/cpumap, ignoring
ip-10-247-1-214:58:58 [0] NCCL INFO TOPO/NET : Importing network plugins to topology
ip-10-247-1-214:58:58 [0] NCCL INFO Could not get speed from /sys/class/net/ens5/speed. Defaulting to 10 Gbps.
ip-10-247-1-214:58:58 [0] NCCL INFO Topology detection : could not read /sys/devices/pci0000:00/0000:00:05.0/../max_link_speed, ignoring
ip-10-247-1-214:58:58 [0] NCCL INFO Topology detection : could not read /sys/devices/pci0000:00/0000:00:05.0/../max_link_width, ignoring
ip-10-247-1-214:58:58 [0] NCCL INFO Topology detection : could not read /sys/devices/system/node/node-1/cpumap, ignoring
ip-10-247-1-214:58:58 [0] NCCL INFO NET/Socket : GPU Direct RDMA Disabled for HCA 0 'ens5'
ip-10-247-1-214:58:58 [0] NCCL INFO ncclTopoPopulateNics : Filled ens5 in topo with pciPath=/sys/devices/pci0000:00/0000:00:05.0 net=1 gin=(null) keep=1 coll=(null)
ip-10-247-1-214:58:58 [0] NCCL INFO KV Convert to int : could not find value of 'Unknown' in dictionary, falling back to 60
ip-10-247-1-214:58:58 [0] NCCL INFO === System : maxBw 1.2 totalBw 24.0 ===
ip-10-247-1-214:58:58 [0] NCCL INFO CPU/0-ffffffffffffff (1/2/-1)
ip-10-247-1-214:58:58 [0] NCCL INFO + PCI[24.0] - GPU/0-1e0 (0)
ip-10-247-1-214:58:58 [0] NCCL INFO + PCI[12.0] - NIC/0-50
ip-10-247-1-214:58:58 [0] NCCL INFO               + NET[1.2] - NET/0-0 (0/0/0/1.250000)
ip-10-247-1-214:58:58 [0] NCCL INFO ==========================================
ip-10-247-1-214:58:58 [0] NCCL INFO GPU/0-1e0 :GPU/0-1e0 (0/5000.0/LOC) CPU/0-ffffffffffffff (1/24.0/PHB) NET/0-0 (3/1.2/PHB) 
ip-10-247-1-214:58:58 [0] NCCL INFO NET/0-0 :GPU/0-1e0 (3/1.2/PHB) CPU/0-ffffffffffffff (2/1.2/PHB) NET/0-0 (0/5000.0/LOC) 
ip-10-247-1-214:58:58 [0] NCCL INFO ncclTopoGetCpuAffinity: Affinity for GPU 0 is empty, ignoring. (GPU affinity =  ; CPU affinity = 0-3).
ip-10-247-1-214:58:58 [0] NCCL INFO Pattern 4, crossNic 0, nChannels 1, bw 1.200000/1.200000, type LOC/PHB, sameChannels 1
ip-10-247-1-214:58:58 [0] NCCL INFO  0 : NET/0-0 GPU/0-1e0 NET/0-0
ip-10-247-1-214:58:58 [0] NCCL INFO Pattern 3, crossNic 0, nChannels 1, bw 2.400000/1.200000, type LOC/PHB, sameChannels 1
ip-10-247-1-214:58:58 [0] NCCL INFO  0 : NET/0-0 GPU/0-1e0 NET/0-0
ip-10-247-1-214:58:58 [0] NCCL INFO Could not get speed from /sys/class/net/ens5/speed. Defaulting to 10 Gbps.
ip-10-247-1-214:58:58 [0] NCCL INFO comm 0x6060d455e280 rank 0 nRanks 2 nNodes 2 localRanks 1 localRank 0 MNNVL 0
ip-10-247-1-214:58:58 [0] NCCL INFO Tree 0 : -1 -> 0 -> 1/-1/-1
ip-10-247-1-214:58:58 [0] NCCL INFO Tree 1 : 1 -> 0 -> -1/-1/-1
ip-10-247-1-214:58:58 [0] NCCL INFO Channel 00/02 : 0 1
ip-10-247-1-214:58:58 [0] NCCL INFO Channel 01/02 : 0 1
ip-10-247-1-214:58:58 [0] NCCL INFO Ring 00 : 1 -> 0 -> 1
ip-10-247-1-214:58:58 [0] NCCL INFO Ring 01 : 1 -> 0 -> 1
ip-10-247-1-214:58:58 [0] NCCL INFO Trees [0] 1/-1/-1->0->-1 [1] -1/-1/-1->0->1
ip-10-247-1-214:58:58 [0] NCCL INFO P2P Chunksize set to 131072
ip-10-247-1-214:58:58 [0] NCCL INFO PROFILER/Plugin: Could not find: libnccl-profiler.so
ip-10-247-1-214:58:58 [0] NCCL INFO Check P2P Type isAllDirectP2p 1 directMode 0 isAllCudaP2p 1
ip-10-247-1-214:58:58 [0] NCCL INFO ncclP2pSchedule: group size used is 1
ip-10-247-1-214:58:106 [0] NCCL INFO [Proxy Service] Device 0 CPU core 2
ip-10-247-1-214:58:107 [0] NCCL INFO [Proxy Service UDS] Device 0 CPU core 1
ip-10-247-1-214:58:58 [0] NCCL INFO TUNER/Plugin: Could not find: libnccl-tuner.so
ip-10-247-1-214:58:58 [0] NCCL INFO threadThresholds 8/8/64 | 16/8/64 | 512 | 512
ip-10-247-1-214:58:58 [0] NCCL INFO 2 coll channels, 2 collnet channels, 0 nvls channels, 2 p2p channels, 1 p2p channels per peer
ip-10-247-1-214:58:58 [0] NCCL INFO Symmetric VA size=24GB
ip-10-247-1-214:58:58 [0] NCCL INFO Symmetric memory is not supported. cuMemEnable 1, globalGinSupport 0, globalNicFused 0 cuMemGdrSupport 1
ip-10-247-1-214:58:58 [0] NCCL INFO CC Off, workFifoBytes 1048576
ip-10-247-1-214:58:58 [0] NCCL INFO ncclCommInitRankConfig comm 0x6060d455e280 rank 0 nranks 2 cudaDev 0 nvmlDev 0 busId 1e0 commId 0x244487ede5641d1a - Init COMPLETE
ip-10-247-1-214:58:58 [0] NCCL INFO Init timings - ncclCommInitRankConfig: rank 0 nranks 2 total 3.73 (kernels 0.17, alloc 0.02, bootstrap 3.14, allgathers 0.39, topo 0.00, graphs 0.00, connections 0.00, rest 0.00)
ip-10-247-1-214:58:106 [0] NCCL INFO New proxy send connection 0 from local rank 0, transport 2
ip-10-247-1-214:58:108 [0] NCCL INFO [Proxy Progress] Device 0 CPU core 0
ip-10-247-1-214:58:58 [0] NCCL INFO Connected to proxy localRank 0 -> connection 0x714790004fa0
ip-10-247-1-214:58:106 [0] NCCL INFO Could not get speed from /sys/class/net/ens5/speed. Defaulting to 10 Gbps.
ip-10-247-1-214:58:58 [0] NCCL INFO Channel 01/1 : 0[0] -> 1[0] [send] via NET/Socket/0/Shared
[rank0]:[W909 18:15:22.090281292 ProcessGroupNCCL.cpp:4215] Warning: An unbatched P2P op (send/recv) was called on this ProcessGroup with size 4.  In lazy initialization mode, this will result in a new 2-rank NCCL communicator to be created. (function operator())
ip-10-247-1-214:58:106 [0] NCCL INFO New proxy recv connection 1 from local rank 0, transport 2
ip-10-247-1-214:58:58 [0] NCCL INFO Connected to proxy localRank 0 -> connection 0x714790005028
ip-10-247-1-214:58:106 [0] NCCL INFO Could not get speed from /sys/class/net/ens5/speed. Defaulting to 10 Gbps.
ip-10-247-1-214:58:106 [0] NCCL INFO NET/Socket: Using 4 threads and 4 sockets per thread
ip-10-247-1-214:58:58 [0] NCCL INFO Channel 01/1 : 1[0] -> 0[0] [receive] via NET/Socket/0/Shared
/workspace/dromeus/.venv/lib/python3.12/site-packages/torch/distributed/c10d_logger.py:83: UserWarning: barrier(): using the device under current context. You can specify `device_id` in `init_process_group` to mute this warning.
  return func(*args, **kwargs)
ip-10-247-1-214:58:58 [0] NCCL INFO Initialized NET plugin Socket
ip-10-247-1-214:58:58 [0] NCCL INFO Could not get speed from /sys/class/net/ens5/speed. Defaulting to 10 Gbps.
ip-10-247-1-214:58:58 [0] NCCL INFO Assigned NET plugin Socket to comm
ip-10-247-1-214:58:58 [0] NCCL INFO Failed to initialize any GIN plugin
ip-10-247-1-214:58:58 [0] NCCL INFO Using network Socket
ip-10-247-1-214:58:58 [0] NCCL INFO [Rank 0] ncclCommInitRankConfig comm 0x6060d86d61d0 rank 0 nranks 4 cudaDev 0 nvmlDev 0 busId 1e0 commId 0x82d1b64b6481bc7e - Init START
ip-10-247-1-214:58:58 [0] NCCL INFO Topology detection : could not read /sys/devices/pci0000:00/0000:00:1e.0/../max_link_speed, ignoring
ip-10-247-1-214:58:58 [0] NCCL INFO Topology detection : could not read /sys/devices/pci0000:00/0000:00:1e.0/../max_link_width, ignoring
ip-10-247-1-214:58:58 [0] NCCL INFO Topology detection : could not read /sys/devices/system/node/node-1/cpumap, ignoring
ip-10-247-1-214:58:58 [0] NCCL INFO TOPO/NET : Importing network plugins to topology
ip-10-247-1-214:58:58 [0] NCCL INFO Could not get speed from /sys/class/net/ens5/speed. Defaulting to 10 Gbps.
ip-10-247-1-214:58:58 [0] NCCL INFO Topology detection : could not read /sys/devices/pci0000:00/0000:00:05.0/../max_link_speed, ignoring
ip-10-247-1-214:58:58 [0] NCCL INFO Topology detection : could not read /sys/devices/pci0000:00/0000:00:05.0/../max_link_width, ignoring
ip-10-247-1-214:58:58 [0] NCCL INFO Topology detection : could not read /sys/devices/system/node/node-1/cpumap, ignoring
ip-10-247-1-214:58:58 [0] NCCL INFO NET/Socket : GPU Direct RDMA Disabled for HCA 0 'ens5'
ip-10-247-1-214:58:58 [0] NCCL INFO ncclTopoPopulateNics : Filled ens5 in topo with pciPath=/sys/devices/pci0000:00/0000:00:05.0 net=1 gin=(null) keep=1 coll=(null)
ip-10-247-1-214:58:58 [0] NCCL INFO KV Convert to int : could not find value of 'Unknown' in dictionary, falling back to 60
ip-10-247-1-214:58:58 [0] NCCL INFO === System : maxBw 1.2 totalBw 24.0 ===
ip-10-247-1-214:58:58 [0] NCCL INFO CPU/0-ffffffffffffff (1/2/-1)
ip-10-247-1-214:58:58 [0] NCCL INFO + PCI[24.0] - GPU/0-1e0 (0)
ip-10-247-1-214:58:58 [0] NCCL INFO + PCI[12.0] - NIC/0-50
ip-10-247-1-214:58:58 [0] NCCL INFO               + NET[1.2] - NET/0-0 (0/0/0/1.250000)
ip-10-247-1-214:58:58 [0] NCCL INFO ==========================================
ip-10-247-1-214:58:58 [0] NCCL INFO GPU/0-1e0 :GPU/0-1e0 (0/5000.0/LOC) CPU/0-ffffffffffffff (1/24.0/PHB) NET/0-0 (3/1.2/PHB) 
ip-10-247-1-214:58:58 [0] NCCL INFO NET/0-0 :GPU/0-1e0 (3/1.2/PHB) CPU/0-ffffffffffffff (2/1.2/PHB) NET/0-0 (0/5000.0/LOC) 
ip-10-247-1-214:58:58 [0] NCCL INFO ncclTopoGetCpuAffinity: Affinity for GPU 0 is empty, ignoring. (GPU affinity =  ; CPU affinity = 0-3).
ip-10-247-1-214:58:58 [0] NCCL INFO Pattern 4, crossNic 0, nChannels 1, bw 1.200000/1.200000, type LOC/PHB, sameChannels 1
ip-10-247-1-214:58:58 [0] NCCL INFO  0 : NET/0-0 GPU/0-1e0 NET/0-0
ip-10-247-1-214:58:58 [0] NCCL INFO Pattern 3, crossNic 0, nChannels 1, bw 2.400000/1.200000, type LOC/PHB, sameChannels 1
ip-10-247-1-214:58:58 [0] NCCL INFO  0 : NET/0-0 GPU/0-1e0 NET/0-0
ip-10-247-1-214:58:58 [0] NCCL INFO Could not get speed from /sys/class/net/ens5/speed. Defaulting to 10 Gbps.
ip-10-247-1-214:58:58 [0] NCCL INFO comm 0x6060d86d61d0 rank 0 nRanks 4 nNodes 4 localRanks 1 localRank 0 MNNVL 0
ip-10-247-1-214:58:58 [0] NCCL INFO Tree 0 : -1 -> 0 -> 2/-1/-1
ip-10-247-1-214:58:58 [0] NCCL INFO Tree 1 : 1 -> 0 -> -1/-1/-1
ip-10-247-1-214:58:58 [0] NCCL INFO Channel 00/02 : 0 1 2 3
ip-10-247-1-214:58:58 [0] NCCL INFO Channel 01/02 : 0 1 2 3
ip-10-247-1-214:58:58 [0] NCCL INFO Ring 00 : 3 -> 0 -> 1
ip-10-247-1-214:58:58 [0] NCCL INFO Ring 01 : 3 -> 0 -> 1
ip-10-247-1-214:58:58 [0] NCCL INFO Trees [0] 2/-1/-1->0->-1 [1] -1/-1/-1->0->1
ip-10-247-1-214:58:58 [0] NCCL INFO P2P Chunksize set to 131072
ip-10-247-1-214:58:58 [0] NCCL INFO Check P2P Type isAllDirectP2p 1 directMode 0 isAllCudaP2p 1
ip-10-247-1-214:58:58 [0] NCCL INFO ncclP2pSchedule: group size used is 1
ip-10-247-1-214:58:118 [0] NCCL INFO [Proxy Service] Device 0 CPU core 3
ip-10-247-1-214:58:119 [0] NCCL INFO [Proxy Service UDS] Device 0 CPU core 2
ip-10-247-1-214:58:58 [0] NCCL INFO threadThresholds 8/8/64 | 32/8/64 | 512 | 512
ip-10-247-1-214:58:58 [0] NCCL INFO 2 coll channels, 2 collnet channels, 0 nvls channels, 2 p2p channels, 1 p2p channels per peer
ip-10-247-1-214:58:58 [0] NCCL INFO Symmetric VA size=24GB
ip-10-247-1-214:58:58 [0] NCCL INFO Symmetric memory is not supported. cuMemEnable 1, globalGinSupport 0, globalNicFused 0 cuMemGdrSupport 1
ip-10-247-1-214:58:58 [0] NCCL INFO CC Off, workFifoBytes 1048576
ip-10-247-1-214:58:58 [0] NCCL INFO ncclCommInitRankConfig comm 0x6060d86d61d0 rank 0 nranks 4 cudaDev 0 nvmlDev 0 busId 1e0 commId 0x82d1b64b6481bc7e - Init COMPLETE
ip-10-247-1-214:58:58 [0] NCCL INFO Init timings - ncclCommInitRankConfig: rank 0 nranks 4 total 1.95 (kernels 0.00, alloc 0.00, bootstrap 1.36, allgathers 0.58, topo 0.00, graphs 0.00, connections 0.00, rest 0.00)
ip-10-247-1-214:58:118 [0] NCCL INFO New proxy send connection 0 from local rank 0, transport 2
ip-10-247-1-214:58:120 [0] NCCL INFO [Proxy Progress] Device 0 CPU core 1
ip-10-247-1-214:58:58 [0] NCCL INFO Connected to proxy localRank 0 -> connection 0x71475c004f70
ip-10-247-1-214:58:118 [0] NCCL INFO Could not get speed from /sys/class/net/ens5/speed. Defaulting to 10 Gbps.
ip-10-247-1-214:58:58 [0] NCCL INFO Channel 01/0 : 0[0] -> 1[0] [send] via NET/Socket/0
ip-10-247-1-214:58:118 [0] NCCL INFO New proxy recv connection 1 from local rank 0, transport 2
ip-10-247-1-214:58:58 [0] NCCL INFO Connected to proxy localRank 0 -> connection 0x71475c004ff8
ip-10-247-1-214:58:118 [0] NCCL INFO Could not get speed from /sys/class/net/ens5/speed. Defaulting to 10 Gbps.
ip-10-247-1-214:58:118 [0] NCCL INFO NET/Socket: Using 4 threads and 4 sockets per thread
ip-10-247-1-214:58:58 [0] NCCL INFO Channel 00/0 : 2[0] -> 0[0] [receive] via NET/Socket/0
ip-10-247-1-214:58:118 [0] NCCL INFO New proxy send connection 2 from local rank 0, transport 2
ip-10-247-1-214:58:58 [0] NCCL INFO Connected to proxy localRank 0 -> connection 0x71475c005080
ip-10-247-1-214:58:118 [0] NCCL INFO Could not get speed from /sys/class/net/ens5/speed. Defaulting to 10 Gbps.
ip-10-247-1-214:58:58 [0] NCCL INFO Channel 00/0 : 0[0] -> 2[0] [send] via NET/Socket/0
ip-10-247-1-214:58:118 [0] NCCL INFO New proxy recv connection 3 from local rank 0, transport 2
ip-10-247-1-214:58:58 [0] NCCL INFO Connected to proxy localRank 0 -> connection 0x71475c005108
ip-10-247-1-214:58:118 [0] NCCL INFO Could not get speed from /sys/class/net/ens5/speed. Defaulting to 10 Gbps.
ip-10-247-1-214:58:118 [0] NCCL INFO NET/Socket: Using 4 threads and 4 sockets per thread
ip-10-247-1-214:58:58 [0] NCCL INFO Channel 01/0 : 1[0] -> 0[0] [receive] via NET/Socket/0
ip-10-247-1-214:58:58 [0] NCCL INFO Connected all trees
ip-10-247-1-214:58:58 [0] NCCL INFO Initialized NET plugin Socket
ip-10-247-1-214:58:58 [0] NCCL INFO Could not get speed from /sys/class/net/ens5/speed. Defaulting to 10 Gbps.
ip-10-247-1-214:58:58 [0] NCCL INFO Assigned NET plugin Socket to comm
ip-10-247-1-214:58:58 [0] NCCL INFO Failed to initialize any GIN plugin
ip-10-247-1-214:58:58 [0] NCCL INFO Using network Socket
ip-10-247-1-214:58:58 [0] NCCL INFO [Rank 0] ncclCommInitRankConfig comm 0x6060d93d3d00 rank 0 nranks 2 cudaDev 0 nvmlDev 0 busId 1e0 commId 0x12da5c92bbdbd29a - Init START
ip-10-247-1-214:58:58 [0] NCCL INFO Topology detection : could not read /sys/devices/pci0000:00/0000:00:1e.0/../max_link_speed, ignoring
ip-10-247-1-214:58:58 [0] NCCL INFO Topology detection : could not read /sys/devices/pci0000:00/0000:00:1e.0/../max_link_width, ignoring
ip-10-247-1-214:58:58 [0] NCCL INFO Topology detection : could not read /sys/devices/system/node/node-1/cpumap, ignoring
ip-10-247-1-214:58:58 [0] NCCL INFO TOPO/NET : Importing network plugins to topology
ip-10-247-1-214:58:58 [0] NCCL INFO Could not get speed from /sys/class/net/ens5/speed. Defaulting to 10 Gbps.
ip-10-247-1-214:58:58 [0] NCCL INFO Topology detection : could not read /sys/devices/pci0000:00/0000:00:05.0/../max_link_speed, ignoring
ip-10-247-1-214:58:58 [0] NCCL INFO Topology detection : could not read /sys/devices/pci0000:00/0000:00:05.0/../max_link_width, ignoring
ip-10-247-1-214:58:58 [0] NCCL INFO Topology detection : could not read /sys/devices/system/node/node-1/cpumap, ignoring
ip-10-247-1-214:58:58 [0] NCCL INFO NET/Socket : GPU Direct RDMA Disabled for HCA 0 'ens5'
ip-10-247-1-214:58:58 [0] NCCL INFO ncclTopoPopulateNics : Filled ens5 in topo with pciPath=/sys/devices/pci0000:00/0000:00:05.0 net=1 gin=(null) keep=1 coll=(null)
ip-10-247-1-214:58:58 [0] NCCL INFO KV Convert to int : could not find value of 'Unknown' in dictionary, falling back to 60
ip-10-247-1-214:58:58 [0] NCCL INFO === System : maxBw 1.2 totalBw 24.0 ===
ip-10-247-1-214:58:58 [0] NCCL INFO CPU/0-ffffffffffffff (1/2/-1)
ip-10-247-1-214:58:58 [0] NCCL INFO + PCI[24.0] - GPU/0-1e0 (0)
ip-10-247-1-214:58:58 [0] NCCL INFO + PCI[12.0] - NIC/0-50
ip-10-247-1-214:58:58 [0] NCCL INFO               + NET[1.2] - NET/0-0 (0/0/0/1.250000)
ip-10-247-1-214:58:58 [0] NCCL INFO ==========================================
ip-10-247-1-214:58:58 [0] NCCL INFO GPU/0-1e0 :GPU/0-1e0 (0/5000.0/LOC) CPU/0-ffffffffffffff (1/24.0/PHB) NET/0-0 (3/1.2/PHB) 
ip-10-247-1-214:58:58 [0] NCCL INFO NET/0-0 :GPU/0-1e0 (3/1.2/PHB) CPU/0-ffffffffffffff (2/1.2/PHB) NET/0-0 (0/5000.0/LOC) 
ip-10-247-1-214:58:58 [0] NCCL INFO ncclTopoGetCpuAffinity: Affinity for GPU 0 is empty, ignoring. (GPU affinity =  ; CPU affinity = 0-3).
ip-10-247-1-214:58:58 [0] NCCL INFO Pattern 4, crossNic 0, nChannels 1, bw 1.200000/1.200000, type LOC/PHB, sameChannels 1
ip-10-247-1-214:58:58 [0] NCCL INFO  0 : NET/0-0 GPU/0-1e0 NET/0-0
ip-10-247-1-214:58:58 [0] NCCL INFO Pattern 3, crossNic 0, nChannels 1, bw 2.400000/1.200000, type LOC/PHB, sameChannels 1
ip-10-247-1-214:58:58 [0] NCCL INFO  0 : NET/0-0 GPU/0-1e0 NET/0-0
ip-10-247-1-214:58:58 [0] NCCL INFO Could not get speed from /sys/class/net/ens5/speed. Defaulting to 10 Gbps.
ip-10-247-1-214:58:58 [0] NCCL INFO comm 0x6060d93d3d00 rank 0 nRanks 2 nNodes 2 localRanks 1 localRank 0 MNNVL 0
ip-10-247-1-214:58:58 [0] NCCL INFO Tree 0 : -1 -> 0 -> 1/-1/-1
ip-10-247-1-214:58:58 [0] NCCL INFO Tree 1 : 1 -> 0 -> -1/-1/-1
ip-10-247-1-214:58:58 [0] NCCL INFO Channel 00/02 : 0 1
ip-10-247-1-214:58:58 [0] NCCL INFO Channel 01/02 : 0 1
ip-10-247-1-214:58:58 [0] NCCL INFO Ring 00 : 1 -> 0 -> 1
ip-10-247-1-214:58:58 [0] NCCL INFO Ring 01 : 1 -> 0 -> 1
ip-10-247-1-214:58:58 [0] NCCL INFO Trees [0] 1/-1/-1->0->-1 [1] -1/-1/-1->0->1
ip-10-247-1-214:58:58 [0] NCCL INFO P2P Chunksize set to 131072
ip-10-247-1-214:58:58 [0] NCCL INFO Check P2P Type isAllDirectP2p 1 directMode 0 isAllCudaP2p 1
ip-10-247-1-214:58:122 [0] NCCL INFO [Proxy Service] Device 0 CPU core 3
ip-10-247-1-214:58:58 [0] NCCL INFO ncclP2pSchedule: group size used is 1
ip-10-247-1-214:58:123 [0] NCCL INFO [Proxy Service UDS] Device 0 CPU core 3
ip-10-247-1-214:58:58 [0] NCCL INFO threadThresholds 8/8/64 | 16/8/64 | 512 | 512
ip-10-247-1-214:58:58 [0] NCCL INFO 2 coll channels, 2 collnet channels, 0 nvls channels, 2 p2p channels, 1 p2p channels per peer
ip-10-247-1-214:58:58 [0] NCCL INFO Symmetric VA size=24GB
ip-10-247-1-214:58:58 [0] NCCL INFO Symmetric memory is not supported. cuMemEnable 1, globalGinSupport 0, globalNicFused 0 cuMemGdrSupport 1
ip-10-247-1-214:58:58 [0] NCCL INFO CC Off, workFifoBytes 1048576
ip-10-247-1-214:58:58 [0] NCCL INFO ncclCommInitRankConfig comm 0x6060d93d3d00 rank 0 nranks 2 cudaDev 0 nvmlDev 0 busId 1e0 commId 0x12da5c92bbdbd29a - Init COMPLETE
ip-10-247-1-214:58:58 [0] NCCL INFO Init timings - ncclCommInitRankConfig: rank 0 nranks 2 total 1.87 (kernels 0.00, alloc 0.00, bootstrap 1.48, allgathers 0.38, topo 0.00, graphs 0.00, connections 0.00, rest 0.00)
ip-10-247-1-214:58:122 [0] NCCL INFO New proxy send connection 0 from local rank 0, transport 2
ip-10-247-1-214:58:124 [0] NCCL INFO [Proxy Progress] Device 0 CPU core 1
ip-10-247-1-214:58:58 [0] NCCL INFO Connected to proxy localRank 0 -> connection 0x714728004f70
ip-10-247-1-214:58:122 [0] NCCL INFO Could not get speed from /sys/class/net/ens5/speed. Defaulting to 10 Gbps.
ip-10-247-1-214:58:58 [0] NCCL INFO Channel 01/1 : 0[0] -> 1[0] [send] via NET/Socket/0/Shared
ip-10-247-1-214:58:122 [0] NCCL INFO New proxy recv connection 1 from local rank 0, transport 2
ip-10-247-1-214:58:58 [0] NCCL INFO Connected to proxy localRank 0 -> connection 0x714728004ff8
ip-10-247-1-214:58:122 [0] NCCL INFO Could not get speed from /sys/class/net/ens5/speed. Defaulting to 10 Gbps.
ip-10-247-1-214:58:122 [0] NCCL INFO NET/Socket: Using 4 threads and 4 sockets per thread
ip-10-247-1-214:58:58 [0] NCCL INFO Channel 01/1 : 1[0] -> 0[0] [receive] via NET/Socket/0/Shared
ip-10-247-1-214:58:58 [0] NCCL INFO Initialized NET plugin Socket
ip-10-247-1-214:58:58 [0] NCCL INFO Could not get speed from /sys/class/net/ens5/speed. Defaulting to 10 Gbps.
ip-10-247-1-214:58:58 [0] NCCL INFO Assigned NET plugin Socket to comm
ip-10-247-1-214:58:58 [0] NCCL INFO Failed to initialize any GIN plugin
ip-10-247-1-214:58:58 [0] NCCL INFO Using network Socket
ip-10-247-1-214:58:58 [0] NCCL INFO [Rank 0] ncclCommInitRankConfig comm 0x6060d96706a0 rank 0 nranks 2 cudaDev 0 nvmlDev 0 busId 1e0 commId 0x69f18f112c1cce61 - Init START
ip-10-247-1-214:58:58 [0] NCCL INFO Topology detection : could not read /sys/devices/pci0000:00/0000:00:1e.0/../max_link_speed, ignoring
ip-10-247-1-214:58:58 [0] NCCL INFO Topology detection : could not read /sys/devices/pci0000:00/0000:00:1e.0/../max_link_width, ignoring
ip-10-247-1-214:58:58 [0] NCCL INFO Topology detection : could not read /sys/devices/system/node/node-1/cpumap, ignoring
ip-10-247-1-214:58:58 [0] NCCL INFO TOPO/NET : Importing network plugins to topology
ip-10-247-1-214:58:58 [0] NCCL INFO Could not get speed from /sys/class/net/ens5/speed. Defaulting to 10 Gbps.
ip-10-247-1-214:58:58 [0] NCCL INFO Topology detection : could not read /sys/devices/pci0000:00/0000:00:05.0/../max_link_speed, ignoring
ip-10-247-1-214:58:58 [0] NCCL INFO Topology detection : could not read /sys/devices/pci0000:00/0000:00:05.0/../max_link_width, ignoring
ip-10-247-1-214:58:58 [0] NCCL INFO Topology detection : could not read /sys/devices/system/node/node-1/cpumap, ignoring
ip-10-247-1-214:58:58 [0] NCCL INFO NET/Socket : GPU Direct RDMA Disabled for HCA 0 'ens5'
ip-10-247-1-214:58:58 [0] NCCL INFO ncclTopoPopulateNics : Filled ens5 in topo with pciPath=/sys/devices/pci0000:00/0000:00:05.0 net=1 gin=(null) keep=1 coll=(null)
ip-10-247-1-214:58:58 [0] NCCL INFO KV Convert to int : could not find value of 'Unknown' in dictionary, falling back to 60
ip-10-247-1-214:58:58 [0] NCCL INFO === System : maxBw 1.2 totalBw 24.0 ===
ip-10-247-1-214:58:58 [0] NCCL INFO CPU/0-ffffffffffffff (1/2/-1)
ip-10-247-1-214:58:58 [0] NCCL INFO + PCI[24.0] - GPU/0-1e0 (0)
ip-10-247-1-214:58:58 [0] NCCL INFO + PCI[12.0] - NIC/0-50
ip-10-247-1-214:58:58 [0] NCCL INFO               + NET[1.2] - NET/0-0 (0/0/0/1.250000)
ip-10-247-1-214:58:58 [0] NCCL INFO ==========================================
ip-10-247-1-214:58:58 [0] NCCL INFO GPU/0-1e0 :GPU/0-1e0 (0/5000.0/LOC) CPU/0-ffffffffffffff (1/24.0/PHB) NET/0-0 (3/1.2/PHB) 
ip-10-247-1-214:58:58 [0] NCCL INFO NET/0-0 :GPU/0-1e0 (3/1.2/PHB) CPU/0-ffffffffffffff (2/1.2/PHB) NET/0-0 (0/5000.0/LOC) 
ip-10-247-1-214:58:58 [0] NCCL INFO ncclTopoGetCpuAffinity: Affinity for GPU 0 is empty, ignoring. (GPU affinity =  ; CPU affinity = 0-3).
ip-10-247-1-214:58:58 [0] NCCL INFO Pattern 4, crossNic 0, nChannels 1, bw 1.200000/1.200000, type LOC/PHB, sameChannels 1
ip-10-247-1-214:58:58 [0] NCCL INFO  0 : NET/0-0 GPU/0-1e0 NET/0-0
ip-10-247-1-214:58:58 [0] NCCL INFO Pattern 3, crossNic 0, nChannels 1, bw 2.400000/1.200000, type LOC/PHB, sameChannels 1
ip-10-247-1-214:58:58 [0] NCCL INFO  0 : NET/0-0 GPU/0-1e0 NET/0-0
ip-10-247-1-214:58:58 [0] NCCL INFO Could not get speed from /sys/class/net/ens5/speed. Defaulting to 10 Gbps.
ip-10-247-1-214:58:58 [0] NCCL INFO comm 0x6060d96706a0 rank 0 nRanks 2 nNodes 2 localRanks 1 localRank 0 MNNVL 0
ip-10-247-1-214:58:58 [0] NCCL INFO Tree 0 : -1 -> 0 -> 1/-1/-1
ip-10-247-1-214:58:58 [0] NCCL INFO Tree 1 : 1 -> 0 -> -1/-1/-1
ip-10-247-1-214:58:58 [0] NCCL INFO Channel 00/02 : 0 1
ip-10-247-1-214:58:58 [0] NCCL INFO Channel 01/02 : 0 1
ip-10-247-1-214:58:58 [0] NCCL INFO Ring 00 : 1 -> 0 -> 1
ip-10-247-1-214:58:58 [0] NCCL INFO Ring 01 : 1 -> 0 -> 1
ip-10-247-1-214:58:58 [0] NCCL INFO Trees [0] 1/-1/-1->0->-1 [1] -1/-1/-1->0->1
ip-10-247-1-214:58:58 [0] NCCL INFO P2P Chunksize set to 131072
ip-10-247-1-214:58:58 [0] NCCL INFO Check P2P Type isAllDirectP2p 1 directMode 0 isAllCudaP2p 1
ip-10-247-1-214:58:58 [0] NCCL INFO ncclP2pSchedule: group size used is 1
ip-10-247-1-214:58:134 [0] NCCL INFO [Proxy Service] Device 0 CPU core 0
ip-10-247-1-214:58:135 [0] NCCL INFO [Proxy Service UDS] Device 0 CPU core 0
ip-10-247-1-214:58:58 [0] NCCL INFO threadThresholds 8/8/64 | 16/8/64 | 512 | 512
ip-10-247-1-214:58:58 [0] NCCL INFO 2 coll channels, 2 collnet channels, 0 nvls channels, 2 p2p channels, 1 p2p channels per peer
ip-10-247-1-214:58:58 [0] NCCL INFO Symmetric VA size=24GB
ip-10-247-1-214:58:58 [0] NCCL INFO Symmetric memory is not supported. cuMemEnable 1, globalGinSupport 0, globalNicFused 0 cuMemGdrSupport 1
ip-10-247-1-214:58:58 [0] NCCL INFO CC Off, workFifoBytes 1048576
ip-10-247-1-214:58:58 [0] NCCL INFO ncclCommInitRankConfig comm 0x6060d96706a0 rank 0 nranks 2 cudaDev 0 nvmlDev 0 busId 1e0 commId 0x69f18f112c1cce61 - Init COMPLETE
ip-10-247-1-214:58:58 [0] NCCL INFO Init timings - ncclCommInitRankConfig: rank 0 nranks 2 total 0.20 (kernels 0.00, alloc 0.00, bootstrap 0.20, allgathers 0.00, topo 0.00, graphs 0.00, connections 0.00, rest 0.00)
ip-10-247-1-214:58:134 [0] NCCL INFO New proxy send connection 0 from local rank 0, transport 2
ip-10-247-1-214:58:136 [0] NCCL INFO [Proxy Progress] Device 0 CPU core 3
ip-10-247-1-214:58:58 [0] NCCL INFO Connected to proxy localRank 0 -> connection 0x71471c017430
ip-10-247-1-214:58:134 [0] NCCL INFO Could not get speed from /sys/class/net/ens5/speed. Defaulting to 10 Gbps.
ip-10-247-1-214:58:58 [0] NCCL INFO Channel 01/1 : 0[0] -> 1[0] [send] via NET/Socket/0/Shared
ip-10-247-1-214:58:134 [0] NCCL INFO New proxy recv connection 1 from local rank 0, transport 2
ip-10-247-1-214:58:58 [0] NCCL INFO Connected to proxy localRank 0 -> connection 0x71471c0174b8
ip-10-247-1-214:58:134 [0] NCCL INFO Could not get speed from /sys/class/net/ens5/speed. Defaulting to 10 Gbps.
ip-10-247-1-214:58:134 [0] NCCL INFO NET/Socket: Using 4 threads and 4 sockets per thread
ip-10-247-1-214:58:58 [0] NCCL INFO Channel 01/1 : 1[0] -> 0[0] [receive] via NET/Socket/0/Shared
ip-10-247-1-214:58:58 [0] NCCL INFO comm 0x6060d96706a0 rank 0 nranks 2 cudaDev 0 busId 1e0 - Destroy COMPLETE
ip-10-247-1-214:58:58 [0] NCCL INFO comm 0x6060d93d3d00 rank 0 nranks 2 cudaDev 0 busId 1e0 - Destroy COMPLETE
ip-10-247-1-214:58:58 [0] NCCL INFO comm 0x6060d86d61d0 rank 0 nranks 4 cudaDev 0 busId 1e0 - Destroy COMPLETE
ip-10-247-1-214:58:58 [0] NCCL INFO comm 0x6060d455e280 rank 0 nranks 2 cudaDev 0 busId 1e0 - Destroy COMPLETE
ip-10-247-1-214:58:58 [0] NCCL INFO ENV/Plugin: Closing env plugin ncclEnvDefault
